Archive member included because of file (symbol)

c:/program files (x86)/atollic/truestudio for arm 5.4.2/armtools/bin/../lib/gcc/arm-atollic-eabi/4.8.3/../../../../arm-atollic-eabi/lib/armv7-m\libc.a(lib_a-init.o)
                              Application\TrueSTUDIO\startup_stm32f103xb.o (__libc_init_array)

Allocating common symbols
Common symbol       size              file

ri_fr               0x4               Application\User\stm32f1xx_it.o
path                0x100             Application\User\main.o
j                   0x1               Application\User\main.o
hspi2               0x58              Application\User\main.o
derivative          0x4               fun\jazda.o
htim4               0x3c              Application\User\main.o
hdma_usart3_rx      0x38              Application\User\main.o
huart3              0x40              Application\User\main.o
hi2c1               0x3c              Application\User\main.o
le_back             0x4               Application\User\stm32f1xx_it.o
le_fr               0x4               Application\User\stm32f1xx_it.o
ri_back             0x4               Application\User\stm32f1xx_it.o
hdma_usart3_tx      0x38              Application\User\main.o
pFlash              0x20              Drivers\STM32F1xx_HAL_Driver\stm32f1xx_hal_flash.o
rig_back            0x4               fun\jazda.o
Min3                0xc               fun\jazda.o
Transmit            0x1               fun\jazda.o
htim3               0x3c              Application\User\main.o
rot_vel             0x4               Application\User\main.o
regulator           0x4               fun\jazda.o
hadc1               0x30              Application\User\main.o
change_wall         0x1               Application\User\main.o
lef_back            0x4               fun\jazda.o
i                   0x1               Application\User\main.o
test                0x4               fun\jazda.o
MinMax              0x18              fun\jazda.o
hdma_adc1           0x38              Application\User\main.o
hrtc                0x14              Application\User\main.o
rig_fr              0x4               fun\jazda.o
Max3                0xc               fun\jazda.o
RxBuffer            0x8               fun\jazda.o
htim1               0x3c              Application\User\main.o
SensorTab           0x78              Application\User\main.o
change_wall_1       0x1               Application\User\main.o
TxBuffer            0x22              fun\jazda.o
test2               0x4               fun\jazda.o
error               0x4               fun\jazda.o
cell                0x144             Application\User\main.o
speed               0x8               Application\User\main.o
lef_fr              0x4               fun\jazda.o
htim2               0x3c              Application\User\main.o
propocjonal         0x4               fun\jazda.o
walls               0x144             Application\User\main.o
test3               0x14              fun\jazda.o
integral            0x4               fun\jazda.o
adcData             0xc               fun\jazda.o
error2              0x4               fun\jazda.o

Discarded input sections

 .text          0x00000000        0x0 c:/program files (x86)/atollic/truestudio for arm 5.4.2/armtools/bin/../lib/gcc/arm-atollic-eabi/4.8.3/armv7-m/crti.o
 .data          0x00000000        0x0 c:/program files (x86)/atollic/truestudio for arm 5.4.2/armtools/bin/../lib/gcc/arm-atollic-eabi/4.8.3/armv7-m/crti.o
 .bss           0x00000000        0x0 c:/program files (x86)/atollic/truestudio for arm 5.4.2/armtools/bin/../lib/gcc/arm-atollic-eabi/4.8.3/armv7-m/crti.o
 .data          0x00000000        0x4 c:/program files (x86)/atollic/truestudio for arm 5.4.2/armtools/bin/../lib/gcc/arm-atollic-eabi/4.8.3/armv7-m/crtbegin.o
 .text          0x00000000        0x0 fun\jazda.o
 .data          0x00000000        0x0 fun\jazda.o
 .bss           0x00000000        0x0 fun\jazda.o
 .text.align    0x00000000       0x14 fun\jazda.o
 .text.abs      0x00000000       0x24 fun\jazda.o
 .text          0x00000000        0x0 Drivers\STM32F1xx_HAL_Driver\stm32f1xx_hal_uart.o
 .data          0x00000000        0x0 Drivers\STM32F1xx_HAL_Driver\stm32f1xx_hal_uart.o
 .bss           0x00000000        0x0 Drivers\STM32F1xx_HAL_Driver\stm32f1xx_hal_uart.o
 .text.HAL_HalfDuplex_Init
                0x00000000       0xa4 Drivers\STM32F1xx_HAL_Driver\stm32f1xx_hal_uart.o
 .text.HAL_LIN_Init
                0x00000000       0xb8 Drivers\STM32F1xx_HAL_Driver\stm32f1xx_hal_uart.o
 .text.HAL_MultiProcessor_Init
                0x00000000       0xc0 Drivers\STM32F1xx_HAL_Driver\stm32f1xx_hal_uart.o
 .text.HAL_UART_DeInit
                0x00000000       0x68 Drivers\STM32F1xx_HAL_Driver\stm32f1xx_hal_uart.o
 .text.HAL_UART_MspInit
                0x00000000       0x14 Drivers\STM32F1xx_HAL_Driver\stm32f1xx_hal_uart.o
 .text.HAL_UART_MspDeInit
                0x00000000       0x14 Drivers\STM32F1xx_HAL_Driver\stm32f1xx_hal_uart.o
 .text.HAL_UART_Transmit
[...]
Memory Configuration

Name             Origin             Length             Attributes
FLASH            0x08000000         0x00020000         xr
RAM              0x20000000         0x00005000         xrw
*default*        0x00000000         0xffffffff

Linker script and memory map

LOAD c:/program files (x86)/atollic/truestudio for arm 5.4.2/armtools/bin/../lib/gcc/arm-atollic-eabi/4.8.3/armv7-m/crti.o
LOAD c:/program files (x86)/atollic/truestudio for arm 5.4.2/armtools/bin/../lib/gcc/arm-atollic-eabi/4.8.3/armv7-m/crtbegin.o
LOAD fun\jazda.o
LOAD Drivers\STM32F1xx_HAL_Driver\stm32f1xx_hal_uart.o
LOAD Drivers\STM32F1xx_HAL_Driver\stm32f1xx_hal_tim_ex.o
LOAD Drivers\STM32F1xx_HAL_Driver\stm32f1xx_hal_tim.o
LOAD Drivers\STM32F1xx_HAL_Driver\stm32f1xx_hal_spi_ex.o
LOAD Drivers\STM32F1xx_HAL_Driver\stm32f1xx_hal_spi.o
LOAD Drivers\STM32F1xx_HAL_Driver\stm32f1xx_hal_rtc_ex.o
LOAD Drivers\STM32F1xx_HAL_Driver\stm32f1xx_hal_rtc.o
LOAD Drivers\STM32F1xx_HAL_Driver\stm32f1xx_hal_rcc_ex.o
LOAD Drivers\STM32F1xx_HAL_Driver\stm32f1xx_hal_rcc.o
LOAD Drivers\STM32F1xx_HAL_Driver\stm32f1xx_hal_pwr.o
LOAD Drivers\STM32F1xx_HAL_Driver\stm32f1xx_hal_i2c.o
LOAD Drivers\STM32F1xx_HAL_Driver\stm32f1xx_hal_gpio_ex.o
LOAD Drivers\STM32F1xx_HAL_Driver\stm32f1xx_hal_gpio.o
LOAD Drivers\STM32F1xx_HAL_Driver\stm32f1xx_hal_flash_ex.o
LOAD Drivers\STM32F1xx_HAL_Driver\stm32f1xx_hal_flash.o
LOAD Drivers\STM32F1xx_HAL_Driver\stm32f1xx_hal_dma.o
LOAD Drivers\STM32F1xx_HAL_Driver\stm32f1xx_hal_cortex.o
LOAD Drivers\STM32F1xx_HAL_Driver\stm32f1xx_hal_adc_ex.o
LOAD Drivers\STM32F1xx_HAL_Driver\stm32f1xx_hal_adc.o
LOAD Drivers\STM32F1xx_HAL_Driver\stm32f1xx_hal.o
LOAD Drivers\CMSIS\system_stm32f1xx.o
LOAD Application\User\stm32f1xx_it.o
LOAD Application\User\stm32f1xx_hal_msp.o
LOAD Application\User\main.o
LOAD Application\TrueSTUDIO\startup_stm32f103xb.o
START GROUP
LOAD c:/program files (x86)/atollic/truestudio for arm 5.4.2/armtools/bin/../lib/gcc/arm-atollic-eabi/4.8.3/../../../../arm-atollic-eabi/lib/armv7-m\libc.a
LOAD c:/program files (x86)/atollic/truestudio for arm 5.4.2/armtools/bin/../lib/gcc/arm-atollic-eabi/4.8.3/../../../../arm-atollic-eabi/lib/armv7-m\libm.a
END GROUP
                0x00001000                malloc_getpagesize_P = 0x1000
START GROUP
LOAD c:/program files (x86)/atollic/truestudio for arm 5.4.2/armtools/bin/../lib/gcc/arm-atollic-eabi/4.8.3/armv7-m\libgcc.a
LOAD c:/program files (x86)/atollic/truestudio for arm 5.4.2/armtools/bin/../lib/gcc/arm-atollic-eabi/4.8.3/../../../../arm-atollic-eabi/lib/armv7-m\libc.a
END GROUP
LOAD c:/program files (x86)/atollic/truestudio for arm 5.4.2/armtools/bin/../lib/gcc/arm-atollic-eabi/4.8.3/armv7-m/crtend.o
LOAD c:/program files (x86)/atollic/truestudio for arm 5.4.2/armtools/bin/../lib/gcc/arm-atollic-eabi/4.8.3/armv7-m/crtn.o
                0x20005000                _estack = 0x20005000
                0x00000000                _Min_Heap_Size = 0x0
                0x00000400                _Min_Stack_Size = 0x400

.isr_vector     0x08000000      0x10c
                0x08000000                . = ALIGN (0x4)
 *(.isr_vector)
 .isr_vector    0x08000000      0x10c Application\TrueSTUDIO\startup_stm32f103xb.o
                0x08000000                g_pfnVectors
                0x0800010c                . = ALIGN (0x4)

.text           0x0800010c     0x8ed4
                0x0800010c                . = ALIGN (0x4)
 *(.text)
 .text          0x0800010c       0x40 c:/program files (x86)/atollic/truestudio for arm 5.4.2/armtools/bin/../lib/gcc/arm-atollic-eabi/4.8.3/armv7-m/crtbegin.o
 *(.text*)
 .text.rotary   0x0800014c      0x1d4 fun\jazda.o
                0x0800014c                rotary
 .text.drive    0x08000320      0x3f4 fun\jazda.o
                0x08000320                drive
 .text.istarget
                0x08000714       0xbc fun\jazda.o
                0x08000714                istarget
 .text.findPath
                0x080007d0       0xcc fun\jazda.o
                0x080007d0                findPath
 .text.readPath
                0x0800089c       0x58 fun\jazda.o
                0x0800089c                readPath
 .text.set      0x080008f4       0xb0 fun\jazda.o
                0x080008f4                set
 .text.rstdrive
                0x080009a4       0x4c fun\jazda.o
                0x080009a4                rstdrive
 .text.mapCell  0x080009f0      0x4b8 fun\jazda.o
                0x080009f0                mapCell
 .text.highestNeighbourCell
                0x08000ea8      0x22c fun\jazda.o
                0x08000ea8                highestNeighbourCell
 .text.lowestNeighbourCell
                0x080010d4      0x2c0 fun\jazda.o
                0x080010d4                lowestNeighbourCell
 .text.flood    0x08001394      0x230 fun\jazda.o
                0x08001394                flood
 .text.Send_Gyro
                0x080015c4       0x34 fun\jazda.o
                0x080015c4                Send_Gyro
 .text.Read_Gyro
                0x080015f8       0x48 fun\jazda.o
                0x080015f8                Read_Gyro
 .text.Read_AXIS
                0x08001640       0x54 fun\jazda.o
                0x08001640                Read_AXIS
 .text.calibration
                0x08001694      0x270 fun\jazda.o
                0x08001694                calibration
 .text.HAL_UART_Init
                0x08001904       0x94 Drivers\STM32F1xx_HAL_Driver\stm32f1xx_hal_uart.o
                0x08001904                HAL_UART_Init
 .text.HAL_UART_Transmit_DMA
                0x08001998       0xf4 Drivers\STM32F1xx_HAL_Driver\stm32f1xx_hal_uart.o
                0x08001998                HAL_UART_Transmit_DMA
 .text.HAL_UART_Receive_DMA
                0x08001a8c       0xe4 Drivers\STM32F1xx_HAL_Driver\stm32f1xx_hal_uart.o
                0x08001a8c                HAL_UART_Receive_DMA
 .text.HAL_UART_IRQHandler
                0x08001b70      0x1e0 Drivers\STM32F1xx_HAL_Driver\stm32f1xx_hal_uart.o
                0x08001b70                HAL_UART_IRQHandler
 .text.HAL_UART_TxCpltCallback
                0x08001d50       0x14 Drivers\STM32F1xx_HAL_Driver\stm32f1xx_hal_uart.o
                0x08001d50                HAL_UART_TxCpltCallback
 .text.HAL_UART_TxHalfCpltCallback
                0x08001d64       0x14 Drivers\STM32F1xx_HAL_Driver\stm32f1xx_hal_uart.o
                0x08001d64                HAL_UART_TxHalfCpltCallback
 .text.HAL_UART_RxCpltCallback
                0x08001d78       0x14 Drivers\STM32F1xx_HAL_Driver\stm32f1xx_hal_uart.o
                0x08001d78                HAL_UART_RxCpltCallback
 .text.HAL_UART_RxHalfCpltCallback
                0x08001d8c       0x14 Drivers\STM32F1xx_HAL_Driver\stm32f1xx_hal_uart.o
                0x08001d8c                HAL_UART_RxHalfCpltCallback
 .text.HAL_UART_ErrorCallback
                0x08001da0       0x14 Drivers\STM32F1xx_HAL_Driver\stm32f1xx_hal_uart.o
                0x08001da0                HAL_UART_ErrorCallback
 .text.UART_DMATransmitCplt
                0x08001db4       0x50 Drivers\STM32F1xx_HAL_Driver\stm32f1xx_hal_uart.o
 .text.UART_DMATxHalfCplt
                0x08001e04       0x1c Drivers\STM32F1xx_HAL_Driver\stm32f1xx_hal_uart.o
 .text.UART_DMAReceiveCplt
                0x08001e20       0x5c Drivers\STM32F1xx_HAL_Driver\stm32f1xx_hal_uart.o
 .text.UART_DMARxHalfCplt
                0x08001e7c       0x1c Drivers\STM32F1xx_HAL_Driver\stm32f1xx_hal_uart.o
 .text.UART_DMAError
                0x08001e98       0x3c Drivers\STM32F1xx_HAL_Driver\stm32f1xx_hal_uart.o
 .text.UART_Transmit_IT
                0x08001ed4       0xb8 Drivers\STM32F1xx_HAL_Driver\stm32f1xx_hal_uart.o
 .text.UART_EndTransmit_IT
                0x08001f8c       0x58 Drivers\STM32F1xx_HAL_Driver\stm32f1xx_hal_uart.o
 .text.UART_Receive_IT
                0x08001fe4      0x128 Drivers\STM32F1xx_HAL_Driver\stm32f1xx_hal_uart.o
 .text.UART_SetConfig
                0x0800210c      0x180 Drivers\STM32F1xx_HAL_Driver\stm32f1xx_hal_uart.o
 .text.HAL_TIMEx_ConfigBreakDeadTime
                0x0800228c       0x74 Drivers\STM32F1xx_HAL_Driver\stm32f1xx_hal_tim_ex.o
                0x0800228c                HAL_TIMEx_ConfigBreakDeadTime
 .text.HAL_TIMEx_MasterConfigSynchronization
                0x08002300       0x8c Drivers\STM32F1xx_HAL_Driver\stm32f1xx_hal_tim_ex.o
                0x08002300                HAL_TIMEx_MasterConfigSynchronization
 .text.HAL_TIMEx_CommutationCallback
                0x0800238c       0x14 Drivers\STM32F1xx_HAL_Driver\stm32f1xx_hal_tim_ex.o
                0x0800238c                HAL_TIMEx_CommutationCallback
 .text.HAL_TIMEx_BreakCallback
                0x080023a0       0x14 Drivers\STM32F1xx_HAL_Driver\stm32f1xx_hal_tim_ex.o
                0x080023a0                HAL_TIMEx_BreakCallback
 .text.HAL_TIM_Base_Init
                0x080023b4       0x58 Drivers\STM32F1xx_HAL_Driver\stm32f1xx_hal_tim.o
                0x080023b4                HAL_TIM_Base_Init
 .text.HAL_TIM_Base_Start
                0x0800240c       0x38 Drivers\STM32F1xx_HAL_Driver\stm32f1xx_hal_tim.o
                0x0800240c                HAL_TIM_Base_Start
 .text.HAL_TIM_Base_Start_IT
                0x08002444       0x38 Drivers\STM32F1xx_HAL_Driver\stm32f1xx_hal_tim.o
                0x08002444                HAL_TIM_Base_Start_IT
 .text.HAL_TIM_Base_Stop_IT
                0x0800247c       0x58 Drivers\STM32F1xx_HAL_Driver\stm32f1xx_hal_tim.o
                0x0800247c                HAL_TIM_Base_Stop_IT
 .text.HAL_TIM_PWM_Init
                0x080024d4       0x58 Drivers\STM32F1xx_HAL_Driver\stm32f1xx_hal_tim.o
                0x080024d4                HAL_TIM_PWM_Init
 .text.HAL_TIM_PWM_MspInit
                0x0800252c       0x14 Drivers\STM32F1xx_HAL_Driver\stm32f1xx_hal_tim.o
                0x0800252c                HAL_TIM_PWM_MspInit
 .text.HAL_TIM_PWM_Start
                0x08002540       0x50 Drivers\STM32F1xx_HAL_Driver\stm32f1xx_hal_tim.o
                0x08002540                HAL_TIM_PWM_Start
 .text.HAL_TIM_Encoder_Init
                0x08002590      0x12c Drivers\STM32F1xx_HAL_Driver\stm32f1xx_hal_tim.o
                0x08002590                HAL_TIM_Encoder_Init
 .text.HAL_TIM_Encoder_Start
                0x080026bc       0x70 Drivers\STM32F1xx_HAL_Driver\stm32f1xx_hal_tim.o
                0x080026bc                HAL_TIM_Encoder_Start
 .text.HAL_TIM_IRQHandler
                0x0800272c      0x210 Drivers\STM32F1xx_HAL_Driver\stm32f1xx_hal_tim.o
                0x0800272c                HAL_TIM_IRQHandler
 .text.HAL_TIM_PWM_ConfigChannel
                0x0800293c      0x18c Drivers\STM32F1xx_HAL_Driver\stm32f1xx_hal_tim.o
                0x0800293c                HAL_TIM_PWM_ConfigChannel
 .text.HAL_TIM_ConfigClockSource
                0x08002ac8      0x1c4 Drivers\STM32F1xx_HAL_Driver\stm32f1xx_hal_tim.o
                0x08002ac8                HAL_TIM_ConfigClockSource
 .text.HAL_TIM_PeriodElapsedCallback
                0x08002c8c       0x14 Drivers\STM32F1xx_HAL_Driver\stm32f1xx_hal_tim.o
                0x08002c8c                HAL_TIM_PeriodElapsedCallback
 .text.HAL_TIM_OC_DelayElapsedCallback
                0x08002ca0       0x14 Drivers\STM32F1xx_HAL_Driver\stm32f1xx_hal_tim.o
                0x08002ca0                HAL_TIM_OC_DelayElapsedCallback
 .text.HAL_TIM_IC_CaptureCallback
                0x08002cb4       0x14 Drivers\STM32F1xx_HAL_Driver\stm32f1xx_hal_tim.o
                0x08002cb4                HAL_TIM_IC_CaptureCallback
 .text.HAL_TIM_PWM_PulseFinishedCallback
                0x08002cc8       0x14 Drivers\STM32F1xx_HAL_Driver\stm32f1xx_hal_tim.o
                0x08002cc8                HAL_TIM_PWM_PulseFinishedCallback
 .text.HAL_TIM_TriggerCallback
                0x08002cdc       0x14 Drivers\STM32F1xx_HAL_Driver\stm32f1xx_hal_tim.o
                0x08002cdc                HAL_TIM_TriggerCallback
 .text.TIM_Base_SetConfig
                0x08002cf0       0xbc Drivers\STM32F1xx_HAL_Driver\stm32f1xx_hal_tim.o
                0x08002cf0                TIM_Base_SetConfig
 .text.TIM_OC1_SetConfig
                0x08002dac       0xd8 Drivers\STM32F1xx_HAL_Driver\stm32f1xx_hal_tim.o
 .text.TIM_OC2_SetConfig
                0x08002e84       0xe0 Drivers\STM32F1xx_HAL_Driver\stm32f1xx_hal_tim.o
                0x08002e84                TIM_OC2_SetConfig
 .text.TIM_OC3_SetConfig
                0x08002f64       0xe0 Drivers\STM32F1xx_HAL_Driver\stm32f1xx_hal_tim.o
 .text.TIM_OC4_SetConfig
                0x08003044       0xa8 Drivers\STM32F1xx_HAL_Driver\stm32f1xx_hal_tim.o
 .text.TIM_TI1_ConfigInputStage
                0x080030ec       0x64 Drivers\STM32F1xx_HAL_Driver\stm32f1xx_hal_tim.o
 .text.TIM_TI2_ConfigInputStage
                0x08003150       0x68 Drivers\STM32F1xx_HAL_Driver\stm32f1xx_hal_tim.o
 .text.TIM_ITRx_SetConfig
                0x080031b8       0x3c Drivers\STM32F1xx_HAL_Driver\stm32f1xx_hal_tim.o
 .text.TIM_ETR_SetConfig
                0x080031f4       0x44 Drivers\STM32F1xx_HAL_Driver\stm32f1xx_hal_tim.o
 .text.TIM_CCxChannelCmd
                0x08003238       0x44 Drivers\STM32F1xx_HAL_Driver\stm32f1xx_hal_tim.o
                0x08003238                TIM_CCxChannelCmd
 .text.HAL_SPI_Init
                0x0800327c       0xcc Drivers\STM32F1xx_HAL_Driver\stm32f1xx_hal_spi_ex.o
                0x0800327c                HAL_SPI_Init
 .text.HAL_RTC_Init
                0x08003348      0x12c Drivers\STM32F1xx_HAL_Driver\stm32f1xx_hal_rtc.o
                0x08003348                HAL_RTC_Init
 .text.HAL_RTC_SetTime
                0x08003474      0x12c Drivers\STM32F1xx_HAL_Driver\stm32f1xx_hal_rtc.o
                0x08003474                HAL_RTC_SetTime
 .text.HAL_RTC_SetDate
                0x080035a0      0x170 Drivers\STM32F1xx_HAL_Driver\stm32f1xx_hal_rtc.o
                0x080035a0                HAL_RTC_SetDate
 .text.HAL_RTC_WaitForSynchro
                0x08003710       0x5c Drivers\STM32F1xx_HAL_Driver\stm32f1xx_hal_rtc.o
                0x08003710                HAL_RTC_WaitForSynchro
 .text.RTC_ReadTimeCounter
                0x0800376c       0x64 Drivers\STM32F1xx_HAL_Driver\stm32f1xx_hal_rtc.o
 .text.RTC_WriteTimeCounter
                0x080037d0       0x50 Drivers\STM32F1xx_HAL_Driver\stm32f1xx_hal_rtc.o
 .text.RTC_ReadAlarmCounter
                0x08003820       0x34 Drivers\STM32F1xx_HAL_Driver\stm32f1xx_hal_rtc.o
 .text.RTC_WriteAlarmCounter
                0x08003854       0x50 Drivers\STM32F1xx_HAL_Driver\stm32f1xx_hal_rtc.o
 .text.RTC_EnterInitMode
                0x080038a4       0x50 Drivers\STM32F1xx_HAL_Driver\stm32f1xx_hal_rtc.o
 .text.RTC_ExitInitMode
                0x080038f4       0x50 Drivers\STM32F1xx_HAL_Driver\stm32f1xx_hal_rtc.o
 .text.RTC_Bcd2ToByte
                0x08003944       0x3c Drivers\STM32F1xx_HAL_Driver\stm32f1xx_hal_rtc.o
 .text.RTC_WeekDayNum
                0x08003980      0x100 Drivers\STM32F1xx_HAL_Driver\stm32f1xx_hal_rtc.o
 .text.HAL_RCCEx_PeriphCLKConfig
                0x08003a80      0x1dc Drivers\STM32F1xx_HAL_Driver\stm32f1xx_hal_rcc_ex.o
                0x08003a80                HAL_RCCEx_PeriphCLKConfig
 .text.HAL_RCCEx_GetPeriphCLKFreq
                0x08003c5c      0x1c4 Drivers\STM32F1xx_HAL_Driver\stm32f1xx_hal_rcc_ex.o
                0x08003c5c                HAL_RCCEx_GetPeriphCLKFreq
 .text.HAL_RCC_OscConfig
                0x08003e20     0x1018 Drivers\STM32F1xx_HAL_Driver\stm32f1xx_hal_rcc.o
                0x08003e20                HAL_RCC_OscConfig
 .text.HAL_RCC_ClockConfig
                0x08004e38      0x5e0 Drivers\STM32F1xx_HAL_Driver\stm32f1xx_hal_rcc.o
                0x08004e38                HAL_RCC_ClockConfig
 .text.HAL_RCC_GetSysClockFreq
                0x08005418       0xf4 Drivers\STM32F1xx_HAL_Driver\stm32f1xx_hal_rcc.o
                0x08005418                HAL_RCC_GetSysClockFreq
 .text.HAL_RCC_GetHCLKFreq
                0x0800550c       0x4c Drivers\STM32F1xx_HAL_Driver\stm32f1xx_hal_rcc.o
                0x0800550c                HAL_RCC_GetHCLKFreq
 .text.HAL_RCC_GetPCLK1Freq
                0x08005558       0x44 Drivers\STM32F1xx_HAL_Driver\stm32f1xx_hal_rcc.o
                0x08005558                HAL_RCC_GetPCLK1Freq
 .text.HAL_RCC_GetPCLK2Freq
                0x0800559c       0x44 Drivers\STM32F1xx_HAL_Driver\stm32f1xx_hal_rcc.o
                0x0800559c                HAL_RCC_GetPCLK2Freq
 .text.HAL_PWR_EnableBkUpAccess
                0x080055e0       0x34 Drivers\STM32F1xx_HAL_Driver\stm32f1xx_hal_pwr.o
                0x080055e0                HAL_PWR_EnableBkUpAccess
 .text.HAL_I2C_Init
                0x08005614      0x104 Drivers\STM32F1xx_HAL_Driver\stm32f1xx_hal_i2c.o
                0x08005614                HAL_I2C_Init
 .text.HAL_I2C_Master_Transmit
                0x08005718      0x168 Drivers\STM32F1xx_HAL_Driver\stm32f1xx_hal_i2c.o
                0x08005718                HAL_I2C_Master_Transmit
 .text.HAL_I2C_Master_Receive
                0x08005880      0x31c Drivers\STM32F1xx_HAL_Driver\stm32f1xx_hal_i2c.o
                0x08005880                HAL_I2C_Master_Receive
 .text.I2C_MasterRequestWrite
                0x08005b9c       0xc4 Drivers\STM32F1xx_HAL_Driver\stm32f1xx_hal_i2c.o
 .text.I2C_MasterRequestRead
                0x08005c60      0x144 Drivers\STM32F1xx_HAL_Driver\stm32f1xx_hal_i2c.o
 .text.I2C_Configure_Speed
                0x08005da4       0x9c Drivers\STM32F1xx_HAL_Driver\stm32f1xx_hal_i2c.o
 .text.I2C_WaitOnFlagUntilTimeout
                0x08005e40      0x114 Drivers\STM32F1xx_HAL_Driver\stm32f1xx_hal_i2c.o
 .text.I2C_WaitOnMasterAddressFlagUntilTimeout
                0x08005f54       0xdc Drivers\STM32F1xx_HAL_Driver\stm32f1xx_hal_i2c.o
 .text.HAL_GPIO_Init
                0x08006030      0x2bc Drivers\STM32F1xx_HAL_Driver\stm32f1xx_hal_gpio.o
                0x08006030                HAL_GPIO_Init
 .text.HAL_GPIO_WritePin
                0x080062ec       0x30 Drivers\STM32F1xx_HAL_Driver\stm32f1xx_hal_gpio.o
                0x080062ec                HAL_GPIO_WritePin
 .text.HAL_GPIO_EXTI_IRQHandler
                0x0800631c       0x30 Drivers\STM32F1xx_HAL_Driver\stm32f1xx_hal_gpio.o
                0x0800631c                HAL_GPIO_EXTI_IRQHandler
 .text.HAL_GPIO_EXTI_Callback
                0x0800634c       0x14 Drivers\STM32F1xx_HAL_Driver\stm32f1xx_hal_gpio.o
                0x0800634c                HAL_GPIO_EXTI_Callback
 .text.HAL_DMA_Init
                0x08006360       0x98 Drivers\STM32F1xx_HAL_Driver\stm32f1xx_hal_dma.o
                0x08006360                HAL_DMA_Init
 .text.HAL_DMA_Start_IT
                0x080063f8       0x94 Drivers\STM32F1xx_HAL_Driver\stm32f1xx_hal_dma.o
                0x080063f8                HAL_DMA_Start_IT
 .text.HAL_DMA_IRQHandler
                0x0800648c      0x3dc Drivers\STM32F1xx_HAL_Driver\stm32f1xx_hal_dma.o
                0x0800648c                HAL_DMA_IRQHandler
 .text.DMA_SetConfig
                0x08006868       0x4c Drivers\STM32F1xx_HAL_Driver\stm32f1xx_hal_dma.o
 .text.NVIC_SetPriorityGrouping
                0x080068b4       0x48 Drivers\STM32F1xx_HAL_Driver\stm32f1xx_hal_cortex.o
 .text.NVIC_GetPriorityGrouping
                0x080068fc       0x1c Drivers\STM32F1xx_HAL_Driver\stm32f1xx_hal_cortex.o
 .text.NVIC_EnableIRQ
                0x08006918       0x30 Drivers\STM32F1xx_HAL_Driver\stm32f1xx_hal_cortex.o
 .text.NVIC_SetPriority
                0x08006948       0x54 Drivers\STM32F1xx_HAL_Driver\stm32f1xx_hal_cortex.o
 .text.NVIC_EncodePriority
                0x0800699c       0x64 Drivers\STM32F1xx_HAL_Driver\stm32f1xx_hal_cortex.o
 .text.SysTick_Config
                0x08006a00       0x44 Drivers\STM32F1xx_HAL_Driver\stm32f1xx_hal_cortex.o
 .text.HAL_NVIC_SetPriorityGrouping
                0x08006a44       0x14 Drivers\STM32F1xx_HAL_Driver\stm32f1xx_hal_cortex.o
                0x08006a44                HAL_NVIC_SetPriorityGrouping
 .text.HAL_NVIC_SetPriority
                0x08006a58       0x38 Drivers\STM32F1xx_HAL_Driver\stm32f1xx_hal_cortex.o
                0x08006a58                HAL_NVIC_SetPriority
 .text.HAL_NVIC_EnableIRQ
                0x08006a90       0x1c Drivers\STM32F1xx_HAL_Driver\stm32f1xx_hal_cortex.o
                0x08006a90                HAL_NVIC_EnableIRQ
 .text.HAL_SYSTICK_Config
                0x08006aac       0x18 Drivers\STM32F1xx_HAL_Driver\stm32f1xx_hal_cortex.o
                0x08006aac                HAL_SYSTICK_Config
 .text.HAL_SYSTICK_CLKSourceConfig
                0x08006ac4       0x38 Drivers\STM32F1xx_HAL_Driver\stm32f1xx_hal_cortex.o
                0x08006ac4                HAL_SYSTICK_CLKSourceConfig
 .text.HAL_SYSTICK_IRQHandler
                0x08006afc        0xc Drivers\STM32F1xx_HAL_Driver\stm32f1xx_hal_cortex.o
                0x08006afc                HAL_SYSTICK_IRQHandler
 .text.HAL_SYSTICK_Callback
                0x08006b08        0xc Drivers\STM32F1xx_HAL_Driver\stm32f1xx_hal_cortex.o
                0x08006b08                HAL_SYSTICK_Callback
 .text.HAL_ADCEx_Calibration_Start
                0x08006b14      0x138 Drivers\STM32F1xx_HAL_Driver\stm32f1xx_hal_adc_ex.o
                0x08006b14                HAL_ADCEx_Calibration_Start
 .text.HAL_ADC_Init
                0x08006c4c      0x1ec Drivers\STM32F1xx_HAL_Driver\stm32f1xx_hal_adc.o
                0x08006c4c                HAL_ADC_Init
 .text.HAL_ADC_Start
                0x08006e38      0x160 Drivers\STM32F1xx_HAL_Driver\stm32f1xx_hal_adc.o
                0x08006e38                HAL_ADC_Start
 .text.HAL_ADC_Start_DMA
                0x08006f98      0x1c4 Drivers\STM32F1xx_HAL_Driver\stm32f1xx_hal_adc.o
                0x08006f98                HAL_ADC_Start_DMA
 .text.HAL_ADC_ConvCpltCallback
                0x0800715c       0x14 Drivers\STM32F1xx_HAL_Driver\stm32f1xx_hal_adc.o
                0x0800715c                HAL_ADC_ConvCpltCallback
 .text.HAL_ADC_ConvHalfCpltCallback
                0x08007170       0x14 Drivers\STM32F1xx_HAL_Driver\stm32f1xx_hal_adc.o
                0x08007170                HAL_ADC_ConvHalfCpltCallback
 .text.HAL_ADC_ErrorCallback
                0x08007184       0x14 Drivers\STM32F1xx_HAL_Driver\stm32f1xx_hal_adc.o
                0x08007184                HAL_ADC_ErrorCallback
 .text.HAL_ADC_ConfigChannel
                0x08007198      0x2a4 Drivers\STM32F1xx_HAL_Driver\stm32f1xx_hal_adc.o
                0x08007198                HAL_ADC_ConfigChannel
 .text.ADC_Enable
                0x0800743c       0xa4 Drivers\STM32F1xx_HAL_Driver\stm32f1xx_hal_adc.o
                0x0800743c                ADC_Enable
 .text.ADC_ConversionStop_Disable
                0x080074e0       0x74 Drivers\STM32F1xx_HAL_Driver\stm32f1xx_hal_adc.o
                0x080074e0                ADC_ConversionStop_Disable
 .text.ADC_DMAConvCplt
                0x08007554       0x7c Drivers\STM32F1xx_HAL_Driver\stm32f1xx_hal_adc.o
                0x08007554                ADC_DMAConvCplt
 .text.ADC_DMAHalfConvCplt
                0x080075d0       0x1c Drivers\STM32F1xx_HAL_Driver\stm32f1xx_hal_adc.o
                0x080075d0                ADC_DMAHalfConvCplt
 .text.ADC_DMAError
                0x080075ec       0x34 Drivers\STM32F1xx_HAL_Driver\stm32f1xx_hal_adc.o
                0x080075ec                ADC_DMAError
 .text.HAL_Init
                0x08007620       0x2c Drivers\STM32F1xx_HAL_Driver\stm32f1xx_hal.o
                0x08007620                HAL_Init
 .text.HAL_InitTick
                0x0800764c       0x38 Drivers\STM32F1xx_HAL_Driver\stm32f1xx_hal.o
                0x0800764c                HAL_InitTick
 .text.HAL_IncTick
                0x08007684       0x1c Drivers\STM32F1xx_HAL_Driver\stm32f1xx_hal.o
                0x08007684                HAL_IncTick
 .text.HAL_GetTick
                0x080076a0       0x18 Drivers\STM32F1xx_HAL_Driver\stm32f1xx_hal.o
                0x080076a0                HAL_GetTick
 .text.HAL_Delay
                0x080076b8       0x2c Drivers\STM32F1xx_HAL_Driver\stm32f1xx_hal.o
                0x080076b8                HAL_Delay
 .text.SystemInit
                0x080076e4       0x68 Drivers\CMSIS\system_stm32f1xx.o
                0x080076e4                SystemInit
 .text.NVIC_SystemReset
                0x0800774c       0x28 Application\User\stm32f1xx_it.o
 .text.SysTick_Handler
                0x08007774       0x58 Application\User\stm32f1xx_it.o
                0x08007774                SysTick_Handler
 .text.DMA1_Channel1_IRQHandler
                0x080077cc       0x8c Application\User\stm32f1xx_it.o
                0x080077cc                DMA1_Channel1_IRQHandler
 .text.DMA1_Channel2_IRQHandler
                0x08007858      0x214 Application\User\stm32f1xx_it.o
                0x08007858                DMA1_Channel2_IRQHandler
 .text.DMA1_Channel3_IRQHandler
                0x08007a6c       0xd8 Application\User\stm32f1xx_it.o
                0x08007a6c                DMA1_Channel3_IRQHandler
 .text.TIM4_IRQHandler
                0x08007b44      0x708 Application\User\stm32f1xx_it.o
                0x08007b44                TIM4_IRQHandler
 .text.USART3_IRQHandler
                0x0800824c       0x10 Application\User\stm32f1xx_it.o
                0x0800824c                USART3_IRQHandler
 .text.EXTI15_10_IRQHandler
                0x0800825c       0x28 Application\User\stm32f1xx_it.o
                0x0800825c                EXTI15_10_IRQHandler
 .text.HAL_MspInit
                0x08008284       0x50 Application\User\stm32f1xx_hal_msp.o
                0x08008284                HAL_MspInit
 .text.HAL_ADC_MspInit
                0x080082d4       0xd0 Application\User\stm32f1xx_hal_msp.o
                0x080082d4                HAL_ADC_MspInit
 .text.HAL_I2C_MspInit
                0x080083a4       0x68 Application\User\stm32f1xx_hal_msp.o
                0x080083a4                HAL_I2C_MspInit
 .text.HAL_RTC_MspInit
                0x0800840c       0x60 Application\User\stm32f1xx_hal_msp.o
                0x0800840c                HAL_RTC_MspInit
 .text.HAL_SPI_MspInit
                0x0800846c       0x70 Application\User\stm32f1xx_hal_msp.o
                0x0800846c                HAL_SPI_MspInit
 .text.HAL_TIM_Base_MspInit
                0x080084dc       0x90 Application\User\stm32f1xx_hal_msp.o
                0x080084dc                HAL_TIM_Base_MspInit
 .text.HAL_TIM_Encoder_MspInit
                0x0800856c       0xa4 Application\User\stm32f1xx_hal_msp.o
                0x0800856c                HAL_TIM_Encoder_MspInit
 .text.HAL_UART_MspInit
                0x08008610      0x114 Application\User\stm32f1xx_hal_msp.o
                0x08008610                HAL_UART_MspInit
 .text.main     0x08008724      0x1b8 Application\User\main.o
                0x08008724                main
 .text.SystemClock_Config
                0x080088dc       0x9c Application\User\main.o
                0x080088dc                SystemClock_Config
 .text.MX_ADC1_Init
                0x08008978       0xb8 Application\User\main.o
 .text.MX_I2C1_Init
                0x08008a30       0x50 Application\User\main.o
 .text.MX_RTC_Init
                0x08008a80       0x64 Application\User\main.o
 .text.MX_SPI2_Init
                0x08008ae4       0x60 Application\User\main.o
 .text.MX_TIM1_Init
                0x08008b44       0xcc Application\User\main.o
 .text.MX_TIM2_Init
                0x08008c10       0x74 Application\User\main.o
 .text.MX_TIM3_Init
                0x08008c84       0x78 Application\User\main.o
 .text.MX_TIM4_Init
                0x08008cfc       0x60 Application\User\main.o
 .text.MX_USART3_UART_Init
                0x08008d5c       0x48 Application\User\main.o
 .text.MX_DMA_Init
                0x08008da4       0x58 Application\User\main.o
 .text.MX_GPIO_Init
                0x08008dfc      0x12c Application\User\main.o
 .text.Reset_Handler
                0x08008f28       0x50 Application\TrueSTUDIO\startup_stm32f103xb.o
                0x08008f28                Reset_Handler
 .text.Default_Handler
                0x08008f78        0x4 Application\TrueSTUDIO\startup_stm32f103xb.o
                0x08008f78                RTC_Alarm_IRQHandler
                0x08008f78                EXTI2_IRQHandler
                0x08008f78                DebugMon_Handler
                0x08008f78                TIM1_CC_IRQHandler
                0x08008f78                HardFault_Handler
                0x08008f78                PVD_IRQHandler
                0x08008f78                PendSV_Handler
                0x08008f78                NMI_Handler
                0x08008f78                EXTI3_IRQHandler
                0x08008f78                EXTI0_IRQHandler
                0x08008f78                I2C2_EV_IRQHandler
                0x08008f78                UsageFault_Handler
                0x08008f78                ADC1_2_IRQHandler
                0x08008f78                SPI1_IRQHandler
                0x08008f78                TAMPER_IRQHandler
                0x08008f78                DMA1_Channel4_IRQHandler
                0x08008f78                RTC_IRQHandler
                0x08008f78                DMA1_Channel7_IRQHandler
                0x08008f78                CAN1_RX1_IRQHandler
                0x08008f78                I2C1_EV_IRQHandler
                0x08008f78                DMA1_Channel6_IRQHandler
                0x08008f78                TIM3_IRQHandler
                0x08008f78                RCC_IRQHandler
                0x08008f78                TIM1_TRG_COM_IRQHandler
                0x08008f78                Default_Handler
                0x08008f78                EXTI9_5_IRQHandler
                0x08008f78                SPI2_IRQHandler
                0x08008f78                MemManage_Handler
                0x08008f78                SVC_Handler
                0x08008f78                DMA1_Channel5_IRQHandler
                0x08008f78                EXTI4_IRQHandler
                0x08008f78                USB_LP_CAN1_RX0_IRQHandler
                0x08008f78                USB_HP_CAN1_TX_IRQHandler
                0x08008f78                TIM1_UP_IRQHandler
                0x08008f78                WWDG_IRQHandler
                0x08008f78                TIM2_IRQHandler
                0x08008f78                TIM1_BRK_IRQHandler
                0x08008f78                EXTI1_IRQHandler
                0x08008f78                USART2_IRQHandler
                0x08008f78                I2C2_ER_IRQHandler
                0x08008f78                CAN1_SCE_IRQHandler
                0x08008f78                FLASH_IRQHandler
                0x08008f78                BusFault_Handler
                0x08008f78                USART1_IRQHandler
                0x08008f78                I2C1_ER_IRQHandler
                0x08008f78                USBWakeUp_IRQHandler
 .text.__libc_init_array
                0x08008f7c       0x4c c:/program files (x86)/atollic/truestudio for arm 5.4.2/armtools/bin/../lib/gcc/arm-atollic-eabi/4.8.3/../../../../arm-atollic-eabi/lib/armv7-m\libc.a(lib_a-init.o)
                0x08008f7c                __libc_init_array
 *(.glue_7)
 .glue_7        0x00000000        0x0 linker stubs
 *(.glue_7t)
 .glue_7t       0x00000000        0x0 linker stubs
 *(.eh_frame)
 .eh_frame      0x08008fc8        0x0 c:/program files (x86)/atollic/truestudio for arm 5.4.2/armtools/bin/../lib/gcc/arm-atollic-eabi/4.8.3/armv7-m/crtbegin.o
 *(.init)
 .init          0x08008fc8        0x4 c:/program files (x86)/atollic/truestudio for arm 5.4.2/armtools/bin/../lib/gcc/arm-atollic-eabi/4.8.3/armv7-m/crti.o
                0x08008fc8                _init
 .init          0x08008fcc        0x8 c:/program files (x86)/atollic/truestudio for arm 5.4.2/armtools/bin/../lib/gcc/arm-atollic-eabi/4.8.3/armv7-m/crtn.o
 *(.fini)
 .fini          0x08008fd4        0x4 c:/program files (x86)/atollic/truestudio for arm 5.4.2/armtools/bin/../lib/gcc/arm-atollic-eabi/4.8.3/armv7-m/crti.o
                0x08008fd4                _fini
 .fini          0x08008fd8        0x8 c:/program files (x86)/atollic/truestudio for arm 5.4.2/armtools/bin/../lib/gcc/arm-atollic-eabi/4.8.3/armv7-m/crtn.o
                0x08008fe0                . = ALIGN (0x4)
                0x08008fe0                _etext = .

.vfp11_veneer   0x08008fe0        0x0
 .vfp11_veneer  0x00000000        0x0 linker stubs

.v4_bx          0x08008fe0        0x0
 .v4_bx         0x00000000        0x0 linker stubs

.iplt           0x08008fe0        0x0
 .iplt          0x00000000        0x0 c:/program files (x86)/atollic/truestudio for arm 5.4.2/armtools/bin/../lib/gcc/arm-atollic-eabi/4.8.3/armv7-m/crtbegin.o

.rodata         0x08008fe0       0x38
                0x08008fe0                . = ALIGN (0x4)
 *(.rodata)
 .rodata        0x08008fe0       0x14 Drivers\STM32F1xx_HAL_Driver\stm32f1xx_hal_rcc_ex.o
 .rodata        0x08008ff4       0x14 Drivers\STM32F1xx_HAL_Driver\stm32f1xx_hal_rcc.o
 *(.rodata*)
 .rodata.aAPBAHBPrescTable
                0x08009008       0x10 Drivers\STM32F1xx_HAL_Driver\stm32f1xx_hal_rcc.o
                0x08009008                aAPBAHBPrescTable
                0x08009018                . = ALIGN (0x4)

.rel.dyn        0x08009018        0x0
 .rel.iplt      0x00000000        0x0 c:/program files (x86)/atollic/truestudio for arm 5.4.2/armtools/bin/../lib/gcc/arm-atollic-eabi/4.8.3/armv7-m/crtbegin.o

.ARM.extab
 *(.ARM.extab* .gnu.linkonce.armextab.*)

.ARM            0x08009018        0x0
                0x08009018                __exidx_start = .
 *(.ARM.exidx*)
                0x08009018                __exidx_end = .

.preinit_array  0x08009018        0x0
                0x08009018                PROVIDE (__preinit_array_start, .)
 *(.preinit_array*)
                0x08009018                PROVIDE (__preinit_array_end, .)

.init_array     0x08009018        0x4
                0x08009018                PROVIDE (__init_array_start, .)
 *(SORT(.init_array.*))
 *(.init_array*)
 .init_array    0x08009018        0x4 c:/program files (x86)/atollic/truestudio for arm 5.4.2/armtools/bin/../lib/gcc/arm-atollic-eabi/4.8.3/armv7-m/crtbegin.o
                0x0800901c                PROVIDE (__init_array_end, .)

.fini_array     0x0800901c        0x4
                0x0800901c                PROVIDE (__fini_array_start, .)
 *(SORT(.fini_array.*))
 *(.fini_array*)
 .fini_array    0x0800901c        0x4 c:/program files (x86)/atollic/truestudio for arm 5.4.2/armtools/bin/../lib/gcc/arm-atollic-eabi/4.8.3/armv7-m/crtbegin.o
                0x08009020                PROVIDE (__fini_array_end, .)
                0x08009020                _sidata = LOADADDR (.data)

.data           0x20000000        0xc load address 0x08009020
                0x20000000                . = ALIGN (0x4)
                0x20000000                _sdata = .
 *(.data)
 *(.data*)
 .data.SystemCoreClock
                0x20000000        0x4 Drivers\CMSIS\system_stm32f1xx.o
                0x20000000                SystemCoreClock
 .data.tmp_tryb.7384
                0x20000004        0x1 Application\User\stm32f1xx_it.o
 .data.x        0x20000005        0x1 Application\User\main.o
                0x20000005                x
 .data.y        0x20000006        0x1 Application\User\main.o
                0x20000006                y
 .data.ori      0x20000007        0x1 Application\User\main.o
                0x20000007                ori
 .data.target   0x20000008        0x4 Application\User\main.o
                0x20000008                target
                0x2000000c                . = ALIGN (0x4)
                0x2000000c                _edata = .

.igot.plt       0x2000000c        0x0 load address 0x0800902c
 .igot.plt      0x00000000        0x0 c:/program files (x86)/atollic/truestudio for arm 5.4.2/armtools/bin/../lib/gcc/arm-atollic-eabi/4.8.3/armv7-m/crtbegin.o
                0x2000000c                . = ALIGN (0x4)

.bss            0x2000000c      0x7f4 load address 0x0800902c
                0x2000000c                _sbss = .
                0x2000000c                __bss_start__ = _sbss
 *(.bss)
 .bss           0x2000000c       0x1c c:/program files (x86)/atollic/truestudio for arm 5.4.2/armtools/bin/../lib/gcc/arm-atollic-eabi/4.8.3/armv7-m/crtbegin.o
 *(.bss*)
 .bss.uCRCErrorWorkaroundCheck
                0x20000028        0x1 Drivers\STM32F1xx_HAL_Driver\stm32f1xx_hal_spi_ex.o
                0x20000028                uCRCErrorWorkaroundCheck
 *fill*         0x20000029        0x3 
 .bss.uwTick    0x2000002c        0x4 Drivers\STM32F1xx_HAL_Driver\stm32f1xx_hal.o
 .bss.count.7388
                0x20000030        0x1 Application\User\stm32f1xx_it.o
 *fill*         0x20000031        0x3 
 .bss.tmp_rate.7391
                0x20000034        0x8 Application\User\stm32f1xx_it.o
 .bss.rate.7389
                0x2000003c        0xc Application\User\stm32f1xx_it.o
 .bss.prev_rate.7390
                0x20000048        0x4 Application\User\stm32f1xx_it.o
 .bss.prev_vel.7392
                0x2000004c        0x4 Application\User\stm32f1xx_it.o
 .bss.dys0      0x20000050        0xc Application\User\main.o
                0x20000050                dys0
 .bss.lin_vel   0x2000005c        0x4 Application\User\main.o
                0x2000005c                lin_vel
 .bss.Status    0x20000060        0x1 Application\User\main.o
                0x20000060                Status
 *fill*         0x20000061        0x3 
 .bss.angle     0x20000064        0x4 Application\User\main.o
                0x20000064                angle
 .bss.distance  0x20000068        0x4 Application\User\main.o
                0x20000068                distance
 .bss.angle1    0x2000006c        0x4 Application\User\main.o
                0x2000006c                angle1
 .bss.dryf      0x20000070        0x4 Application\User\main.o
                0x20000070                dryf
 .bss.indexer   0x20000074        0x1 Application\User\main.o
                0x20000074                indexer
 .bss.tryb      0x20000075        0x1 Application\User\main.o
                0x20000075                tryb
 .bss.state     0x20000076        0x1 Application\User\main.o
                0x20000076                state
 *(COMMON)
 *fill*         0x20000077        0x1 
 COMMON         0x20000078       0xb0 fun\jazda.o
                0x20000078                derivative
                0x2000007c                rig_back
                0x20000080                Min3
                0x2000008c                Transmit
                0x20000090                regulator
                0x20000094                lef_back
                0x20000098                test
                0x2000009c                MinMax
                0x200000b4                rig_fr
                0x200000b8                Max3
                0x200000c4                RxBuffer
                0x200000cc                TxBuffer
                0x200000f0                test2
                0x200000f4                error
                0x200000f8                lef_fr
                0x200000fc                propocjonal
                0x20000100                test3
                0x20000114                integral
                0x20000118                adcData
                0x20000124                error2
 COMMON         0x20000128       0x10 Application\User\stm32f1xx_it.o
                0x20000128                ri_fr
                0x2000012c                le_back
                0x20000130                le_fr
                0x20000134                ri_back
 COMMON         0x20000138      0x6c8 Application\User\main.o
                0x20000138                path
                0x20000238                j
                0x2000023c                hspi2
                0x20000294                htim4
                0x200002d0                hdma_usart3_rx
                0x20000308                huart3
                0x20000348                hi2c1
                0x20000384                hdma_usart3_tx
                0x200003bc                htim3
                0x200003f8                rot_vel
                0x200003fc                hadc1
                0x2000042c                change_wall
                0x2000042d                i
                0x20000430                hdma_adc1
                0x20000468                hrtc
                0x2000047c                htim1
                0x200004b8                SensorTab
                0x20000530                change_wall_1
                0x20000534                cell
                0x20000678                speed
                0x20000680                htim2
                0x200006bc                walls
                0x20000800                . = ALIGN (0x4)
                0x20000800                _ebss = .
                0x20000800                __bss_end__ = _ebss

._user_heap_stack
                0x20000800      0x400 load address 0x0800902c
                0x20000800                . = ALIGN (0x4)
                0x20000800                PROVIDE (end, .)
                0x20000800                PROVIDE (_end, .)
                0x20000800                . = (. + _Min_Heap_Size)
                0x20000c00                . = (. + _Min_Stack_Size)
 *fill*         0x20000800      0x400 
                0x20000c00                . = ALIGN (0x4)

/DISCARD/
 libc.a(*)
 libm.a(*)
 libgcc.a(*)

.ARM.attributes
                0x00000000       0x29
 *(.ARM.attributes)
 .ARM.attributes
                0x00000000       0x1d c:/program files (x86)/atollic/truestudio for arm 5.4.2/armtools/bin/../lib/gcc/arm-atollic-eabi/4.8.3/armv7-m/crti.o
 .ARM.attributes
                0x0000001d       0x2d c:/program files (x86)/atollic/truestudio for arm 5.4.2/armtools/bin/../lib/gcc/arm-atollic-eabi/4.8.3/armv7-m/crtbegin.o
 .ARM.attributes
                0x0000004a       0x33 fun\jazda.o
 .ARM.attributes
                0x0000007d       0x33 Drivers\STM32F1xx_HAL_Driver\stm32f1xx_hal_uart.o
 .ARM.attributes
                0x000000b0       0x33 Drivers\STM32F1xx_HAL_Driver\stm32f1xx_hal_tim_ex.o
 .ARM.attributes
                0x000000e3       0x33 Drivers\STM32F1xx_HAL_Driver\stm32f1xx_hal_tim.o
 .ARM.attributes
                0x00000116       0x33 Drivers\STM32F1xx_HAL_Driver\stm32f1xx_hal_spi_ex.o
 .ARM.attributes
                0x00000149       0x33 Drivers\STM32F1xx_HAL_Driver\stm32f1xx_hal_rtc.o
 .ARM.attributes
                0x0000017c       0x33 Drivers\STM32F1xx_HAL_Driver\stm32f1xx_hal_rcc_ex.o
 .ARM.attributes
                0x000001af       0x33 Drivers\STM32F1xx_HAL_Driver\stm32f1xx_hal_rcc.o
 .ARM.attributes
                0x000001e2       0x33 Drivers\STM32F1xx_HAL_Driver\stm32f1xx_hal_pwr.o
 .ARM.attributes
                0x00000215       0x33 Drivers\STM32F1xx_HAL_Driver\stm32f1xx_hal_i2c.o
 .ARM.attributes
                0x00000248       0x33 Drivers\STM32F1xx_HAL_Driver\stm32f1xx_hal_gpio.o
 .ARM.attributes
                0x0000027b       0x33 Drivers\STM32F1xx_HAL_Driver\stm32f1xx_hal_dma.o
 .ARM.attributes
                0x000002ae       0x33 Drivers\STM32F1xx_HAL_Driver\stm32f1xx_hal_cortex.o
 .ARM.attributes
                0x000002e1       0x33 Drivers\STM32F1xx_HAL_Driver\stm32f1xx_hal_adc_ex.o
 .ARM.attributes
                0x00000314       0x33 Drivers\STM32F1xx_HAL_Driver\stm32f1xx_hal_adc.o
 .ARM.attributes
                0x00000347       0x33 Drivers\STM32F1xx_HAL_Driver\stm32f1xx_hal.o
 .ARM.attributes
                0x0000037a       0x33 Drivers\CMSIS\system_stm32f1xx.o
 .ARM.attributes
                0x000003ad       0x33 Application\User\stm32f1xx_it.o
 .ARM.attributes
                0x000003e0       0x33 Application\User\stm32f1xx_hal_msp.o
 .ARM.attributes
                0x00000413       0x33 Application\User\main.o
 .ARM.attributes
                0x00000446       0x21 Application\TrueSTUDIO\startup_stm32f103xb.o
 .ARM.attributes
                0x00000467       0x2d c:/program files (x86)/atollic/truestudio for arm 5.4.2/armtools/bin/../lib/gcc/arm-atollic-eabi/4.8.3/../../../../arm-atollic-eabi/lib/armv7-m\libc.a(lib_a-init.o)
 .ARM.attributes
                0x00000494       0x1d c:/program files (x86)/atollic/truestudio for arm 5.4.2/armtools/bin/../lib/gcc/arm-atollic-eabi/4.8.3/armv7-m/crtn.o
OUTPUT(Minotaur Configuration.elf elf32-littlearm)

.debug_info     0x00000000    0x111bf
 .debug_info    0x00000000      0xe58 fun\jazda.o
 .debug_info    0x00000e58      0xe2c Drivers\STM32F1xx_HAL_Driver\stm32f1xx_hal_uart.o
 .debug_info    0x00001c84      0xe84 Drivers\STM32F1xx_HAL_Driver\stm32f1xx_hal_tim_ex.o
 .debug_info    0x00002b08     0x20e7 Drivers\STM32F1xx_HAL_Driver\stm32f1xx_hal_tim.o
 .debug_info    0x00004bef      0x574 Drivers\STM32F1xx_HAL_Driver\stm32f1xx_hal_spi_ex.o
 .debug_info    0x00005163      0xc7d Drivers\STM32F1xx_HAL_Driver\stm32f1xx_hal_rtc.o
 .debug_info    0x00005de0      0x529 Drivers\STM32F1xx_HAL_Driver\stm32f1xx_hal_rcc_ex.o
 .debug_info    0x00006309     0x16a0 Drivers\STM32F1xx_HAL_Driver\stm32f1xx_hal_rcc.o
 .debug_info    0x000079a9      0x776 Drivers\STM32F1xx_HAL_Driver\stm32f1xx_hal_pwr.o
 .debug_info    0x0000811f     0x18b4 Drivers\STM32F1xx_HAL_Driver\stm32f1xx_hal_i2c.o
 .debug_info    0x000099d3      0x5e2 Drivers\STM32F1xx_HAL_Driver\stm32f1xx_hal_gpio.o
 .debug_info    0x00009fb5      0x56d Drivers\STM32F1xx_HAL_Driver\stm32f1xx_hal_dma.o
 .debug_info    0x0000a522      0xa94 Drivers\STM32F1xx_HAL_Driver\stm32f1xx_hal_cortex.o
 .debug_info    0x0000afb6      0xac1 Drivers\STM32F1xx_HAL_Driver\stm32f1xx_hal_adc_ex.o
 .debug_info    0x0000ba77      0xdf5 Drivers\STM32F1xx_HAL_Driver\stm32f1xx_hal_adc.o
 .debug_info    0x0000c86c      0x5ce Drivers\STM32F1xx_HAL_Driver\stm32f1xx_hal.o
 .debug_info    0x0000ce3a      0x399 Drivers\CMSIS\system_stm32f1xx.o
 .debug_info    0x0000d1d3      0xd20 Application\User\stm32f1xx_it.o
 .debug_info    0x0000def3     0x159c Application\User\stm32f1xx_hal_msp.o
 .debug_info    0x0000f48f     0x1c68 Application\User\main.o
 .debug_info    0x000110f7       0xc8 Application\TrueSTUDIO\startup_stm32f103xb.o

.debug_abbrev   0x00000000     0x27cf
 .debug_abbrev  0x00000000      0x2e4 fun\jazda.o
 .debug_abbrev  0x000002e4      0x215 Drivers\STM32F1xx_HAL_Driver\stm32f1xx_hal_uart.o
 .debug_abbrev  0x000004f9      0x1fb Drivers\STM32F1xx_HAL_Driver\stm32f1xx_hal_tim_ex.o
 .debug_abbrev  0x000006f4      0x204 Drivers\STM32F1xx_HAL_Driver\stm32f1xx_hal_tim.o
 .debug_abbrev  0x000008f8      0x14f Drivers\STM32F1xx_HAL_Driver\stm32f1xx_hal_spi_ex.o
 .debug_abbrev  0x00000a47      0x1f9 Drivers\STM32F1xx_HAL_Driver\stm32f1xx_hal_rtc.o
 .debug_abbrev  0x00000c40      0x1e9 Drivers\STM32F1xx_HAL_Driver\stm32f1xx_hal_rcc_ex.o
 .debug_abbrev  0x00000e29      0x2a5 Drivers\STM32F1xx_HAL_Driver\stm32f1xx_hal_rcc.o
 .debug_abbrev  0x000010ce      0x223 Drivers\STM32F1xx_HAL_Driver\stm32f1xx_hal_pwr.o
 .debug_abbrev  0x000012f1      0x208 Drivers\STM32F1xx_HAL_Driver\stm32f1xx_hal_i2c.o
 .debug_abbrev  0x000014f9      0x1aa Drivers\STM32F1xx_HAL_Driver\stm32f1xx_hal_gpio.o
 .debug_abbrev  0x000016a3      0x1b3 Drivers\STM32F1xx_HAL_Driver\stm32f1xx_hal_dma.o
 .debug_abbrev  0x00001856      0x265 Drivers\STM32F1xx_HAL_Driver\stm32f1xx_hal_cortex.o
 .debug_abbrev  0x00001abb      0x223 Drivers\STM32F1xx_HAL_Driver\stm32f1xx_hal_adc_ex.o
 .debug_abbrev  0x00001cde      0x203 Drivers\STM32F1xx_HAL_Driver\stm32f1xx_hal_adc.o
 .debug_abbrev  0x00001ee1      0x1ed Drivers\STM32F1xx_HAL_Driver\stm32f1xx_hal.o
 .debug_abbrev  0x000020ce      0x120 Drivers\CMSIS\system_stm32f1xx.o
 .debug_abbrev  0x000021ee      0x1df Application\User\stm32f1xx_it.o
 .debug_abbrev  0x000023cd      0x213 Application\User\stm32f1xx_hal_msp.o
 .debug_abbrev  0x000025e0      0x1dd Application\User\main.o
 .debug_abbrev  0x000027bd       0x12 Application\TrueSTUDIO\startup_stm32f103xb.o

.debug_aranges  0x00000000     0x1098
 .debug_aranges
                0x00000000       0xa0 fun\jazda.o
 .debug_aranges
                0x000000a0      0x150 Drivers\STM32F1xx_HAL_Driver\stm32f1xx_hal_uart.o
 .debug_aranges
                0x000001f0      0x138 Drivers\STM32F1xx_HAL_Driver\stm32f1xx_hal_tim_ex.o
 .debug_aranges
                0x00000328      0x368 Drivers\STM32F1xx_HAL_Driver\stm32f1xx_hal_tim.o
 .debug_aranges
                0x00000690       0x28 Drivers\STM32F1xx_HAL_Driver\stm32f1xx_hal_spi_ex.o
 .debug_aranges
                0x000006b8       0xf8 Drivers\STM32F1xx_HAL_Driver\stm32f1xx_hal_rtc.o
 .debug_aranges
                0x000007b0       0x30 Drivers\STM32F1xx_HAL_Driver\stm32f1xx_hal_rcc_ex.o
 .debug_aranges
                0x000007e0       0x88 Drivers\STM32F1xx_HAL_Driver\stm32f1xx_hal_rcc.o
 .debug_aranges
                0x00000868       0xa8 Drivers\STM32F1xx_HAL_Driver\stm32f1xx_hal_pwr.o
 .debug_aranges
                0x00000910      0x1f0 Drivers\STM32F1xx_HAL_Driver\stm32f1xx_hal_i2c.o
 .debug_aranges
                0x00000b00       0x58 Drivers\STM32F1xx_HAL_Driver\stm32f1xx_hal_gpio.o
 .debug_aranges
                0x00000b58       0x68 Drivers\STM32F1xx_HAL_Driver\stm32f1xx_hal_dma.o
 .debug_aranges
                0x00000bc0      0x100 Drivers\STM32F1xx_HAL_Driver\stm32f1xx_hal_cortex.o
 .debug_aranges
                0x00000cc0       0x80 Drivers\STM32F1xx_HAL_Driver\stm32f1xx_hal_adc_ex.o
 .debug_aranges
                0x00000d40       0xf0 Drivers\STM32F1xx_HAL_Driver\stm32f1xx_hal_adc.o
 .debug_aranges
                0x00000e30       0xb0 Drivers\STM32F1xx_HAL_Driver\stm32f1xx_hal.o
 .debug_aranges
                0x00000ee0       0x28 Drivers\CMSIS\system_stm32f1xx.o
 .debug_aranges
                0x00000f08       0x58 Application\User\stm32f1xx_it.o
 .debug_aranges
                0x00000f60       0x90 Application\User\stm32f1xx_hal_msp.o
 .debug_aranges
                0x00000ff0       0x80 Application\User\main.o
 .debug_aranges
                0x00001070       0x28 Application\TrueSTUDIO\startup_stm32f103xb.o

.debug_ranges   0x00000000      0xf50
 .debug_ranges  0x00000000       0x90 fun\jazda.o
 .debug_ranges  0x00000090      0x140 Drivers\STM32F1xx_HAL_Driver\stm32f1xx_hal_uart.o
 .debug_ranges  0x000001d0      0x128 Drivers\STM32F1xx_HAL_Driver\stm32f1xx_hal_tim_ex.o
 .debug_ranges  0x000002f8      0x358 Drivers\STM32F1xx_HAL_Driver\stm32f1xx_hal_tim.o
 .debug_ranges  0x00000650       0x18 Drivers\STM32F1xx_HAL_Driver\stm32f1xx_hal_spi_ex.o
 .debug_ranges  0x00000668       0xe8 Drivers\STM32F1xx_HAL_Driver\stm32f1xx_hal_rtc.o
 .debug_ranges  0x00000750       0x20 Drivers\STM32F1xx_HAL_Driver\stm32f1xx_hal_rcc_ex.o
 .debug_ranges  0x00000770       0x78 Drivers\STM32F1xx_HAL_Driver\stm32f1xx_hal_rcc.o
 .debug_ranges  0x000007e8       0x98 Drivers\STM32F1xx_HAL_Driver\stm32f1xx_hal_pwr.o
 .debug_ranges  0x00000880      0x1e0 Drivers\STM32F1xx_HAL_Driver\stm32f1xx_hal_i2c.o
 .debug_ranges  0x00000a60       0x48 Drivers\STM32F1xx_HAL_Driver\stm32f1xx_hal_gpio.o
 .debug_ranges  0x00000aa8       0x58 Drivers\STM32F1xx_HAL_Driver\stm32f1xx_hal_dma.o
 .debug_ranges  0x00000b00       0xf0 Drivers\STM32F1xx_HAL_Driver\stm32f1xx_hal_cortex.o
 .debug_ranges  0x00000bf0       0x70 Drivers\STM32F1xx_HAL_Driver\stm32f1xx_hal_adc_ex.o
 .debug_ranges  0x00000c60       0xe0 Drivers\STM32F1xx_HAL_Driver\stm32f1xx_hal_adc.o
 .debug_ranges  0x00000d40       0xa0 Drivers\STM32F1xx_HAL_Driver\stm32f1xx_hal.o
 .debug_ranges  0x00000de0       0x18 Drivers\CMSIS\system_stm32f1xx.o
 .debug_ranges  0x00000df8       0x48 Application\User\stm32f1xx_it.o
 .debug_ranges  0x00000e40       0x80 Application\User\stm32f1xx_hal_msp.o
 .debug_ranges  0x00000ec0       0x70 Application\User\main.o
 .debug_ranges  0x00000f30       0x20 Application\TrueSTUDIO\startup_stm32f103xb.o

.debug_line     0x00000000     0x8531
 .debug_line    0x00000000      0x6d7 fun\jazda.o
 .debug_line    0x000006d7      0x89b Drivers\STM32F1xx_HAL_Driver\stm32f1xx_hal_uart.o
 .debug_line    0x00000f72      0x766 Drivers\STM32F1xx_HAL_Driver\stm32f1xx_hal_tim_ex.o
 .debug_line    0x000016d8     0x10e3 Drivers\STM32F1xx_HAL_Driver\stm32f1xx_hal_tim.o
 .debug_line    0x000027bb      0x255 Drivers\STM32F1xx_HAL_Driver\stm32f1xx_hal_spi_ex.o
 .debug_line    0x00002a10      0x683 Drivers\STM32F1xx_HAL_Driver\stm32f1xx_hal_rtc.o
 .debug_line    0x00003093      0x370 Drivers\STM32F1xx_HAL_Driver\stm32f1xx_hal_rcc_ex.o
 .debug_line    0x00003403      0xd9a Drivers\STM32F1xx_HAL_Driver\stm32f1xx_hal_rcc.o
 .debug_line    0x0000419d      0x3e3 Drivers\STM32F1xx_HAL_Driver\stm32f1xx_hal_pwr.o
 .debug_line    0x00004580      0xf56 Drivers\STM32F1xx_HAL_Driver\stm32f1xx_hal_i2c.o
 .debug_line    0x000054d6      0x3c3 Drivers\STM32F1xx_HAL_Driver\stm32f1xx_hal_gpio.o
 .debug_line    0x00005899      0x507 Drivers\STM32F1xx_HAL_Driver\stm32f1xx_hal_dma.o
 .debug_line    0x00005da0      0x46b Drivers\STM32F1xx_HAL_Driver\stm32f1xx_hal_cortex.o
 .debug_line    0x0000620b      0x680 Drivers\STM32F1xx_HAL_Driver\stm32f1xx_hal_adc_ex.o
 .debug_line    0x0000688b      0x851 Drivers\STM32F1xx_HAL_Driver\stm32f1xx_hal_adc.o
 .debug_line    0x000070dc      0x373 Drivers\STM32F1xx_HAL_Driver\stm32f1xx_hal.o
 .debug_line    0x0000744f      0x212 Drivers\CMSIS\system_stm32f1xx.o
 .debug_line    0x00007661      0x4a0 Application\User\stm32f1xx_it.o
 .debug_line    0x00007b01      0x44e Application\User\stm32f1xx_hal_msp.o
 .debug_line    0x00007f4f      0x530 Application\User\main.o
 .debug_line    0x0000847f       0xb2 Application\TrueSTUDIO\startup_stm32f103xb.o

.debug_str      0x00000000     0x47f8
 .debug_str     0x00000000      0x89e fun\jazda.o
                                0x994 (size before relaxing)
 .debug_str     0x0000089e      0x56f Drivers\STM32F1xx_HAL_Driver\stm32f1xx_hal_uart.o
                                0x95a (size before relaxing)
 .debug_str     0x00000e0d      0x5e2 Drivers\STM32F1xx_HAL_Driver\stm32f1xx_hal_tim_ex.o
                                0xb82 (size before relaxing)
 .debug_str     0x000013ef      0xc5c Drivers\STM32F1xx_HAL_Driver\stm32f1xx_hal_tim.o
                               0x12ed (size before relaxing)
 .debug_str     0x0000204b      0x1de Drivers\STM32F1xx_HAL_Driver\stm32f1xx_hal_spi_ex.o
                                0x60f (size before relaxing)
 .debug_str     0x00002229      0x47c Drivers\STM32F1xx_HAL_Driver\stm32f1xx_hal_rtc.o
                                0x719 (size before relaxing)
 .debug_str     0x000026a5      0x1c8 Drivers\STM32F1xx_HAL_Driver\stm32f1xx_hal_rcc_ex.o
                                0x3de (size before relaxing)
 .debug_str     0x0000286d      0x308 Drivers\STM32F1xx_HAL_Driver\stm32f1xx_hal_rcc.o
                                0x5f9 (size before relaxing)
 .debug_str     0x00002b75      0x282 Drivers\STM32F1xx_HAL_Driver\stm32f1xx_hal_pwr.o
                                0x4de (size before relaxing)
 .debug_str     0x00002df7      0x5ee Drivers\STM32F1xx_HAL_Driver\stm32f1xx_hal_i2c.o
                                0xbb4 (size before relaxing)
 .debug_str     0x000033e5      0x175 Drivers\STM32F1xx_HAL_Driver\stm32f1xx_hal_gpio.o
                                0x437 (size before relaxing)
 .debug_str     0x0000355a      0x14e Drivers\STM32F1xx_HAL_Driver\stm32f1xx_hal_dma.o
                                0x517 (size before relaxing)
 .debug_str     0x000036a8      0x5b1 Drivers\STM32F1xx_HAL_Driver\stm32f1xx_hal_cortex.o
                                0x8cd (size before relaxing)
 .debug_str     0x00003c59      0x3f2 Drivers\STM32F1xx_HAL_Driver\stm32f1xx_hal_adc_ex.o
                                0x817 (size before relaxing)
 .debug_str     0x0000404b      0x2d3 Drivers\STM32F1xx_HAL_Driver\stm32f1xx_hal_adc.o
                                0x879 (size before relaxing)
 .debug_str     0x0000431e      0x1c5 Drivers\STM32F1xx_HAL_Driver\stm32f1xx_hal.o
                                0x716 (size before relaxing)
 .debug_str     0x000044e3       0x82 Drivers\CMSIS\system_stm32f1xx.o
                                0x2ff (size before relaxing)
 .debug_str     0x00004565      0x13a Application\User\stm32f1xx_it.o
                                0x98b (size before relaxing)
 .debug_str     0x0000469f       0x6a Application\User\stm32f1xx_hal_msp.o
                               0x113a (size before relaxing)
 .debug_str     0x00004709       0xef Application\User\main.o
                               0x15dc (size before relaxing)

.comment        0x00000000       0x82
 .comment       0x00000000       0x82 fun\jazda.o
                                 0x83 (size before relaxing)
 .comment       0x00000000       0x83 Drivers\STM32F1xx_HAL_Driver\stm32f1xx_hal_uart.o
 .comment       0x00000000       0x83 Drivers\STM32F1xx_HAL_Driver\stm32f1xx_hal_tim_ex.o
 .comment       0x00000000       0x83 Drivers\STM32F1xx_HAL_Driver\stm32f1xx_hal_tim.o
 .comment       0x00000000       0x83 Drivers\STM32F1xx_HAL_Driver\stm32f1xx_hal_spi_ex.o
 .comment       0x00000000       0x83 Drivers\STM32F1xx_HAL_Driver\stm32f1xx_hal_rtc.o
 .comment       0x00000000       0x83 Drivers\STM32F1xx_HAL_Driver\stm32f1xx_hal_rcc_ex.o
 .comment       0x00000000       0x83 Drivers\STM32F1xx_HAL_Driver\stm32f1xx_hal_rcc.o
 .comment       0x00000000       0x83 Drivers\STM32F1xx_HAL_Driver\stm32f1xx_hal_pwr.o
 .comment       0x00000000       0x83 Drivers\STM32F1xx_HAL_Driver\stm32f1xx_hal_i2c.o
 .comment       0x00000000       0x83 Drivers\STM32F1xx_HAL_Driver\stm32f1xx_hal_gpio.o
 .comment       0x00000000       0x83 Drivers\STM32F1xx_HAL_Driver\stm32f1xx_hal_dma.o
 .comment       0x00000000       0x83 Drivers\STM32F1xx_HAL_Driver\stm32f1xx_hal_cortex.o
 .comment       0x00000000       0x83 Drivers\STM32F1xx_HAL_Driver\stm32f1xx_hal_adc_ex.o
 .comment       0x00000000       0x83 Drivers\STM32F1xx_HAL_Driver\stm32f1xx_hal_adc.o
 .comment       0x00000000       0x83 Drivers\STM32F1xx_HAL_Driver\stm32f1xx_hal.o
 .comment       0x00000000       0x83 Drivers\CMSIS\system_stm32f1xx.o
 .comment       0x00000000       0x83 Application\User\stm32f1xx_it.o
 .comment       0x00000000       0x83 Application\User\stm32f1xx_hal_msp.o
 .comment       0x00000000       0x83 Application\User\main.o

.debug_frame    0x00000000     0x3800
 .debug_frame   0x00000000      0x214 fun\jazda.o
 .debug_frame   0x00000214      0x4a8 Drivers\STM32F1xx_HAL_Driver\stm32f1xx_hal_uart.o
 .debug_frame   0x000006bc      0x464 Drivers\STM32F1xx_HAL_Driver\stm32f1xx_hal_tim_ex.o
 .debug_frame   0x00000b20      0xc98 Drivers\STM32F1xx_HAL_Driver\stm32f1xx_hal_tim.o
 .debug_frame   0x000017b8       0x4c Drivers\STM32F1xx_HAL_Driver\stm32f1xx_hal_spi_ex.o
 .debug_frame   0x00001804      0x368 Drivers\STM32F1xx_HAL_Driver\stm32f1xx_hal_rtc.o
 .debug_frame   0x00001b6c       0x6c Drivers\STM32F1xx_HAL_Driver\stm32f1xx_hal_rcc_ex.o
 .debug_frame   0x00001bd8      0x1b0 Drivers\STM32F1xx_HAL_Driver\stm32f1xx_hal_rcc.o
 .debug_frame   0x00001d88      0x1ec Drivers\STM32F1xx_HAL_Driver\stm32f1xx_hal_pwr.o
 .debug_frame   0x00001f74      0x728 Drivers\STM32F1xx_HAL_Driver\stm32f1xx_hal_i2c.o
 .debug_frame   0x0000269c       0xf4 Drivers\STM32F1xx_HAL_Driver\stm32f1xx_hal_gpio.o
 .debug_frame   0x00002790      0x13c Drivers\STM32F1xx_HAL_Driver\stm32f1xx_hal_dma.o
 .debug_frame   0x000028cc      0x35c Drivers\STM32F1xx_HAL_Driver\stm32f1xx_hal_cortex.o
 .debug_frame   0x00002c28      0x1a4 Drivers\STM32F1xx_HAL_Driver\stm32f1xx_hal_adc_ex.o
 .debug_frame   0x00002dcc      0x348 Drivers\STM32F1xx_HAL_Driver\stm32f1xx_hal_adc.o
 .debug_frame   0x00003114      0x1f4 Drivers\STM32F1xx_HAL_Driver\stm32f1xx_hal.o
 .debug_frame   0x00003308       0x44 Drivers\CMSIS\system_stm32f1xx.o
 .debug_frame   0x0000334c       0xf8 Application\User\stm32f1xx_it.o
 .debug_frame   0x00003444      0x1ec Application\User\stm32f1xx_hal_msp.o
 .debug_frame   0x00003630      0x1a4 Application\User\main.o
 .debug_frame   0x000037d4       0x2c c:/program files (x86)/atollic/truestudio for arm 5.4.2/armtools/bin/../lib/gcc/arm-atollic-eabi/4.8.3/../../../../arm-atollic-eabi/lib/armv7-m\libc.a(lib_a-init.o)

Cross Reference Table

Symbol                                            File
ADC1_2_IRQHandler                                 Application\TrueSTUDIO\startup_stm32f103xb.o
ADC_ConversionStop_Disable                        Drivers\STM32F1xx_HAL_Driver\stm32f1xx_hal_adc.o
                                                  Drivers\STM32F1xx_HAL_Driver\stm32f1xx_hal_adc_ex.o
ADC_DMAConvCplt                                   Drivers\STM32F1xx_HAL_Driver\stm32f1xx_hal_adc.o
                                                  Drivers\STM32F1xx_HAL_Driver\stm32f1xx_hal_adc_ex.o
ADC_DMAError                                      Drivers\STM32F1xx_HAL_Driver\stm32f1xx_hal_adc.o
                                                  Drivers\STM32F1xx_HAL_Driver\stm32f1xx_hal_adc_ex.o
ADC_DMAHalfConvCplt                               Drivers\STM32F1xx_HAL_Driver\stm32f1xx_hal_adc.o
                                                  Drivers\STM32F1xx_HAL_Driver\stm32f1xx_hal_adc_ex.o
ADC_Enable                                        Drivers\STM32F1xx_HAL_Driver\stm32f1xx_hal_adc.o
                                                  Drivers\STM32F1xx_HAL_Driver\stm32f1xx_hal_adc_ex.o
AHBPrescTable                                     Drivers\CMSIS\system_stm32f1xx.o
BusFault_Handler                                  Application\TrueSTUDIO\startup_stm32f103xb.o
CAN1_RX1_IRQHandler                               Application\TrueSTUDIO\startup_stm32f103xb.o
CAN1_SCE_IRQHandler                               Application\TrueSTUDIO\startup_stm32f103xb.o
DMA1_Channel1_IRQHandler                          Application\User\stm32f1xx_it.o
DMA1_Channel2_IRQHandler                          Application\User\stm32f1xx_it.o
DMA1_Channel3_IRQHandler                          Application\User\stm32f1xx_it.o
DMA1_Channel4_IRQHandler                          Application\TrueSTUDIO\startup_stm32f103xb.o
DMA1_Channel5_IRQHandler                          Application\TrueSTUDIO\startup_stm32f103xb.o
DMA1_Channel6_IRQHandler                          Application\TrueSTUDIO\startup_stm32f103xb.o
DMA1_Channel7_IRQHandler                          Application\TrueSTUDIO\startup_stm32f103xb.o
DebugMon_Handler                                  Application\TrueSTUDIO\startup_stm32f103xb.o
Default_Handler                                   Application\TrueSTUDIO\startup_stm32f103xb.o
EXTI0_IRQHandler                                  Application\TrueSTUDIO\startup_stm32f103xb.o
EXTI15_10_IRQHandler                              Application\User\stm32f1xx_it.o
EXTI1_IRQHandler                                  Application\TrueSTUDIO\startup_stm32f103xb.o
EXTI2_IRQHandler                                  Application\TrueSTUDIO\startup_stm32f103xb.o
EXTI3_IRQHandler                                  Application\TrueSTUDIO\startup_stm32f103xb.o
EXTI4_IRQHandler                                  Application\TrueSTUDIO\startup_stm32f103xb.o
EXTI9_5_IRQHandler                                Application\TrueSTUDIO\startup_stm32f103xb.o
FLASH_IRQHandler                                  Application\TrueSTUDIO\startup_stm32f103xb.o
FLASH_PageErase                                   Drivers\STM32F1xx_HAL_Driver\stm32f1xx_hal_flash_ex.o
                                                  Drivers\STM32F1xx_HAL_Driver\stm32f1xx_hal_flash.o
FLASH_WaitForLastOperation                        Drivers\STM32F1xx_HAL_Driver\stm32f1xx_hal_flash.o
                                                  Drivers\STM32F1xx_HAL_Driver\stm32f1xx_hal_flash_ex.o
HAL_ADCEx_Calibration_Start                       Drivers\STM32F1xx_HAL_Driver\stm32f1xx_hal_adc_ex.o
                                                  Application\User\main.o
HAL_ADCEx_InjectedConfigChannel                   Drivers\STM32F1xx_HAL_Driver\stm32f1xx_hal_adc_ex.o
HAL_ADCEx_InjectedConvCpltCallback                Drivers\STM32F1xx_HAL_Driver\stm32f1xx_hal_adc_ex.o
                                                  Drivers\STM32F1xx_HAL_Driver\stm32f1xx_hal_adc.o
HAL_ADCEx_InjectedGetValue                        Drivers\STM32F1xx_HAL_Driver\stm32f1xx_hal_adc_ex.o
HAL_ADCEx_InjectedPollForConversion               Drivers\STM32F1xx_HAL_Driver\stm32f1xx_hal_adc_ex.o
HAL_ADCEx_InjectedStart                           Drivers\STM32F1xx_HAL_Driver\stm32f1xx_hal_adc_ex.o
HAL_ADCEx_InjectedStart_IT                        Drivers\STM32F1xx_HAL_Driver\stm32f1xx_hal_adc_ex.o
HAL_ADCEx_InjectedStop                            Drivers\STM32F1xx_HAL_Driver\stm32f1xx_hal_adc_ex.o
HAL_ADCEx_InjectedStop_IT                         Drivers\STM32F1xx_HAL_Driver\stm32f1xx_hal_adc_ex.o
HAL_ADCEx_MultiModeConfigChannel                  Drivers\STM32F1xx_HAL_Driver\stm32f1xx_hal_adc_ex.o
HAL_ADCEx_MultiModeGetValue                       Drivers\STM32F1xx_HAL_Driver\stm32f1xx_hal_adc_ex.o
HAL_ADCEx_MultiModeStart_DMA                      Drivers\STM32F1xx_HAL_Driver\stm32f1xx_hal_adc_ex.o
HAL_ADCEx_MultiModeStop_DMA                       Drivers\STM32F1xx_HAL_Driver\stm32f1xx_hal_adc_ex.o
HAL_ADC_AnalogWDGConfig                           Drivers\STM32F1xx_HAL_Driver\stm32f1xx_hal_adc.o
HAL_ADC_ConfigChannel                             Drivers\STM32F1xx_HAL_Driver\stm32f1xx_hal_adc.o
                                                  Application\User\main.o
HAL_ADC_ConvCpltCallback                          Drivers\STM32F1xx_HAL_Driver\stm32f1xx_hal_adc.o
HAL_ADC_ConvHalfCpltCallback                      Drivers\STM32F1xx_HAL_Driver\stm32f1xx_hal_adc.o
HAL_ADC_DeInit                                    Drivers\STM32F1xx_HAL_Driver\stm32f1xx_hal_adc.o
HAL_ADC_ErrorCallback                             Drivers\STM32F1xx_HAL_Driver\stm32f1xx_hal_adc.o
HAL_ADC_GetError                                  Drivers\STM32F1xx_HAL_Driver\stm32f1xx_hal_adc.o
HAL_ADC_GetState                                  Drivers\STM32F1xx_HAL_Driver\stm32f1xx_hal_adc.o
HAL_ADC_GetValue                                  Drivers\STM32F1xx_HAL_Driver\stm32f1xx_hal_adc.o
HAL_ADC_IRQHandler                                Drivers\STM32F1xx_HAL_Driver\stm32f1xx_hal_adc.o
HAL_ADC_Init                                      Drivers\STM32F1xx_HAL_Driver\stm32f1xx_hal_adc.o
                                                  Application\User\main.o
HAL_ADC_LevelOutOfWindowCallback                  Drivers\STM32F1xx_HAL_Driver\stm32f1xx_hal_adc.o
HAL_ADC_MspDeInit                                 Application\User\stm32f1xx_hal_msp.o
                                                  Drivers\STM32F1xx_HAL_Driver\stm32f1xx_hal_adc.o
HAL_ADC_MspInit                                   Application\User\stm32f1xx_hal_msp.o
                                                  Drivers\STM32F1xx_HAL_Driver\stm32f1xx_hal_adc.o
HAL_ADC_PollForConversion                         Drivers\STM32F1xx_HAL_Driver\stm32f1xx_hal_adc.o
HAL_ADC_PollForEvent                              Drivers\STM32F1xx_HAL_Driver\stm32f1xx_hal_adc.o
HAL_ADC_Start                                     Drivers\STM32F1xx_HAL_Driver\stm32f1xx_hal_adc.o
                                                  Application\User\main.o
HAL_ADC_Start_DMA                                 Drivers\STM32F1xx_HAL_Driver\stm32f1xx_hal_adc.o
                                                  Application\User\main.o
HAL_ADC_Start_IT                                  Drivers\STM32F1xx_HAL_Driver\stm32f1xx_hal_adc.o
HAL_ADC_Stop                                      Drivers\STM32F1xx_HAL_Driver\stm32f1xx_hal_adc.o
HAL_ADC_Stop_DMA                                  Drivers\STM32F1xx_HAL_Driver\stm32f1xx_hal_adc.o
HAL_ADC_Stop_IT                                   Drivers\STM32F1xx_HAL_Driver\stm32f1xx_hal_adc.o
HAL_DBGMCU_DisableDBGSleepMode                    Drivers\STM32F1xx_HAL_Driver\stm32f1xx_hal.o
HAL_DBGMCU_DisableDBGStandbyMode                  Drivers\STM32F1xx_HAL_Driver\stm32f1xx_hal.o
HAL_DBGMCU_DisableDBGStopMode                     Drivers\STM32F1xx_HAL_Driver\stm32f1xx_hal.o
HAL_DBGMCU_EnableDBGSleepMode                     Drivers\STM32F1xx_HAL_Driver\stm32f1xx_hal.o
HAL_DBGMCU_EnableDBGStandbyMode                   Drivers\STM32F1xx_HAL_Driver\stm32f1xx_hal.o
HAL_DBGMCU_EnableDBGStopMode                      Drivers\STM32F1xx_HAL_Driver\stm32f1xx_hal.o
HAL_DMA_Abort                                     Drivers\STM32F1xx_HAL_Driver\stm32f1xx_hal_dma.o
                                                  Drivers\STM32F1xx_HAL_Driver\stm32f1xx_hal_adc.o
                                                  Drivers\STM32F1xx_HAL_Driver\stm32f1xx_hal_adc_ex.o
                                                  Drivers\STM32F1xx_HAL_Driver\stm32f1xx_hal_spi.o
                                                  Drivers\STM32F1xx_HAL_Driver\stm32f1xx_hal_tim.o
                                                  Drivers\STM32F1xx_HAL_Driver\stm32f1xx_hal_uart.o
HAL_DMA_DeInit                                    Drivers\STM32F1xx_HAL_Driver\stm32f1xx_hal_dma.o
                                                  Application\User\stm32f1xx_hal_msp.o
HAL_DMA_GetError                                  Drivers\STM32F1xx_HAL_Driver\stm32f1xx_hal_dma.o
HAL_DMA_GetState                                  Drivers\STM32F1xx_HAL_Driver\stm32f1xx_hal_dma.o
HAL_DMA_IRQHandler                                Drivers\STM32F1xx_HAL_Driver\stm32f1xx_hal_dma.o
                                                  Application\User\stm32f1xx_it.o
HAL_DMA_Init                                      Drivers\STM32F1xx_HAL_Driver\stm32f1xx_hal_dma.o
                                                  Application\User\stm32f1xx_hal_msp.o
HAL_DMA_PollForTransfer                           Drivers\STM32F1xx_HAL_Driver\stm32f1xx_hal_dma.o
HAL_DMA_Start                                     Drivers\STM32F1xx_HAL_Driver\stm32f1xx_hal_dma.o
HAL_DMA_Start_IT                                  Drivers\STM32F1xx_HAL_Driver\stm32f1xx_hal_dma.o
                                                  Drivers\STM32F1xx_HAL_Driver\stm32f1xx_hal_adc.o
                                                  Drivers\STM32F1xx_HAL_Driver\stm32f1xx_hal_adc_ex.o
                                                  Drivers\STM32F1xx_HAL_Driver\stm32f1xx_hal_i2c.o
                                                  Drivers\STM32F1xx_HAL_Driver\stm32f1xx_hal_spi.o
                                                  Drivers\STM32F1xx_HAL_Driver\stm32f1xx_hal_tim.o
                                                  Drivers\STM32F1xx_HAL_Driver\stm32f1xx_hal_tim_ex.o
                                                  Drivers\STM32F1xx_HAL_Driver\stm32f1xx_hal_uart.o
HAL_DeInit                                        Drivers\STM32F1xx_HAL_Driver\stm32f1xx_hal.o
HAL_Delay                                         Drivers\STM32F1xx_HAL_Driver\stm32f1xx_hal.o
                                                  Application\User\main.o
                                                  Drivers\STM32F1xx_HAL_Driver\stm32f1xx_hal_rcc.o
                                                  fun\jazda.o
HAL_FLASHEx_Erase                                 Drivers\STM32F1xx_HAL_Driver\stm32f1xx_hal_flash_ex.o
HAL_FLASHEx_Erase_IT                              Drivers\STM32F1xx_HAL_Driver\stm32f1xx_hal_flash_ex.o
HAL_FLASHEx_OBErase                               Drivers\STM32F1xx_HAL_Driver\stm32f1xx_hal_flash_ex.o
HAL_FLASHEx_OBGetConfig                           Drivers\STM32F1xx_HAL_Driver\stm32f1xx_hal_flash_ex.o
HAL_FLASHEx_OBProgram                             Drivers\STM32F1xx_HAL_Driver\stm32f1xx_hal_flash_ex.o
HAL_FLASH_EndOfOperationCallback                  Drivers\STM32F1xx_HAL_Driver\stm32f1xx_hal_flash.o
HAL_FLASH_GetError                                Drivers\STM32F1xx_HAL_Driver\stm32f1xx_hal_flash.o
HAL_FLASH_IRQHandler                              Drivers\STM32F1xx_HAL_Driver\stm32f1xx_hal_flash.o
HAL_FLASH_Lock                                    Drivers\STM32F1xx_HAL_Driver\stm32f1xx_hal_flash.o
HAL_FLASH_OB_Launch                               Drivers\STM32F1xx_HAL_Driver\stm32f1xx_hal_flash.o
HAL_FLASH_OB_Lock                                 Drivers\STM32F1xx_HAL_Driver\stm32f1xx_hal_flash.o
HAL_FLASH_OB_Unlock                               Drivers\STM32F1xx_HAL_Driver\stm32f1xx_hal_flash.o
HAL_FLASH_OperationErrorCallback                  Drivers\STM32F1xx_HAL_Driver\stm32f1xx_hal_flash.o
HAL_FLASH_Program                                 Drivers\STM32F1xx_HAL_Driver\stm32f1xx_hal_flash.o
HAL_FLASH_Program_IT                              Drivers\STM32F1xx_HAL_Driver\stm32f1xx_hal_flash.o
HAL_FLASH_Unlock                                  Drivers\STM32F1xx_HAL_Driver\stm32f1xx_hal_flash.o
HAL_GPIOEx_ConfigEventout                         Drivers\STM32F1xx_HAL_Driver\stm32f1xx_hal_gpio_ex.o
HAL_GPIOEx_DisableEventout                        Drivers\STM32F1xx_HAL_Driver\stm32f1xx_hal_gpio_ex.o
HAL_GPIOEx_EnableEventout                         Drivers\STM32F1xx_HAL_Driver\stm32f1xx_hal_gpio_ex.o
HAL_GPIO_DeInit                                   Drivers\STM32F1xx_HAL_Driver\stm32f1xx_hal_gpio.o
                                                  Application\User\stm32f1xx_hal_msp.o
HAL_GPIO_EXTI_Callback                            Drivers\STM32F1xx_HAL_Driver\stm32f1xx_hal_gpio.o
HAL_GPIO_EXTI_IRQHandler                          Drivers\STM32F1xx_HAL_Driver\stm32f1xx_hal_gpio.o
                                                  Application\User\stm32f1xx_it.o
HAL_GPIO_Init                                     Drivers\STM32F1xx_HAL_Driver\stm32f1xx_hal_gpio.o
                                                  Application\User\main.o
                                                  Application\User\stm32f1xx_hal_msp.o
                                                  Drivers\STM32F1xx_HAL_Driver\stm32f1xx_hal_rcc.o
HAL_GPIO_LockPin                                  Drivers\STM32F1xx_HAL_Driver\stm32f1xx_hal_gpio.o
HAL_GPIO_ReadPin                                  Drivers\STM32F1xx_HAL_Driver\stm32f1xx_hal_gpio.o
HAL_GPIO_TogglePin                                Drivers\STM32F1xx_HAL_Driver\stm32f1xx_hal_gpio.o
HAL_GPIO_WritePin                                 Drivers\STM32F1xx_HAL_Driver\stm32f1xx_hal_gpio.o
                                                  Application\User\main.o
                                                  Application\User\stm32f1xx_it.o
                                                  fun\jazda.o
HAL_GetDEVID                                      Drivers\STM32F1xx_HAL_Driver\stm32f1xx_hal.o
HAL_GetHalVersion                                 Drivers\STM32F1xx_HAL_Driver\stm32f1xx_hal.o
HAL_GetREVID                                      Drivers\STM32F1xx_HAL_Driver\stm32f1xx_hal.o
HAL_GetTick                                       Drivers\STM32F1xx_HAL_Driver\stm32f1xx_hal.o
                                                  Application\User\stm32f1xx_it.o
                                                  Drivers\STM32F1xx_HAL_Driver\stm32f1xx_hal_adc.o
                                                  Drivers\STM32F1xx_HAL_Driver\stm32f1xx_hal_adc_ex.o
                                                  Drivers\STM32F1xx_HAL_Driver\stm32f1xx_hal_dma.o
                                                  Drivers\STM32F1xx_HAL_Driver\stm32f1xx_hal_flash.o
                                                  Drivers\STM32F1xx_HAL_Driver\stm32f1xx_hal_i2c.o
                                                  Drivers\STM32F1xx_HAL_Driver\stm32f1xx_hal_rcc.o
                                                  Drivers\STM32F1xx_HAL_Driver\stm32f1xx_hal_rcc_ex.o
                                                  Drivers\STM32F1xx_HAL_Driver\stm32f1xx_hal_rtc.o
                                                  Drivers\STM32F1xx_HAL_Driver\stm32f1xx_hal_rtc_ex.o
                                                  Drivers\STM32F1xx_HAL_Driver\stm32f1xx_hal_spi.o
                                                  Drivers\STM32F1xx_HAL_Driver\stm32f1xx_hal_uart.o
HAL_HalfDuplex_EnableReceiver                     Drivers\STM32F1xx_HAL_Driver\stm32f1xx_hal_uart.o
HAL_HalfDuplex_EnableTransmitter                  Drivers\STM32F1xx_HAL_Driver\stm32f1xx_hal_uart.o
HAL_HalfDuplex_Init                               Drivers\STM32F1xx_HAL_Driver\stm32f1xx_hal_uart.o
HAL_I2C_DeInit                                    Drivers\STM32F1xx_HAL_Driver\stm32f1xx_hal_i2c.o
HAL_I2C_ER_IRQHandler                             Drivers\STM32F1xx_HAL_Driver\stm32f1xx_hal_i2c.o
HAL_I2C_EV_IRQHandler                             Drivers\STM32F1xx_HAL_Driver\stm32f1xx_hal_i2c.o
HAL_I2C_ErrorCallback                             Drivers\STM32F1xx_HAL_Driver\stm32f1xx_hal_i2c.o
HAL_I2C_GetError                                  Drivers\STM32F1xx_HAL_Driver\stm32f1xx_hal_i2c.o
HAL_I2C_GetState                                  Drivers\STM32F1xx_HAL_Driver\stm32f1xx_hal_i2c.o
HAL_I2C_Init                                      Drivers\STM32F1xx_HAL_Driver\stm32f1xx_hal_i2c.o
                                                  Application\User\main.o
HAL_I2C_IsDeviceReady                             Drivers\STM32F1xx_HAL_Driver\stm32f1xx_hal_i2c.o
HAL_I2C_MasterRxCpltCallback                      Drivers\STM32F1xx_HAL_Driver\stm32f1xx_hal_i2c.o
HAL_I2C_MasterTxCpltCallback                      Drivers\STM32F1xx_HAL_Driver\stm32f1xx_hal_i2c.o
HAL_I2C_Master_Receive                            Drivers\STM32F1xx_HAL_Driver\stm32f1xx_hal_i2c.o
                                                  fun\jazda.o
HAL_I2C_Master_Receive_DMA                        Drivers\STM32F1xx_HAL_Driver\stm32f1xx_hal_i2c.o
HAL_I2C_Master_Receive_IT                         Drivers\STM32F1xx_HAL_Driver\stm32f1xx_hal_i2c.o
HAL_I2C_Master_Transmit                           Drivers\STM32F1xx_HAL_Driver\stm32f1xx_hal_i2c.o
                                                  fun\jazda.o
HAL_I2C_Master_Transmit_DMA                       Drivers\STM32F1xx_HAL_Driver\stm32f1xx_hal_i2c.o
HAL_I2C_Master_Transmit_IT                        Drivers\STM32F1xx_HAL_Driver\stm32f1xx_hal_i2c.o
HAL_I2C_MemRxCpltCallback                         Drivers\STM32F1xx_HAL_Driver\stm32f1xx_hal_i2c.o
HAL_I2C_MemTxCpltCallback                         Drivers\STM32F1xx_HAL_Driver\stm32f1xx_hal_i2c.o
HAL_I2C_Mem_Read                                  Drivers\STM32F1xx_HAL_Driver\stm32f1xx_hal_i2c.o
HAL_I2C_Mem_Read_DMA                              Drivers\STM32F1xx_HAL_Driver\stm32f1xx_hal_i2c.o
HAL_I2C_Mem_Read_IT                               Drivers\STM32F1xx_HAL_Driver\stm32f1xx_hal_i2c.o
HAL_I2C_Mem_Write                                 Drivers\STM32F1xx_HAL_Driver\stm32f1xx_hal_i2c.o
HAL_I2C_Mem_Write_DMA                             Drivers\STM32F1xx_HAL_Driver\stm32f1xx_hal_i2c.o
HAL_I2C_Mem_Write_IT                              Drivers\STM32F1xx_HAL_Driver\stm32f1xx_hal_i2c.o
HAL_I2C_MspDeInit                                 Application\User\stm32f1xx_hal_msp.o
                                                  Drivers\STM32F1xx_HAL_Driver\stm32f1xx_hal_i2c.o
HAL_I2C_MspInit                                   Application\User\stm32f1xx_hal_msp.o
                                                  Drivers\STM32F1xx_HAL_Driver\stm32f1xx_hal_i2c.o
HAL_I2C_SlaveRxCpltCallback                       Drivers\STM32F1xx_HAL_Driver\stm32f1xx_hal_i2c.o
HAL_I2C_SlaveTxCpltCallback                       Drivers\STM32F1xx_HAL_Driver\stm32f1xx_hal_i2c.o
HAL_I2C_Slave_Receive                             Drivers\STM32F1xx_HAL_Driver\stm32f1xx_hal_i2c.o
HAL_I2C_Slave_Receive_DMA                         Drivers\STM32F1xx_HAL_Driver\stm32f1xx_hal_i2c.o
HAL_I2C_Slave_Receive_IT                          Drivers\STM32F1xx_HAL_Driver\stm32f1xx_hal_i2c.o
HAL_I2C_Slave_Transmit                            Drivers\STM32F1xx_HAL_Driver\stm32f1xx_hal_i2c.o
HAL_I2C_Slave_Transmit_DMA                        Drivers\STM32F1xx_HAL_Driver\stm32f1xx_hal_i2c.o
HAL_I2C_Slave_Transmit_IT                         Drivers\STM32F1xx_HAL_Driver\stm32f1xx_hal_i2c.o
HAL_IncTick                                       Drivers\STM32F1xx_HAL_Driver\stm32f1xx_hal.o
                                                  Application\User\stm32f1xx_it.o
HAL_Init                                          Drivers\STM32F1xx_HAL_Driver\stm32f1xx_hal.o
                                                  Application\User\main.o
HAL_InitTick                                      Drivers\STM32F1xx_HAL_Driver\stm32f1xx_hal.o
                                                  Drivers\STM32F1xx_HAL_Driver\stm32f1xx_hal_rcc.o
HAL_LIN_Init                                      Drivers\STM32F1xx_HAL_Driver\stm32f1xx_hal_uart.o
HAL_LIN_SendBreak                                 Drivers\STM32F1xx_HAL_Driver\stm32f1xx_hal_uart.o
HAL_MspDeInit                                     Drivers\STM32F1xx_HAL_Driver\stm32f1xx_hal.o
HAL_MspInit                                       Application\User\stm32f1xx_hal_msp.o
                                                  Drivers\STM32F1xx_HAL_Driver\stm32f1xx_hal.o
HAL_MultiProcessor_EnterMuteMode                  Drivers\STM32F1xx_HAL_Driver\stm32f1xx_hal_uart.o
HAL_MultiProcessor_ExitMuteMode                   Drivers\STM32F1xx_HAL_Driver\stm32f1xx_hal_uart.o
HAL_MultiProcessor_Init                           Drivers\STM32F1xx_HAL_Driver\stm32f1xx_hal_uart.o
HAL_NVIC_ClearPendingIRQ                          Drivers\STM32F1xx_HAL_Driver\stm32f1xx_hal_cortex.o
HAL_NVIC_DisableIRQ                               Drivers\STM32F1xx_HAL_Driver\stm32f1xx_hal_cortex.o
                                                  Application\User\stm32f1xx_hal_msp.o
HAL_NVIC_EnableIRQ                                Drivers\STM32F1xx_HAL_Driver\stm32f1xx_hal_cortex.o
                                                  Application\User\main.o
                                                  Application\User\stm32f1xx_hal_msp.o
HAL_NVIC_GetActive                                Drivers\STM32F1xx_HAL_Driver\stm32f1xx_hal_cortex.o
HAL_NVIC_GetPendingIRQ                            Drivers\STM32F1xx_HAL_Driver\stm32f1xx_hal_cortex.o
HAL_NVIC_GetPriority                              Drivers\STM32F1xx_HAL_Driver\stm32f1xx_hal_cortex.o
HAL_NVIC_GetPriorityGrouping                      Drivers\STM32F1xx_HAL_Driver\stm32f1xx_hal_cortex.o
HAL_NVIC_SetPendingIRQ                            Drivers\STM32F1xx_HAL_Driver\stm32f1xx_hal_cortex.o
HAL_NVIC_SetPriority                              Drivers\STM32F1xx_HAL_Driver\stm32f1xx_hal_cortex.o
                                                  Application\User\main.o
                                                  Application\User\stm32f1xx_hal_msp.o
                                                  Drivers\STM32F1xx_HAL_Driver\stm32f1xx_hal.o
HAL_NVIC_SetPriorityGrouping                      Drivers\STM32F1xx_HAL_Driver\stm32f1xx_hal_cortex.o
                                                  Application\User\stm32f1xx_hal_msp.o
                                                  Drivers\STM32F1xx_HAL_Driver\stm32f1xx_hal.o
HAL_NVIC_SystemReset                              Drivers\STM32F1xx_HAL_Driver\stm32f1xx_hal_cortex.o
                                                  Drivers\STM32F1xx_HAL_Driver\stm32f1xx_hal_flash.o
HAL_PWR_ConfigPVD                                 Drivers\STM32F1xx_HAL_Driver\stm32f1xx_hal_pwr.o
HAL_PWR_DeInit                                    Drivers\STM32F1xx_HAL_Driver\stm32f1xx_hal_pwr.o
HAL_PWR_DisableBkUpAccess                         Drivers\STM32F1xx_HAL_Driver\stm32f1xx_hal_pwr.o
HAL_PWR_DisablePVD                                Drivers\STM32F1xx_HAL_Driver\stm32f1xx_hal_pwr.o
HAL_PWR_DisableSEVOnPend                          Drivers\STM32F1xx_HAL_Driver\stm32f1xx_hal_pwr.o
HAL_PWR_DisableSleepOnExit                        Drivers\STM32F1xx_HAL_Driver\stm32f1xx_hal_pwr.o
HAL_PWR_DisableWakeUpPin                          Drivers\STM32F1xx_HAL_Driver\stm32f1xx_hal_pwr.o
HAL_PWR_EnableBkUpAccess                          Drivers\STM32F1xx_HAL_Driver\stm32f1xx_hal_pwr.o
                                                  Application\User\stm32f1xx_hal_msp.o
HAL_PWR_EnablePVD                                 Drivers\STM32F1xx_HAL_Driver\stm32f1xx_hal_pwr.o
HAL_PWR_EnableSEVOnPend                           Drivers\STM32F1xx_HAL_Driver\stm32f1xx_hal_pwr.o
HAL_PWR_EnableSleepOnExit                         Drivers\STM32F1xx_HAL_Driver\stm32f1xx_hal_pwr.o
HAL_PWR_EnableWakeUpPin                           Drivers\STM32F1xx_HAL_Driver\stm32f1xx_hal_pwr.o
HAL_PWR_EnterSLEEPMode                            Drivers\STM32F1xx_HAL_Driver\stm32f1xx_hal_pwr.o
HAL_PWR_EnterSTANDBYMode                          Drivers\STM32F1xx_HAL_Driver\stm32f1xx_hal_pwr.o
HAL_PWR_EnterSTOPMode                             Drivers\STM32F1xx_HAL_Driver\stm32f1xx_hal_pwr.o
HAL_PWR_PVDCallback                               Drivers\STM32F1xx_HAL_Driver\stm32f1xx_hal_pwr.o
HAL_PWR_PVD_IRQHandler                            Drivers\STM32F1xx_HAL_Driver\stm32f1xx_hal_pwr.o
HAL_RCCEx_GetPeriphCLKConfig                      Drivers\STM32F1xx_HAL_Driver\stm32f1xx_hal_rcc_ex.o
HAL_RCCEx_GetPeriphCLKFreq                        Drivers\STM32F1xx_HAL_Driver\stm32f1xx_hal_rcc_ex.o
                                                  Drivers\STM32F1xx_HAL_Driver\stm32f1xx_hal_adc.o
                                                  Drivers\STM32F1xx_HAL_Driver\stm32f1xx_hal_adc_ex.o
                                                  Drivers\STM32F1xx_HAL_Driver\stm32f1xx_hal_rtc.o
HAL_RCCEx_PeriphCLKConfig                         Drivers\STM32F1xx_HAL_Driver\stm32f1xx_hal_rcc_ex.o
                                                  Application\User\main.o
HAL_RCC_CSSCallback                               Drivers\STM32F1xx_HAL_Driver\stm32f1xx_hal_rcc.o
HAL_RCC_ClockConfig                               Drivers\STM32F1xx_HAL_Driver\stm32f1xx_hal_rcc.o
                                                  Application\User\main.o
HAL_RCC_DeInit                                    Drivers\STM32F1xx_HAL_Driver\stm32f1xx_hal_rcc.o
HAL_RCC_DisableCSS                                Drivers\STM32F1xx_HAL_Driver\stm32f1xx_hal_rcc.o
HAL_RCC_EnableCSS                                 Drivers\STM32F1xx_HAL_Driver\stm32f1xx_hal_rcc.o
HAL_RCC_GetClockConfig                            Drivers\STM32F1xx_HAL_Driver\stm32f1xx_hal_rcc.o
HAL_RCC_GetHCLKFreq                               Drivers\STM32F1xx_HAL_Driver\stm32f1xx_hal_rcc.o
                                                  Application\User\main.o
                                                  Drivers\STM32F1xx_HAL_Driver\stm32f1xx_hal.o
HAL_RCC_GetOscConfig                              Drivers\STM32F1xx_HAL_Driver\stm32f1xx_hal_rcc.o
HAL_RCC_GetPCLK1Freq                              Drivers\STM32F1xx_HAL_Driver\stm32f1xx_hal_rcc.o
                                                  Drivers\STM32F1xx_HAL_Driver\stm32f1xx_hal_i2c.o
                                                  Drivers\STM32F1xx_HAL_Driver\stm32f1xx_hal_uart.o
HAL_RCC_GetPCLK2Freq                              Drivers\STM32F1xx_HAL_Driver\stm32f1xx_hal_rcc.o
                                                  Drivers\STM32F1xx_HAL_Driver\stm32f1xx_hal_rcc_ex.o
                                                  Drivers\STM32F1xx_HAL_Driver\stm32f1xx_hal_uart.o
HAL_RCC_GetSysClockFreq                           Drivers\STM32F1xx_HAL_Driver\stm32f1xx_hal_rcc.o
HAL_RCC_MCOConfig                                 Drivers\STM32F1xx_HAL_Driver\stm32f1xx_hal_rcc.o
HAL_RCC_NMI_IRQHandler                            Drivers\STM32F1xx_HAL_Driver\stm32f1xx_hal_rcc.o
HAL_RCC_OscConfig                                 Drivers\STM32F1xx_HAL_Driver\stm32f1xx_hal_rcc.o
                                                  Application\User\main.o
HAL_RTCEx_BKUPRead                                Drivers\STM32F1xx_HAL_Driver\stm32f1xx_hal_rtc_ex.o
HAL_RTCEx_BKUPWrite                               Drivers\STM32F1xx_HAL_Driver\stm32f1xx_hal_rtc_ex.o
HAL_RTCEx_DeactivateSecond                        Drivers\STM32F1xx_HAL_Driver\stm32f1xx_hal_rtc_ex.o
HAL_RTCEx_DeactivateTamper                        Drivers\STM32F1xx_HAL_Driver\stm32f1xx_hal_rtc_ex.o
HAL_RTCEx_PollForTamper1Event                     Drivers\STM32F1xx_HAL_Driver\stm32f1xx_hal_rtc_ex.o
HAL_RTCEx_RTCEventCallback                        Drivers\STM32F1xx_HAL_Driver\stm32f1xx_hal_rtc_ex.o
HAL_RTCEx_RTCEventErrorCallback                   Drivers\STM32F1xx_HAL_Driver\stm32f1xx_hal_rtc_ex.o
HAL_RTCEx_RTCIRQHandler                           Drivers\STM32F1xx_HAL_Driver\stm32f1xx_hal_rtc_ex.o
HAL_RTCEx_SetSecond_IT                            Drivers\STM32F1xx_HAL_Driver\stm32f1xx_hal_rtc_ex.o
HAL_RTCEx_SetSmoothCalib                          Drivers\STM32F1xx_HAL_Driver\stm32f1xx_hal_rtc_ex.o
HAL_RTCEx_SetTamper                               Drivers\STM32F1xx_HAL_Driver\stm32f1xx_hal_rtc_ex.o
HAL_RTCEx_SetTamper_IT                            Drivers\STM32F1xx_HAL_Driver\stm32f1xx_hal_rtc_ex.o
HAL_RTCEx_Tamper1EventCallback                    Drivers\STM32F1xx_HAL_Driver\stm32f1xx_hal_rtc_ex.o
HAL_RTCEx_TamperIRQHandler                        Drivers\STM32F1xx_HAL_Driver\stm32f1xx_hal_rtc_ex.o
HAL_RTC_AlarmAEventCallback                       Drivers\STM32F1xx_HAL_Driver\stm32f1xx_hal_rtc.o
HAL_RTC_AlarmIRQHandler                           Drivers\STM32F1xx_HAL_Driver\stm32f1xx_hal_rtc.o
HAL_RTC_DeInit                                    Drivers\STM32F1xx_HAL_Driver\stm32f1xx_hal_rtc.o
HAL_RTC_DeactivateAlarm                           Drivers\STM32F1xx_HAL_Driver\stm32f1xx_hal_rtc.o
HAL_RTC_GetAlarm                                  Drivers\STM32F1xx_HAL_Driver\stm32f1xx_hal_rtc.o
HAL_RTC_GetDate                                   Drivers\STM32F1xx_HAL_Driver\stm32f1xx_hal_rtc.o
HAL_RTC_GetState                                  Drivers\STM32F1xx_HAL_Driver\stm32f1xx_hal_rtc.o
HAL_RTC_GetTime                                   Drivers\STM32F1xx_HAL_Driver\stm32f1xx_hal_rtc.o
HAL_RTC_Init                                      Drivers\STM32F1xx_HAL_Driver\stm32f1xx_hal_rtc.o
                                                  Application\User\main.o
HAL_RTC_MspDeInit                                 Application\User\stm32f1xx_hal_msp.o
                                                  Drivers\STM32F1xx_HAL_Driver\stm32f1xx_hal_rtc.o
HAL_RTC_MspInit                                   Application\User\stm32f1xx_hal_msp.o
                                                  Drivers\STM32F1xx_HAL_Driver\stm32f1xx_hal_rtc.o
HAL_RTC_PollForAlarmAEvent                        Drivers\STM32F1xx_HAL_Driver\stm32f1xx_hal_rtc.o
HAL_RTC_SetAlarm                                  Drivers\STM32F1xx_HAL_Driver\stm32f1xx_hal_rtc.o
HAL_RTC_SetAlarm_IT                               Drivers\STM32F1xx_HAL_Driver\stm32f1xx_hal_rtc.o
HAL_RTC_SetDate                                   Drivers\STM32F1xx_HAL_Driver\stm32f1xx_hal_rtc.o
                                                  Application\User\main.o
HAL_RTC_SetTime                                   Drivers\STM32F1xx_HAL_Driver\stm32f1xx_hal_rtc.o
                                                  Application\User\main.o
HAL_RTC_WaitForSynchro                            Drivers\STM32F1xx_HAL_Driver\stm32f1xx_hal_rtc.o
HAL_ResumeTick                                    Drivers\STM32F1xx_HAL_Driver\stm32f1xx_hal.o
HAL_SPI_DMAPause                                  Drivers\STM32F1xx_HAL_Driver\stm32f1xx_hal_spi.o
HAL_SPI_DMAResume                                 Drivers\STM32F1xx_HAL_Driver\stm32f1xx_hal_spi.o
HAL_SPI_DMAStop                                   Drivers\STM32F1xx_HAL_Driver\stm32f1xx_hal_spi.o
HAL_SPI_DeInit                                    Drivers\STM32F1xx_HAL_Driver\stm32f1xx_hal_spi.o
HAL_SPI_ErrorCallback                             Drivers\STM32F1xx_HAL_Driver\stm32f1xx_hal_spi.o
HAL_SPI_GetError                                  Drivers\STM32F1xx_HAL_Driver\stm32f1xx_hal_spi.o
HAL_SPI_GetState                                  Drivers\STM32F1xx_HAL_Driver\stm32f1xx_hal_spi.o
HAL_SPI_IRQHandler                                Drivers\STM32F1xx_HAL_Driver\stm32f1xx_hal_spi.o
HAL_SPI_Init                                      Drivers\STM32F1xx_HAL_Driver\stm32f1xx_hal_spi_ex.o
                                                  Application\User\main.o
HAL_SPI_MspDeInit                                 Application\User\stm32f1xx_hal_msp.o
                                                  Drivers\STM32F1xx_HAL_Driver\stm32f1xx_hal_spi.o
HAL_SPI_MspInit                                   Application\User\stm32f1xx_hal_msp.o
                                                  Drivers\STM32F1xx_HAL_Driver\stm32f1xx_hal_spi.o
                                                  Drivers\STM32F1xx_HAL_Driver\stm32f1xx_hal_spi_ex.o
HAL_SPI_Receive                                   Drivers\STM32F1xx_HAL_Driver\stm32f1xx_hal_spi.o
HAL_SPI_Receive_DMA                               Drivers\STM32F1xx_HAL_Driver\stm32f1xx_hal_spi.o
HAL_SPI_Receive_IT                                Drivers\STM32F1xx_HAL_Driver\stm32f1xx_hal_spi.o
HAL_SPI_RxCpltCallback                            Drivers\STM32F1xx_HAL_Driver\stm32f1xx_hal_spi.o
HAL_SPI_RxHalfCpltCallback                        Drivers\STM32F1xx_HAL_Driver\stm32f1xx_hal_spi.o
HAL_SPI_Transmit                                  Drivers\STM32F1xx_HAL_Driver\stm32f1xx_hal_spi.o
HAL_SPI_TransmitReceive                           Drivers\STM32F1xx_HAL_Driver\stm32f1xx_hal_spi.o
HAL_SPI_TransmitReceive_DMA                       Drivers\STM32F1xx_HAL_Driver\stm32f1xx_hal_spi.o
HAL_SPI_TransmitReceive_IT                        Drivers\STM32F1xx_HAL_Driver\stm32f1xx_hal_spi.o
HAL_SPI_Transmit_DMA                              Drivers\STM32F1xx_HAL_Driver\stm32f1xx_hal_spi.o
HAL_SPI_Transmit_IT                               Drivers\STM32F1xx_HAL_Driver\stm32f1xx_hal_spi.o
HAL_SPI_TxCpltCallback                            Drivers\STM32F1xx_HAL_Driver\stm32f1xx_hal_spi.o
HAL_SPI_TxHalfCpltCallback                        Drivers\STM32F1xx_HAL_Driver\stm32f1xx_hal_spi.o
HAL_SPI_TxRxCpltCallback                          Drivers\STM32F1xx_HAL_Driver\stm32f1xx_hal_spi.o
HAL_SPI_TxRxHalfCpltCallback                      Drivers\STM32F1xx_HAL_Driver\stm32f1xx_hal_spi.o
HAL_SYSTICK_CLKSourceConfig                       Drivers\STM32F1xx_HAL_Driver\stm32f1xx_hal_cortex.o
                                                  Application\User\main.o
HAL_SYSTICK_Callback                              Drivers\STM32F1xx_HAL_Driver\stm32f1xx_hal_cortex.o
HAL_SYSTICK_Config                                Drivers\STM32F1xx_HAL_Driver\stm32f1xx_hal_cortex.o
                                                  Application\User\main.o