Archive member included because of file (symbol)

c:/program files (x86)/atollic/truestudio for arm 5.4.0/armtools/bin/../lib/gcc/arm-atollic-eabi/4.8.3/../../../../arm-atollic-eabi/lib/armv7-m\libc.a(lib_a-init.o)
                              Application\TrueSTUDIO\startup_stm32f103xb.o (__libc_init_array)

Allocating common symbols
Common symbol       size              file

path                0x100             Application\User\main.o
j                   0x1               Application\User\main.o
hspi2               0x58              Application\User\main.o
htim4               0x3c              Application\User\main.o
huart3              0x40              Application\User\main.o
hi2c1               0x3c              Application\User\main.o
pFlash              0x20              Drivers\STM32F1xx_HAL_Driver\stm32f1xx_hal_flash.o
Min3                0xc               fun\jazda.o
htim3               0x3c              Application\User\main.o
hadc1               0x30              Application\User\main.o
i                   0x1               Application\User\main.o
test                0x4               fun\jazda.o
MinMax              0x18              fun\jazda.o
hdma_adc1           0x38              Application\User\main.o
hrtc                0x14              Application\User\main.o
Max3                0xc               fun\jazda.o
htim1               0x3c              Application\User\main.o
test2               0x4               fun\jazda.o
error               0x8               fun\jazda.o
cell                0x64              Application\User\main.o
htim2               0x3c              Application\User\main.o
walls               0x64              Application\User\main.o
test3               0x4               fun\jazda.o
adcData             0xc               fun\jazda.o

Discarded input sections

 .text          0x00000000        0x0 c:/program files (x86)/atollic/truestudio for arm 5.4.0/armtools/bin/../lib/gcc/arm-atollic-eabi/4.8.3/armv7-m/crti.o
 .data          0x00000000        0x0 c:/program files (x86)/atollic/truestudio for arm 5.4.0/armtools/bin/../lib/gcc/arm-atollic-eabi/4.8.3/armv7-m/crti.o
 .bss           0x00000000        0x0 c:/program files (x86)/atollic/truestudio for arm 5.4.0/armtools/bin/../lib/gcc/arm-atollic-eabi/4.8.3/armv7-m/crti.o
 .data          0x00000000        0x4 c:/program files (x86)/atollic/truestudio for arm 5.4.0/armtools/bin/../lib/gcc/arm-atollic-eabi/4.8.3/armv7-m/crtbegin.o
 .text          0x00000000        0x0 fun\jazda.o
 .data          0x00000000        0x0 fun\jazda.o
 .bss           0x00000000        0x0 fun\jazda.o
 .text.rotary_right
                0x00000000      0x178 fun\jazda.o
 .text.rotary   0x00000000      0x178 fun\jazda.o
 .text.drive    0x00000000      0x444 fun\jazda.o
 .text.istarget
                0x00000000       0xbc fun\jazda.o
 .text.findPath
                0x00000000       0xd4 fun\jazda.o
 .text.readPath
                0x00000000       0x58 fun\jazda.o
 .text.set      0x00000000       0x9c fun\jazda.o
 .text.rstdrive
                0x00000000       0x3c fun\jazda.o
 .text.mapCell  0x00000000      0x4ac fun\jazda.o
 .text.highestNeighbourCell
                0x00000000      0x22c fun\jazda.o
 .text.lowestNeighbourCell
                0x00000000      0x2c0 fun\jazda.o
 .text.flood    0x00000000      0x240 fun\jazda.o
 .text          0x00000000        0x0 Drivers\STM32F1xx_HAL_Driver\stm32f1xx_hal_uart.o
 .data          0x00000000        0x0 Drivers\STM32F1xx_HAL_Driver\stm32f1xx_hal_uart.o
 .bss           0x00000000        0x0 Drivers\STM32F1xx_HAL_Driver\stm32f1xx_hal_uart.o
 .text.HAL_HalfDuplex_Init
                0x00000000       0xa4 Drivers\STM32F1xx_HAL_Driver\stm32f1xx_hal_uart.o
 .text.HAL_LIN_Init
                0x00000000       0xb8 Drivers\STM32F1xx_HAL_Driver\stm32f1xx_hal_uart.o
 .text.HAL_MultiProcessor_Init
                0x00000000       0xc0 Drivers\STM32F1xx_HAL_Driver\stm32f1xx_hal_uart.o
 .text.HAL_UART_DeInit
                0x00000000       0x68 Drivers\STM32F1xx_HAL_Driver\stm32f1xx_hal_uart.o
 .text.HAL_UART_MspInit
                0x00000000       0x14 Drivers\STM32F1xx_HAL_Driver\stm32f1xx_hal_uart.o
 .text.HAL_UART_MspDeInit
                0x00000000       0x14 Drivers\STM32F1xx_HAL_Driver\stm32f1xx_hal_uart.o
 .text.HAL_UART_Transmit
                0x00000000      0x150 Drivers\STM32F1xx_HAL_Driver\stm32f1xx_hal_uart.o
 .text.HAL_UART_Receive
                0x00000000      0x170 Drivers\STM32F1xx_HAL_Driver\stm32f1xx_hal_uart.o
 .text.HAL_UART_Transmit_IT
                0x00000000       0xc0 Drivers\STM32F1xx_HAL_Driver\stm32f1xx_hal_uart.o
 .text.HAL_UART_Receive_IT
                0x00000000       0xd0 Drivers\STM32F1xx_HAL_Driver\stm32f1xx_hal_uart.o
 .text.HAL_UART_Transmit_DMA
                0x00000000       0xf4 Drivers\STM32F1xx_HAL_Driver\stm32f1xx_hal_uart.o
 .text.HAL_UART_Receive_DMA
                0x00000000       0xe4 Drivers\STM32F1xx_HAL_Driver\stm32f1xx_hal_uart.o
[...]
Memory Configuration

Name             Origin             Length             Attributes
FLASH            0x08000000         0x00020000         xr
RAM              0x20000000         0x00005000         xrw
*default*        0x00000000         0xffffffff

Linker script and memory map

LOAD c:/program files (x86)/atollic/truestudio for arm 5.4.0/armtools/bin/../lib/gcc/arm-atollic-eabi/4.8.3/armv7-m/crti.o
LOAD c:/program files (x86)/atollic/truestudio for arm 5.4.0/armtools/bin/../lib/gcc/arm-atollic-eabi/4.8.3/armv7-m/crtbegin.o
LOAD fun\jazda.o
LOAD Drivers\STM32F1xx_HAL_Driver\stm32f1xx_hal_uart.o
LOAD Drivers\STM32F1xx_HAL_Driver\stm32f1xx_hal_tim_ex.o
LOAD Drivers\STM32F1xx_HAL_Driver\stm32f1xx_hal_tim.o
LOAD Drivers\STM32F1xx_HAL_Driver\stm32f1xx_hal_spi_ex.o
LOAD Drivers\STM32F1xx_HAL_Driver\stm32f1xx_hal_spi.o
LOAD Drivers\STM32F1xx_HAL_Driver\stm32f1xx_hal_rtc_ex.o
LOAD Drivers\STM32F1xx_HAL_Driver\stm32f1xx_hal_rtc.o
LOAD Drivers\STM32F1xx_HAL_Driver\stm32f1xx_hal_rcc_ex.o
LOAD Drivers\STM32F1xx_HAL_Driver\stm32f1xx_hal_rcc.o
LOAD Drivers\STM32F1xx_HAL_Driver\stm32f1xx_hal_pwr.o
LOAD Drivers\STM32F1xx_HAL_Driver\stm32f1xx_hal_i2c.o
LOAD Drivers\STM32F1xx_HAL_Driver\stm32f1xx_hal_gpio_ex.o
LOAD Drivers\STM32F1xx_HAL_Driver\stm32f1xx_hal_gpio.o
LOAD Drivers\STM32F1xx_HAL_Driver\stm32f1xx_hal_flash_ex.o
LOAD Drivers\STM32F1xx_HAL_Driver\stm32f1xx_hal_flash.o
LOAD Drivers\STM32F1xx_HAL_Driver\stm32f1xx_hal_dma.o
LOAD Drivers\STM32F1xx_HAL_Driver\stm32f1xx_hal_cortex.o
LOAD Drivers\STM32F1xx_HAL_Driver\stm32f1xx_hal_adc_ex.o
LOAD Drivers\STM32F1xx_HAL_Driver\stm32f1xx_hal_adc.o
LOAD Drivers\STM32F1xx_HAL_Driver\stm32f1xx_hal.o
LOAD Drivers\CMSIS\system_stm32f1xx.o
LOAD Application\User\stm32f1xx_it.o
LOAD Application\User\stm32f1xx_hal_msp.o
LOAD Application\User\main.o
LOAD Application\TrueSTUDIO\startup_stm32f103xb.o
START GROUP
LOAD c:/program files (x86)/atollic/truestudio for arm 5.4.0/armtools/bin/../lib/gcc/arm-atollic-eabi/4.8.3/../../../../arm-atollic-eabi/lib/armv7-m\libc.a
LOAD c:/program files (x86)/atollic/truestudio for arm 5.4.0/armtools/bin/../lib/gcc/arm-atollic-eabi/4.8.3/../../../../arm-atollic-eabi/lib/armv7-m\libm.a
END GROUP
                0x00001000                malloc_getpagesize_P = 0x1000
START GROUP
LOAD c:/program files (x86)/atollic/truestudio for arm 5.4.0/armtools/bin/../lib/gcc/arm-atollic-eabi/4.8.3/armv7-m\libgcc.a
LOAD c:/program files (x86)/atollic/truestudio for arm 5.4.0/armtools/bin/../lib/gcc/arm-atollic-eabi/4.8.3/../../../../arm-atollic-eabi/lib/armv7-m\libc.a
END GROUP
LOAD c:/program files (x86)/atollic/truestudio for arm 5.4.0/armtools/bin/../lib/gcc/arm-atollic-eabi/4.8.3/armv7-m/crtend.o
LOAD c:/program files (x86)/atollic/truestudio for arm 5.4.0/armtools/bin/../lib/gcc/arm-atollic-eabi/4.8.3/armv7-m/crtn.o
                0x20005000                _estack = 0x20005000
                0x00000000                _Min_Heap_Size = 0x0
                0x00000400                _Min_Stack_Size = 0x400

.isr_vector     0x08000000      0x10c
                0x08000000                . = ALIGN (0x4)
 *(.isr_vector)
 .isr_vector    0x08000000      0x10c Application\TrueSTUDIO\startup_stm32f103xb.o
                0x08000000                g_pfnVectors
                0x0800010c                . = ALIGN (0x4)

.text           0x0800010c     0x68ec
                0x0800010c                . = ALIGN (0x4)
 *(.text)
 .text          0x0800010c       0x40 c:/program files (x86)/atollic/truestudio for arm 5.4.0/armtools/bin/../lib/gcc/arm-atollic-eabi/4.8.3/armv7-m/crtbegin.o
 *(.text*)
 .text.rotary_left
                0x0800014c      0x16c fun\jazda.o
                0x0800014c                rotary_left
 .text.Send_Gyro
                0x080002b8       0x34 fun\jazda.o
                0x080002b8                Send_Gyro
 .text.Read_Gyro
                0x080002ec       0x48 fun\jazda.o
                0x080002ec                Read_Gyro
 .text.Read_AXIS
                0x08000334       0x54 fun\jazda.o
                0x08000334                Read_AXIS
 .text.HAL_UART_Init
                0x08000388       0x94 Drivers\STM32F1xx_HAL_Driver\stm32f1xx_hal_uart.o
                0x08000388                HAL_UART_Init
 .text.UART_SetConfig
                0x0800041c      0x180 Drivers\STM32F1xx_HAL_Driver\stm32f1xx_hal_uart.o
 .text.HAL_TIMEx_ConfigBreakDeadTime
                0x0800059c       0x74 Drivers\STM32F1xx_HAL_Driver\stm32f1xx_hal_tim_ex.o
                0x0800059c                HAL_TIMEx_ConfigBreakDeadTime
 .text.HAL_TIMEx_MasterConfigSynchronization
                0x08000610       0x8c Drivers\STM32F1xx_HAL_Driver\stm32f1xx_hal_tim_ex.o
                0x08000610                HAL_TIMEx_MasterConfigSynchronization
 .text.HAL_TIMEx_CommutationCallback
                0x0800069c       0x14 Drivers\STM32F1xx_HAL_Driver\stm32f1xx_hal_tim_ex.o
                0x0800069c                HAL_TIMEx_CommutationCallback
 .text.HAL_TIMEx_BreakCallback
                0x080006b0       0x14 Drivers\STM32F1xx_HAL_Driver\stm32f1xx_hal_tim_ex.o
                0x080006b0                HAL_TIMEx_BreakCallback
 .text.HAL_TIM_Base_Init
                0x080006c4       0x58 Drivers\STM32F1xx_HAL_Driver\stm32f1xx_hal_tim.o
                0x080006c4                HAL_TIM_Base_Init
 .text.HAL_TIM_Base_Start
                0x0800071c       0x38 Drivers\STM32F1xx_HAL_Driver\stm32f1xx_hal_tim.o
                0x0800071c                HAL_TIM_Base_Start
 .text.HAL_TIM_Base_Start_IT
                0x08000754       0x38 Drivers\STM32F1xx_HAL_Driver\stm32f1xx_hal_tim.o
                0x08000754                HAL_TIM_Base_Start_IT
 .text.HAL_TIM_PWM_Init
                0x0800078c       0x58 Drivers\STM32F1xx_HAL_Driver\stm32f1xx_hal_tim.o
                0x0800078c                HAL_TIM_PWM_Init
 .text.HAL_TIM_PWM_MspInit
                0x080007e4       0x14 Drivers\STM32F1xx_HAL_Driver\stm32f1xx_hal_tim.o
                0x080007e4                HAL_TIM_PWM_MspInit
 .text.HAL_TIM_PWM_Start
                0x080007f8       0x50 Drivers\STM32F1xx_HAL_Driver\stm32f1xx_hal_tim.o
                0x080007f8                HAL_TIM_PWM_Start
 .text.HAL_TIM_Encoder_Init
                0x08000848      0x12c Drivers\STM32F1xx_HAL_Driver\stm32f1xx_hal_tim.o
                0x08000848                HAL_TIM_Encoder_Init
 .text.HAL_TIM_Encoder_Start
                0x08000974       0x70 Drivers\STM32F1xx_HAL_Driver\stm32f1xx_hal_tim.o
                0x08000974                HAL_TIM_Encoder_Start
 .text.HAL_TIM_IRQHandler
                0x080009e4      0x210 Drivers\STM32F1xx_HAL_Driver\stm32f1xx_hal_tim.o
                0x080009e4                HAL_TIM_IRQHandler
 .text.HAL_TIM_PWM_ConfigChannel
                0x08000bf4      0x18c Drivers\STM32F1xx_HAL_Driver\stm32f1xx_hal_tim.o
                0x08000bf4                HAL_TIM_PWM_ConfigChannel
 .text.HAL_TIM_ConfigClockSource
                0x08000d80      0x1c4 Drivers\STM32F1xx_HAL_Driver\stm32f1xx_hal_tim.o
                0x08000d80                HAL_TIM_ConfigClockSource
 .text.HAL_TIM_PeriodElapsedCallback
                0x08000f44       0x14 Drivers\STM32F1xx_HAL_Driver\stm32f1xx_hal_tim.o
                0x08000f44                HAL_TIM_PeriodElapsedCallback
 .text.HAL_TIM_OC_DelayElapsedCallback
                0x08000f58       0x14 Drivers\STM32F1xx_HAL_Driver\stm32f1xx_hal_tim.o
                0x08000f58                HAL_TIM_OC_DelayElapsedCallback
 .text.HAL_TIM_IC_CaptureCallback
                0x08000f6c       0x14 Drivers\STM32F1xx_HAL_Driver\stm32f1xx_hal_tim.o
                0x08000f6c                HAL_TIM_IC_CaptureCallback
 .text.HAL_TIM_PWM_PulseFinishedCallback
                0x08000f80       0x14 Drivers\STM32F1xx_HAL_Driver\stm32f1xx_hal_tim.o
                0x08000f80                HAL_TIM_PWM_PulseFinishedCallback
 .text.HAL_TIM_TriggerCallback
                0x08000f94       0x14 Drivers\STM32F1xx_HAL_Driver\stm32f1xx_hal_tim.o
                0x08000f94                HAL_TIM_TriggerCallback
 .text.TIM_Base_SetConfig
                0x08000fa8       0xbc Drivers\STM32F1xx_HAL_Driver\stm32f1xx_hal_tim.o
                0x08000fa8                TIM_Base_SetConfig
 .text.TIM_OC1_SetConfig
                0x08001064       0xd8 Drivers\STM32F1xx_HAL_Driver\stm32f1xx_hal_tim.o
 .text.TIM_OC2_SetConfig
                0x0800113c       0xe0 Drivers\STM32F1xx_HAL_Driver\stm32f1xx_hal_tim.o
                0x0800113c                TIM_OC2_SetConfig
 .text.TIM_OC3_SetConfig
                0x0800121c       0xe0 Drivers\STM32F1xx_HAL_Driver\stm32f1xx_hal_tim.o
 .text.TIM_OC4_SetConfig
                0x080012fc       0xa8 Drivers\STM32F1xx_HAL_Driver\stm32f1xx_hal_tim.o
 .text.TIM_TI1_ConfigInputStage
                0x080013a4       0x64 Drivers\STM32F1xx_HAL_Driver\stm32f1xx_hal_tim.o
 .text.TIM_TI2_ConfigInputStage
                0x08001408       0x68 Drivers\STM32F1xx_HAL_Driver\stm32f1xx_hal_tim.o
 .text.TIM_ITRx_SetConfig
                0x08001470       0x3c Drivers\STM32F1xx_HAL_Driver\stm32f1xx_hal_tim.o
 .text.TIM_ETR_SetConfig
                0x080014ac       0x44 Drivers\STM32F1xx_HAL_Driver\stm32f1xx_hal_tim.o
 .text.TIM_CCxChannelCmd
                0x080014f0       0x44 Drivers\STM32F1xx_HAL_Driver\stm32f1xx_hal_tim.o
                0x080014f0                TIM_CCxChannelCmd
 .text.HAL_SPI_Init
                0x08001534       0xcc Drivers\STM32F1xx_HAL_Driver\stm32f1xx_hal_spi_ex.o
                0x08001534                HAL_SPI_Init
 .text.HAL_RTC_Init
                0x08001600      0x12c Drivers\STM32F1xx_HAL_Driver\stm32f1xx_hal_rtc.o
                0x08001600                HAL_RTC_Init
 .text.HAL_RTC_SetTime
                0x0800172c      0x12c Drivers\STM32F1xx_HAL_Driver\stm32f1xx_hal_rtc.o
                0x0800172c                HAL_RTC_SetTime
 .text.HAL_RTC_SetDate
                0x08001858      0x170 Drivers\STM32F1xx_HAL_Driver\stm32f1xx_hal_rtc.o
                0x08001858                HAL_RTC_SetDate
 .text.HAL_RTC_WaitForSynchro
                0x080019c8       0x5c Drivers\STM32F1xx_HAL_Driver\stm32f1xx_hal_rtc.o
                0x080019c8                HAL_RTC_WaitForSynchro
 .text.RTC_ReadTimeCounter
                0x08001a24       0x64 Drivers\STM32F1xx_HAL_Driver\stm32f1xx_hal_rtc.o
 .text.RTC_WriteTimeCounter
                0x08001a88       0x50 Drivers\STM32F1xx_HAL_Driver\stm32f1xx_hal_rtc.o
 .text.RTC_ReadAlarmCounter
                0x08001ad8       0x34 Drivers\STM32F1xx_HAL_Driver\stm32f1xx_hal_rtc.o
 .text.RTC_WriteAlarmCounter
                0x08001b0c       0x50 Drivers\STM32F1xx_HAL_Driver\stm32f1xx_hal_rtc.o
 .text.RTC_EnterInitMode
                0x08001b5c       0x50 Drivers\STM32F1xx_HAL_Driver\stm32f1xx_hal_rtc.o
 .text.RTC_ExitInitMode
                0x08001bac       0x50 Drivers\STM32F1xx_HAL_Driver\stm32f1xx_hal_rtc.o
 .text.RTC_Bcd2ToByte
                0x08001bfc       0x3c Drivers\STM32F1xx_HAL_Driver\stm32f1xx_hal_rtc.o
 .text.RTC_WeekDayNum
                0x08001c38      0x100 Drivers\STM32F1xx_HAL_Driver\stm32f1xx_hal_rtc.o
 .text.HAL_RCCEx_PeriphCLKConfig
                0x08001d38      0x1dc Drivers\STM32F1xx_HAL_Driver\stm32f1xx_hal_rcc_ex.o
                0x08001d38                HAL_RCCEx_PeriphCLKConfig
 .text.HAL_RCCEx_GetPeriphCLKFreq
                0x08001f14      0x1c4 Drivers\STM32F1xx_HAL_Driver\stm32f1xx_hal_rcc_ex.o
                0x08001f14                HAL_RCCEx_GetPeriphCLKFreq
 .text.HAL_RCC_OscConfig
                0x080020d8     0x1018 Drivers\STM32F1xx_HAL_Driver\stm32f1xx_hal_rcc.o
                0x080020d8                HAL_RCC_OscConfig
 .text.HAL_RCC_ClockConfig
                0x080030f0      0x5e0 Drivers\STM32F1xx_HAL_Driver\stm32f1xx_hal_rcc.o
                0x080030f0                HAL_RCC_ClockConfig
 .text.HAL_RCC_GetSysClockFreq
                0x080036d0       0xf4 Drivers\STM32F1xx_HAL_Driver\stm32f1xx_hal_rcc.o
                0x080036d0                HAL_RCC_GetSysClockFreq
 .text.HAL_RCC_GetHCLKFreq
                0x080037c4       0x4c Drivers\STM32F1xx_HAL_Driver\stm32f1xx_hal_rcc.o
                0x080037c4                HAL_RCC_GetHCLKFreq
 .text.HAL_RCC_GetPCLK1Freq
                0x08003810       0x44 Drivers\STM32F1xx_HAL_Driver\stm32f1xx_hal_rcc.o
                0x08003810                HAL_RCC_GetPCLK1Freq
 .text.HAL_RCC_GetPCLK2Freq
                0x08003854       0x44 Drivers\STM32F1xx_HAL_Driver\stm32f1xx_hal_rcc.o
                0x08003854                HAL_RCC_GetPCLK2Freq
 .text.HAL_PWR_EnableBkUpAccess
                0x08003898       0x34 Drivers\STM32F1xx_HAL_Driver\stm32f1xx_hal_pwr.o
                0x08003898                HAL_PWR_EnableBkUpAccess
 .text.HAL_I2C_Init
                0x080038cc      0x104 Drivers\STM32F1xx_HAL_Driver\stm32f1xx_hal_i2c.o
                0x080038cc                HAL_I2C_Init
 .text.HAL_I2C_Master_Transmit
                0x080039d0      0x168 Drivers\STM32F1xx_HAL_Driver\stm32f1xx_hal_i2c.o
                0x080039d0                HAL_I2C_Master_Transmit
 .text.HAL_I2C_Master_Receive
                0x08003b38      0x31c Drivers\STM32F1xx_HAL_Driver\stm32f1xx_hal_i2c.o
                0x08003b38                HAL_I2C_Master_Receive
 .text.I2C_MasterRequestWrite
                0x08003e54       0xc4 Drivers\STM32F1xx_HAL_Driver\stm32f1xx_hal_i2c.o
 .text.I2C_MasterRequestRead
                0x08003f18      0x144 Drivers\STM32F1xx_HAL_Driver\stm32f1xx_hal_i2c.o
 .text.I2C_Configure_Speed
                0x0800405c       0x9c Drivers\STM32F1xx_HAL_Driver\stm32f1xx_hal_i2c.o
 .text.I2C_WaitOnFlagUntilTimeout
                0x080040f8      0x114 Drivers\STM32F1xx_HAL_Driver\stm32f1xx_hal_i2c.o
 .text.I2C_WaitOnMasterAddressFlagUntilTimeout
                0x0800420c       0xdc Drivers\STM32F1xx_HAL_Driver\stm32f1xx_hal_i2c.o
 .text.HAL_GPIO_Init
                0x080042e8      0x2bc Drivers\STM32F1xx_HAL_Driver\stm32f1xx_hal_gpio.o
                0x080042e8                HAL_GPIO_Init
 .text.HAL_GPIO_WritePin
                0x080045a4       0x30 Drivers\STM32F1xx_HAL_Driver\stm32f1xx_hal_gpio.o
                0x080045a4                HAL_GPIO_WritePin
 .text.HAL_GPIO_EXTI_IRQHandler
                0x080045d4       0x30 Drivers\STM32F1xx_HAL_Driver\stm32f1xx_hal_gpio.o
                0x080045d4                HAL_GPIO_EXTI_IRQHandler
 .text.HAL_GPIO_EXTI_Callback
                0x08004604       0x14 Drivers\STM32F1xx_HAL_Driver\stm32f1xx_hal_gpio.o
                0x08004604                HAL_GPIO_EXTI_Callback
 .text.HAL_DMA_Init
                0x08004618       0x98 Drivers\STM32F1xx_HAL_Driver\stm32f1xx_hal_dma.o
                0x08004618                HAL_DMA_Init
 .text.HAL_DMA_Start_IT
                0x080046b0       0x94 Drivers\STM32F1xx_HAL_Driver\stm32f1xx_hal_dma.o
                0x080046b0                HAL_DMA_Start_IT
 .text.HAL_DMA_IRQHandler
                0x08004744      0x3dc Drivers\STM32F1xx_HAL_Driver\stm32f1xx_hal_dma.o
                0x08004744                HAL_DMA_IRQHandler
 .text.DMA_SetConfig
                0x08004b20       0x4c Drivers\STM32F1xx_HAL_Driver\stm32f1xx_hal_dma.o
 .text.NVIC_SetPriorityGrouping
                0x08004b6c       0x48 Drivers\STM32F1xx_HAL_Driver\stm32f1xx_hal_cortex.o
 .text.NVIC_GetPriorityGrouping
                0x08004bb4       0x1c Drivers\STM32F1xx_HAL_Driver\stm32f1xx_hal_cortex.o
 .text.NVIC_EnableIRQ
                0x08004bd0       0x30 Drivers\STM32F1xx_HAL_Driver\stm32f1xx_hal_cortex.o
 .text.NVIC_SetPriority
                0x08004c00       0x54 Drivers\STM32F1xx_HAL_Driver\stm32f1xx_hal_cortex.o
 .text.NVIC_EncodePriority
                0x08004c54       0x64 Drivers\STM32F1xx_HAL_Driver\stm32f1xx_hal_cortex.o
 .text.SysTick_Config
                0x08004cb8       0x44 Drivers\STM32F1xx_HAL_Driver\stm32f1xx_hal_cortex.o
 .text.HAL_NVIC_SetPriorityGrouping
                0x08004cfc       0x14 Drivers\STM32F1xx_HAL_Driver\stm32f1xx_hal_cortex.o
                0x08004cfc                HAL_NVIC_SetPriorityGrouping
 .text.HAL_NVIC_SetPriority
                0x08004d10       0x38 Drivers\STM32F1xx_HAL_Driver\stm32f1xx_hal_cortex.o
                0x08004d10                HAL_NVIC_SetPriority
 .text.HAL_NVIC_EnableIRQ
                0x08004d48       0x1c Drivers\STM32F1xx_HAL_Driver\stm32f1xx_hal_cortex.o
                0x08004d48                HAL_NVIC_EnableIRQ
 .text.HAL_SYSTICK_Config
                0x08004d64       0x18 Drivers\STM32F1xx_HAL_Driver\stm32f1xx_hal_cortex.o
                0x08004d64                HAL_SYSTICK_Config
 .text.HAL_SYSTICK_CLKSourceConfig
                0x08004d7c       0x38 Drivers\STM32F1xx_HAL_Driver\stm32f1xx_hal_cortex.o
                0x08004d7c                HAL_SYSTICK_CLKSourceConfig
 .text.HAL_SYSTICK_IRQHandler
                0x08004db4        0xc Drivers\STM32F1xx_HAL_Driver\stm32f1xx_hal_cortex.o
                0x08004db4                HAL_SYSTICK_IRQHandler
 .text.HAL_SYSTICK_Callback
                0x08004dc0        0xc Drivers\STM32F1xx_HAL_Driver\stm32f1xx_hal_cortex.o
                0x08004dc0                HAL_SYSTICK_Callback
 .text.HAL_ADCEx_Calibration_Start
                0x08004dcc      0x138 Drivers\STM32F1xx_HAL_Driver\stm32f1xx_hal_adc_ex.o
                0x08004dcc                HAL_ADCEx_Calibration_Start
 .text.HAL_ADC_Init
                0x08004f04      0x1ec Drivers\STM32F1xx_HAL_Driver\stm32f1xx_hal_adc.o
                0x08004f04                HAL_ADC_Init
 .text.HAL_ADC_Start
                0x080050f0      0x160 Drivers\STM32F1xx_HAL_Driver\stm32f1xx_hal_adc.o
                0x080050f0                HAL_ADC_Start
 .text.HAL_ADC_Start_DMA
                0x08005250      0x1c4 Drivers\STM32F1xx_HAL_Driver\stm32f1xx_hal_adc.o
                0x08005250                HAL_ADC_Start_DMA
 .text.HAL_ADC_ConvCpltCallback
                0x08005414       0x14 Drivers\STM32F1xx_HAL_Driver\stm32f1xx_hal_adc.o
                0x08005414                HAL_ADC_ConvCpltCallback
 .text.HAL_ADC_ConvHalfCpltCallback
                0x08005428       0x14 Drivers\STM32F1xx_HAL_Driver\stm32f1xx_hal_adc.o
                0x08005428                HAL_ADC_ConvHalfCpltCallback
 .text.HAL_ADC_ErrorCallback
                0x0800543c       0x14 Drivers\STM32F1xx_HAL_Driver\stm32f1xx_hal_adc.o
                0x0800543c                HAL_ADC_ErrorCallback
 .text.HAL_ADC_ConfigChannel
                0x08005450      0x2a4 Drivers\STM32F1xx_HAL_Driver\stm32f1xx_hal_adc.o
                0x08005450                HAL_ADC_ConfigChannel
 .text.ADC_Enable
                0x080056f4       0xa4 Drivers\STM32F1xx_HAL_Driver\stm32f1xx_hal_adc.o
                0x080056f4                ADC_Enable
 .text.ADC_ConversionStop_Disable
                0x08005798       0x74 Drivers\STM32F1xx_HAL_Driver\stm32f1xx_hal_adc.o
                0x08005798                ADC_ConversionStop_Disable
 .text.ADC_DMAConvCplt
                0x0800580c       0x7c Drivers\STM32F1xx_HAL_Driver\stm32f1xx_hal_adc.o
                0x0800580c                ADC_DMAConvCplt
 .text.ADC_DMAHalfConvCplt
                0x08005888       0x1c Drivers\STM32F1xx_HAL_Driver\stm32f1xx_hal_adc.o
                0x08005888                ADC_DMAHalfConvCplt
 .text.ADC_DMAError
                0x080058a4       0x34 Drivers\STM32F1xx_HAL_Driver\stm32f1xx_hal_adc.o
                0x080058a4                ADC_DMAError
 .text.HAL_Init
                0x080058d8       0x2c Drivers\STM32F1xx_HAL_Driver\stm32f1xx_hal.o
                0x080058d8                HAL_Init
 .text.HAL_InitTick
                0x08005904       0x38 Drivers\STM32F1xx_HAL_Driver\stm32f1xx_hal.o
                0x08005904                HAL_InitTick
 .text.HAL_IncTick
                0x0800593c       0x1c Drivers\STM32F1xx_HAL_Driver\stm32f1xx_hal.o
                0x0800593c                HAL_IncTick
 .text.HAL_GetTick
                0x08005958       0x18 Drivers\STM32F1xx_HAL_Driver\stm32f1xx_hal.o
                0x08005958                HAL_GetTick
 .text.HAL_Delay
                0x08005970       0x2c Drivers\STM32F1xx_HAL_Driver\stm32f1xx_hal.o
                0x08005970                HAL_Delay
 .text.SystemInit
                0x0800599c       0x68 Drivers\CMSIS\system_stm32f1xx.o
                0x0800599c                SystemInit
 .text.SysTick_Handler
                0x08005a04       0x10 Application\User\stm32f1xx_it.o
                0x08005a04                SysTick_Handler
 .text.DMA1_Channel1_IRQHandler
                0x08005a14       0x98 Application\User\stm32f1xx_it.o
                0x08005a14                DMA1_Channel1_IRQHandler
 .text.TIM4_IRQHandler
                0x08005aac      0x29c Application\User\stm32f1xx_it.o
                0x08005aac                TIM4_IRQHandler
 .text.EXTI15_10_IRQHandler
                0x08005d48       0x24 Application\User\stm32f1xx_it.o
                0x08005d48                EXTI15_10_IRQHandler
 .text.HAL_MspInit
                0x08005d6c       0x50 Application\User\stm32f1xx_hal_msp.o
                0x08005d6c                HAL_MspInit
 .text.HAL_ADC_MspInit
                0x08005dbc       0xd0 Application\User\stm32f1xx_hal_msp.o
                0x08005dbc                HAL_ADC_MspInit
 .text.HAL_I2C_MspInit
                0x08005e8c       0x68 Application\User\stm32f1xx_hal_msp.o
                0x08005e8c                HAL_I2C_MspInit
 .text.HAL_RTC_MspInit
                0x08005ef4       0x60 Application\User\stm32f1xx_hal_msp.o
                0x08005ef4                HAL_RTC_MspInit
 .text.HAL_SPI_MspInit
                0x08005f54       0x70 Application\User\stm32f1xx_hal_msp.o
                0x08005f54                HAL_SPI_MspInit
 .text.HAL_TIM_Base_MspInit
                0x08005fc4       0x90 Application\User\stm32f1xx_hal_msp.o
                0x08005fc4                HAL_TIM_Base_MspInit
 .text.HAL_TIM_Encoder_MspInit
                0x08006054       0xa4 Application\User\stm32f1xx_hal_msp.o
                0x08006054                HAL_TIM_Encoder_MspInit
 .text.HAL_UART_MspInit
                0x080060f8       0x70 Application\User\stm32f1xx_hal_msp.o
                0x080060f8                HAL_UART_MspInit
 .text.main     0x08006168      0x1ac Application\User\main.o
                0x08006168                main
 .text.SystemClock_Config
                0x08006314       0x9c Application\User\main.o
                0x08006314                SystemClock_Config
 .text.MX_ADC1_Init
                0x080063b0       0xb8 Application\User\main.o
 .text.MX_I2C1_Init
                0x08006468       0x50 Application\User\main.o
 .text.MX_RTC_Init
                0x080064b8       0x64 Application\User\main.o
 .text.MX_SPI2_Init
                0x0800651c       0x60 Application\User\main.o
 .text.MX_TIM1_Init
                0x0800657c       0xcc Application\User\main.o
 .text.MX_TIM2_Init
                0x08006648       0x74 Application\User\main.o
 .text.MX_TIM3_Init
                0x080066bc       0x78 Application\User\main.o
 .text.MX_TIM4_Init
                0x08006734       0x60 Application\User\main.o
 .text.MX_USART3_UART_Init
                0x08006794       0x48 Application\User\main.o
 .text.MX_DMA_Init
                0x080067dc       0x38 Application\User\main.o
 .text.MX_GPIO_Init
                0x08006814      0x12c Application\User\main.o
 .text.Reset_Handler
                0x08006940       0x50 Application\TrueSTUDIO\startup_stm32f103xb.o
                0x08006940                Reset_Handler
 .text.Default_Handler
                0x08006990        0x4 Application\TrueSTUDIO\startup_stm32f103xb.o
                0x08006990                RTC_Alarm_IRQHandler
                0x08006990                EXTI2_IRQHandler
                0x08006990                DebugMon_Handler
                0x08006990                TIM1_CC_IRQHandler
                0x08006990                HardFault_Handler
                0x08006990                PVD_IRQHandler
                0x08006990                PendSV_Handler
                0x08006990                NMI_Handler
                0x08006990                EXTI3_IRQHandler
                0x08006990                EXTI0_IRQHandler
                0x08006990                I2C2_EV_IRQHandler
                0x08006990                UsageFault_Handler
                0x08006990                ADC1_2_IRQHandler
                0x08006990                SPI1_IRQHandler
                0x08006990                TAMPER_IRQHandler
                0x08006990                DMA1_Channel4_IRQHandler
                0x08006990                USART3_IRQHandler
                0x08006990                RTC_IRQHandler
                0x08006990                DMA1_Channel7_IRQHandler
                0x08006990                CAN1_RX1_IRQHandler
                0x08006990                I2C1_EV_IRQHandler
                0x08006990                DMA1_Channel6_IRQHandler
                0x08006990                TIM3_IRQHandler
                0x08006990                RCC_IRQHandler
                0x08006990                TIM1_TRG_COM_IRQHandler
                0x08006990                Default_Handler
                0x08006990                EXTI9_5_IRQHandler
                0x08006990                SPI2_IRQHandler
                0x08006990                MemManage_Handler
                0x08006990                SVC_Handler
                0x08006990                DMA1_Channel5_IRQHandler
                0x08006990                EXTI4_IRQHandler
                0x08006990                USB_LP_CAN1_RX0_IRQHandler
                0x08006990                USB_HP_CAN1_TX_IRQHandler
                0x08006990                DMA1_Channel3_IRQHandler
                0x08006990                TIM1_UP_IRQHandler
                0x08006990                WWDG_IRQHandler
                0x08006990                TIM2_IRQHandler
                0x08006990                TIM1_BRK_IRQHandler
                0x08006990                EXTI1_IRQHandler
                0x08006990                USART2_IRQHandler
                0x08006990                I2C2_ER_IRQHandler
                0x08006990                DMA1_Channel2_IRQHandler
                0x08006990                CAN1_SCE_IRQHandler
                0x08006990                FLASH_IRQHandler
                0x08006990                BusFault_Handler
                0x08006990                USART1_IRQHandler
                0x08006990                I2C1_ER_IRQHandler
                0x08006990                USBWakeUp_IRQHandler
 .text.__libc_init_array
                0x08006994       0x4c c:/program files (x86)/atollic/truestudio for arm 5.4.0/armtools/bin/../lib/gcc/arm-atollic-eabi/4.8.3/../../../../arm-atollic-eabi/lib/armv7-m\libc.a(lib_a-init.o)
                0x08006994                __libc_init_array
 *(.glue_7)
 .glue_7        0x00000000        0x0 linker stubs
 *(.glue_7t)
 .glue_7t       0x00000000        0x0 linker stubs
 *(.eh_frame)
 .eh_frame      0x080069e0        0x0 c:/program files (x86)/atollic/truestudio for arm 5.4.0/armtools/bin/../lib/gcc/arm-atollic-eabi/4.8.3/armv7-m/crtbegin.o
 *(.init)
 .init          0x080069e0        0x4 c:/program files (x86)/atollic/truestudio for arm 5.4.0/armtools/bin/../lib/gcc/arm-atollic-eabi/4.8.3/armv7-m/crti.o
                0x080069e0                _init
 .init          0x080069e4        0x8 c:/program files (x86)/atollic/truestudio for arm 5.4.0/armtools/bin/../lib/gcc/arm-atollic-eabi/4.8.3/armv7-m/crtn.o
 *(.fini)
 .fini          0x080069ec        0x4 c:/program files (x86)/atollic/truestudio for arm 5.4.0/armtools/bin/../lib/gcc/arm-atollic-eabi/4.8.3/armv7-m/crti.o
                0x080069ec                _fini
 .fini          0x080069f0        0x8 c:/program files (x86)/atollic/truestudio for arm 5.4.0/armtools/bin/../lib/gcc/arm-atollic-eabi/4.8.3/armv7-m/crtn.o
                0x080069f8                . = ALIGN (0x4)
                0x080069f8                _etext = .

.vfp11_veneer   0x080069f8        0x0
 .vfp11_veneer  0x00000000        0x0 linker stubs

.v4_bx          0x080069f8        0x0
 .v4_bx         0x00000000        0x0 linker stubs

.iplt           0x080069f8        0x0
 .iplt          0x00000000        0x0 c:/program files (x86)/atollic/truestudio for arm 5.4.0/armtools/bin/../lib/gcc/arm-atollic-eabi/4.8.3/armv7-m/crtbegin.o

.rodata         0x080069f8       0x38
                0x080069f8                . = ALIGN (0x4)
 *(.rodata)
 .rodata        0x080069f8       0x14 Drivers\STM32F1xx_HAL_Driver\stm32f1xx_hal_rcc_ex.o
 .rodata        0x08006a0c       0x14 Drivers\STM32F1xx_HAL_Driver\stm32f1xx_hal_rcc.o
 *(.rodata*)
 .rodata.aAPBAHBPrescTable
                0x08006a20       0x10 Drivers\STM32F1xx_HAL_Driver\stm32f1xx_hal_rcc.o
                0x08006a20                aAPBAHBPrescTable
                0x08006a30                . = ALIGN (0x4)

.rel.dyn        0x08006a30        0x0
 .rel.iplt      0x00000000        0x0 c:/program files (x86)/atollic/truestudio for arm 5.4.0/armtools/bin/../lib/gcc/arm-atollic-eabi/4.8.3/armv7-m/crtbegin.o

.ARM.extab
 *(.ARM.extab* .gnu.linkonce.armextab.*)

.ARM            0x08006a30        0x0
                0x08006a30                __exidx_start = .
 *(.ARM.exidx*)
                0x08006a30                __exidx_end = .

.preinit_array  0x08006a30        0x0
                0x08006a30                PROVIDE (__preinit_array_start, .)
 *(.preinit_array*)
                0x08006a30                PROVIDE (__preinit_array_end, .)

.init_array     0x08006a30        0x4
                0x08006a30                PROVIDE (__init_array_start, .)
 *(SORT(.init_array.*))
 *(.init_array*)
 .init_array    0x08006a30        0x4 c:/program files (x86)/atollic/truestudio for arm 5.4.0/armtools/bin/../lib/gcc/arm-atollic-eabi/4.8.3/armv7-m/crtbegin.o
                0x08006a34                PROVIDE (__init_array_end, .)

.fini_array     0x08006a34        0x4
                0x08006a34                PROVIDE (__fini_array_start, .)
 *(SORT(.fini_array.*))
 *(.fini_array*)
 .fini_array    0x08006a34        0x4 c:/program files (x86)/atollic/truestudio for arm 5.4.0/armtools/bin/../lib/gcc/arm-atollic-eabi/4.8.3/armv7-m/crtbegin.o
                0x08006a38                PROVIDE (__fini_array_end, .)
                0x08006a38                _sidata = LOADADDR (.data)

.data           0x20000000        0x8 load address 0x08006a38
                0x20000000                . = ALIGN (0x4)
                0x20000000                _sdata = .
 *(.data)
 *(.data*)
 .data.SystemCoreClock
                0x20000000        0x4 Drivers\CMSIS\system_stm32f1xx.o
                0x20000000                SystemCoreClock
 .data.ori      0x20000004        0x1 Application\User\main.o
                0x20000004                ori
                0x20000008                . = ALIGN (0x4)
 *fill*         0x20000005        0x3 
                0x20000008                _edata = .

.igot.plt       0x20000008        0x0 load address 0x08006a40
 .igot.plt      0x00000000        0x0 c:/program files (x86)/atollic/truestudio for arm 5.4.0/armtools/bin/../lib/gcc/arm-atollic-eabi/4.8.3/armv7-m/crtbegin.o
                0x20000008                . = ALIGN (0x4)

.bss            0x20000008      0x52c load address 0x08006a40
                0x20000008                _sbss = .
                0x20000008                __bss_start__ = _sbss
 *(.bss)
 .bss           0x20000008       0x1c c:/program files (x86)/atollic/truestudio for arm 5.4.0/armtools/bin/../lib/gcc/arm-atollic-eabi/4.8.3/armv7-m/crtbegin.o
 *(.bss*)
 .bss.uCRCErrorWorkaroundCheck
                0x20000024        0x1 Drivers\STM32F1xx_HAL_Driver\stm32f1xx_hal_spi_ex.o
                0x20000024                uCRCErrorWorkaroundCheck
 *fill*         0x20000025        0x3 
 .bss.uwTick    0x20000028        0x4 Drivers\STM32F1xx_HAL_Driver\stm32f1xx_hal.o
 .bss.adcavg.7350
                0x2000002c       0x78 Application\User\stm32f1xx_it.o
 .bss.SensorTab
                0x200000a4       0x18 Application\User\main.o
                0x200000a4                SensorTab
 .bss.dys0      0x200000bc        0xc Application\User\main.o
                0x200000bc                dys0
 .bss.counter   0x200000c8        0x1 Application\User\main.o
                0x200000c8                counter
 .bss.count     0x200000c9        0x1 Application\User\main.o
                0x200000c9                count
 .bss.start     0x200000ca        0x1 Application\User\main.o
                0x200000ca                start
 *fill*         0x200000cb        0x1 
 .bss.angle     0x200000cc        0x4 Application\User\main.o
                0x200000cc                angle
 .bss.WAI       0x200000d0        0x1 Application\User\main.o
                0x200000d0                WAI
 *(COMMON)
 *fill*         0x200000d1        0x3 
 COMMON         0x200000d4       0x50 fun\jazda.o
                0x200000d4                Min3
                0x200000e0                test
                0x200000e4                MinMax
                0x200000fc                Max3
                0x20000108                test2
                0x2000010c                error
                0x20000114                test3
                0x20000118                adcData
 COMMON         0x20000124      0x410 Application\User\main.o
                0x20000124                path
                0x20000224                j
                0x20000228                hspi2
                0x20000280                htim4
                0x200002bc                huart3
                0x200002fc                hi2c1
                0x20000338                htim3
                0x20000374                hadc1
                0x200003a4                i
                0x200003a8                hdma_adc1
                0x200003e0                hrtc
                0x200003f4                htim1
                0x20000430                cell
                0x20000494                htim2
                0x200004d0                walls
                0x20000534                . = ALIGN (0x4)
                0x20000534                _ebss = .
                0x20000534                __bss_end__ = _ebss

._user_heap_stack
                0x20000534      0x400 load address 0x08006a40
                0x20000534                . = ALIGN (0x4)
                0x20000534                PROVIDE (end, .)
                0x20000534                PROVIDE (_end, .)
                0x20000534                . = (. + _Min_Heap_Size)
                0x20000934                . = (. + _Min_Stack_Size)
 *fill*         0x20000534      0x400 
                0x20000934                . = ALIGN (0x4)

/DISCARD/
 libc.a(*)
 libm.a(*)
 libgcc.a(*)

.ARM.attributes
                0x00000000       0x29
 *(.ARM.attributes)
 .ARM.attributes
                0x00000000       0x1d c:/program files (x86)/atollic/truestudio for arm 5.4.0/armtools/bin/../lib/gcc/arm-atollic-eabi/4.8.3/armv7-m/crti.o
 .ARM.attributes
                0x0000001d       0x2d c:/program files (x86)/atollic/truestudio for arm 5.4.0/armtools/bin/../lib/gcc/arm-atollic-eabi/4.8.3/armv7-m/crtbegin.o
 .ARM.attributes
                0x0000004a       0x33 fun\jazda.o
 .ARM.attributes
                0x0000007d       0x33 Drivers\STM32F1xx_HAL_Driver\stm32f1xx_hal_uart.o
 .ARM.attributes
                0x000000b0       0x33 Drivers\STM32F1xx_HAL_Driver\stm32f1xx_hal_tim_ex.o
 .ARM.attributes
                0x000000e3       0x33 Drivers\STM32F1xx_HAL_Driver\stm32f1xx_hal_tim.o
 .ARM.attributes
                0x00000116       0x33 Drivers\STM32F1xx_HAL_Driver\stm32f1xx_hal_spi_ex.o
 .ARM.attributes
                0x00000149       0x33 Drivers\STM32F1xx_HAL_Driver\stm32f1xx_hal_rtc.o
 .ARM.attributes
                0x0000017c       0x33 Drivers\STM32F1xx_HAL_Driver\stm32f1xx_hal_rcc_ex.o
 .ARM.attributes
                0x000001af       0x33 Drivers\STM32F1xx_HAL_Driver\stm32f1xx_hal_rcc.o
 .ARM.attributes
                0x000001e2       0x33 Drivers\STM32F1xx_HAL_Driver\stm32f1xx_hal_pwr.o
 .ARM.attributes
                0x00000215       0x33 Drivers\STM32F1xx_HAL_Driver\stm32f1xx_hal_i2c.o
 .ARM.attributes
                0x00000248       0x33 Drivers\STM32F1xx_HAL_Driver\stm32f1xx_hal_gpio.o
 .ARM.attributes
                0x0000027b       0x33 Drivers\STM32F1xx_HAL_Driver\stm32f1xx_hal_dma.o
 .ARM.attributes
                0x000002ae       0x33 Drivers\STM32F1xx_HAL_Driver\stm32f1xx_hal_cortex.o
 .ARM.attributes
                0x000002e1       0x33 Drivers\STM32F1xx_HAL_Driver\stm32f1xx_hal_adc_ex.o
 .ARM.attributes
                0x00000314       0x33 Drivers\STM32F1xx_HAL_Driver\stm32f1xx_hal_adc.o
 .ARM.attributes
                0x00000347       0x33 Drivers\STM32F1xx_HAL_Driver\stm32f1xx_hal.o
 .ARM.attributes
                0x0000037a       0x33 Drivers\CMSIS\system_stm32f1xx.o
 .ARM.attributes
                0x000003ad       0x33 Application\User\stm32f1xx_it.o
 .ARM.attributes
                0x000003e0       0x33 Application\User\stm32f1xx_hal_msp.o
 .ARM.attributes
                0x00000413       0x33 Application\User\main.o
 .ARM.attributes
                0x00000446       0x21 Application\TrueSTUDIO\startup_stm32f103xb.o
 .ARM.attributes
                0x00000467       0x2d c:/program files (x86)/atollic/truestudio for arm 5.4.0/armtools/bin/../lib/gcc/arm-atollic-eabi/4.8.3/../../../../arm-atollic-eabi/lib/armv7-m\libc.a(lib_a-init.o)
 .ARM.attributes
                0x00000494       0x1d c:/program files (x86)/atollic/truestudio for arm 5.4.0/armtools/bin/../lib/gcc/arm-atollic-eabi/4.8.3/armv7-m/crtn.o
OUTPUT(Minotaur Configuration.elf elf32-littlearm)

.debug_info     0x00000000    0x1075b
 .debug_info    0x00000000      0xbbc fun\jazda.o
 .debug_info    0x00000bbc      0xe2c Drivers\STM32F1xx_HAL_Driver\stm32f1xx_hal_uart.o
 .debug_info    0x000019e8      0xe84 Drivers\STM32F1xx_HAL_Driver\stm32f1xx_hal_tim_ex.o
 .debug_info    0x0000286c     0x20e7 Drivers\STM32F1xx_HAL_Driver\stm32f1xx_hal_tim.o
 .debug_info    0x00004953      0x574 Drivers\STM32F1xx_HAL_Driver\stm32f1xx_hal_spi_ex.o
 .debug_info    0x00004ec7      0xc7d Drivers\STM32F1xx_HAL_Driver\stm32f1xx_hal_rtc.o
 .debug_info    0x00005b44      0x529 Drivers\STM32F1xx_HAL_Driver\stm32f1xx_hal_rcc_ex.o
 .debug_info    0x0000606d     0x16a0 Drivers\STM32F1xx_HAL_Driver\stm32f1xx_hal_rcc.o
 .debug_info    0x0000770d      0x776 Drivers\STM32F1xx_HAL_Driver\stm32f1xx_hal_pwr.o
 .debug_info    0x00007e83     0x18b4 Drivers\STM32F1xx_HAL_Driver\stm32f1xx_hal_i2c.o
 .debug_info    0x00009737      0x5e2 Drivers\STM32F1xx_HAL_Driver\stm32f1xx_hal_gpio.o
 .debug_info    0x00009d19      0x56d Drivers\STM32F1xx_HAL_Driver\stm32f1xx_hal_dma.o
 .debug_info    0x0000a286      0xa94 Drivers\STM32F1xx_HAL_Driver\stm32f1xx_hal_cortex.o
 .debug_info    0x0000ad1a      0xac1 Drivers\STM32F1xx_HAL_Driver\stm32f1xx_hal_adc_ex.o
 .debug_info    0x0000b7db      0xdf5 Drivers\STM32F1xx_HAL_Driver\stm32f1xx_hal_adc.o
 .debug_info    0x0000c5d0      0x5ce Drivers\STM32F1xx_HAL_Driver\stm32f1xx_hal.o
 .debug_info    0x0000cb9e      0x399 Drivers\CMSIS\system_stm32f1xx.o
 .debug_info    0x0000cf37      0x76c Application\User\stm32f1xx_it.o
 .debug_info    0x0000d6a3     0x1583 Application\User\stm32f1xx_hal_msp.o
 .debug_info    0x0000ec26     0x1a7c Application\User\main.o
 .debug_info    0x000106a2       0xb9 Application\TrueSTUDIO\startup_stm32f103xb.o

.debug_abbrev   0x00000000     0x2702
 .debug_abbrev  0x00000000      0x265 fun\jazda.o
 .debug_abbrev  0x00000265      0x215 Drivers\STM32F1xx_HAL_Driver\stm32f1xx_hal_uart.o
 .debug_abbrev  0x0000047a      0x1fb Drivers\STM32F1xx_HAL_Driver\stm32f1xx_hal_tim_ex.o
 .debug_abbrev  0x00000675      0x204 Drivers\STM32F1xx_HAL_Driver\stm32f1xx_hal_tim.o
 .debug_abbrev  0x00000879      0x14f Drivers\STM32F1xx_HAL_Driver\stm32f1xx_hal_spi_ex.o
 .debug_abbrev  0x000009c8      0x1f9 Drivers\STM32F1xx_HAL_Driver\stm32f1xx_hal_rtc.o
 .debug_abbrev  0x00000bc1      0x1e9 Drivers\STM32F1xx_HAL_Driver\stm32f1xx_hal_rcc_ex.o
 .debug_abbrev  0x00000daa      0x2a5 Drivers\STM32F1xx_HAL_Driver\stm32f1xx_hal_rcc.o
 .debug_abbrev  0x0000104f      0x223 Drivers\STM32F1xx_HAL_Driver\stm32f1xx_hal_pwr.o
 .debug_abbrev  0x00001272      0x208 Drivers\STM32F1xx_HAL_Driver\stm32f1xx_hal_i2c.o
 .debug_abbrev  0x0000147a      0x1aa Drivers\STM32F1xx_HAL_Driver\stm32f1xx_hal_gpio.o
 .debug_abbrev  0x00001624      0x1b3 Drivers\STM32F1xx_HAL_Driver\stm32f1xx_hal_dma.o
 .debug_abbrev  0x000017d7      0x265 Drivers\STM32F1xx_HAL_Driver\stm32f1xx_hal_cortex.o
 .debug_abbrev  0x00001a3c      0x223 Drivers\STM32F1xx_HAL_Driver\stm32f1xx_hal_adc_ex.o
 .debug_abbrev  0x00001c5f      0x203 Drivers\STM32F1xx_HAL_Driver\stm32f1xx_hal_adc.o
 .debug_abbrev  0x00001e62      0x1ed Drivers\STM32F1xx_HAL_Driver\stm32f1xx_hal.o
 .debug_abbrev  0x0000204f      0x120 Drivers\CMSIS\system_stm32f1xx.o
 .debug_abbrev  0x0000216f      0x179 Application\User\stm32f1xx_it.o
 .debug_abbrev  0x000022e8      0x213 Application\User\stm32f1xx_hal_msp.o
 .debug_abbrev  0x000024fb      0x1f5 Application\User\main.o
 .debug_abbrev  0x000026f0       0x12 Application\TrueSTUDIO\startup_stm32f103xb.o

.debug_aranges  0x00000000     0x1070
 .debug_aranges
                0x00000000       0x98 fun\jazda.o
 .debug_aranges
                0x00000098      0x150 Drivers\STM32F1xx_HAL_Driver\stm32f1xx_hal_uart.o
 .debug_aranges
                0x000001e8      0x138 Drivers\STM32F1xx_HAL_Driver\stm32f1xx_hal_tim_ex.o
 .debug_aranges
                0x00000320      0x368 Drivers\STM32F1xx_HAL_Driver\stm32f1xx_hal_tim.o
 .debug_aranges
                0x00000688       0x28 Drivers\STM32F1xx_HAL_Driver\stm32f1xx_hal_spi_ex.o
 .debug_aranges
                0x000006b0       0xf8 Drivers\STM32F1xx_HAL_Driver\stm32f1xx_hal_rtc.o
 .debug_aranges
                0x000007a8       0x30 Drivers\STM32F1xx_HAL_Driver\stm32f1xx_hal_rcc_ex.o
 .debug_aranges
                0x000007d8       0x88 Drivers\STM32F1xx_HAL_Driver\stm32f1xx_hal_rcc.o
 .debug_aranges
                0x00000860       0xa8 Drivers\STM32F1xx_HAL_Driver\stm32f1xx_hal_pwr.o
 .debug_aranges
                0x00000908      0x1f0 Drivers\STM32F1xx_HAL_Driver\stm32f1xx_hal_i2c.o
 .debug_aranges
                0x00000af8       0x58 Drivers\STM32F1xx_HAL_Driver\stm32f1xx_hal_gpio.o
 .debug_aranges
                0x00000b50       0x68 Drivers\STM32F1xx_HAL_Driver\stm32f1xx_hal_dma.o
 .debug_aranges
                0x00000bb8      0x100 Drivers\STM32F1xx_HAL_Driver\stm32f1xx_hal_cortex.o
 .debug_aranges
                0x00000cb8       0x80 Drivers\STM32F1xx_HAL_Driver\stm32f1xx_hal_adc_ex.o
 .debug_aranges
                0x00000d38       0xf0 Drivers\STM32F1xx_HAL_Driver\stm32f1xx_hal_adc.o
 .debug_aranges
                0x00000e28       0xb0 Drivers\STM32F1xx_HAL_Driver\stm32f1xx_hal.o
 .debug_aranges
                0x00000ed8       0x28 Drivers\CMSIS\system_stm32f1xx.o
 .debug_aranges
                0x00000f00       0x38 Application\User\stm32f1xx_it.o
 .debug_aranges
                0x00000f38       0x90 Application\User\stm32f1xx_hal_msp.o
 .debug_aranges
                0x00000fc8       0x80 Application\User\main.o
 .debug_aranges
                0x00001048       0x28 Application\TrueSTUDIO\startup_stm32f103xb.o

.debug_ranges   0x00000000      0xf28
 .debug_ranges  0x00000000       0x88 fun\jazda.o
 .debug_ranges  0x00000088      0x140 Drivers\STM32F1xx_HAL_Driver\stm32f1xx_hal_uart.o
 .debug_ranges  0x000001c8      0x128 Drivers\STM32F1xx_HAL_Driver\stm32f1xx_hal_tim_ex.o
 .debug_ranges  0x000002f0      0x358 Drivers\STM32F1xx_HAL_Driver\stm32f1xx_hal_tim.o
 .debug_ranges  0x00000648       0x18 Drivers\STM32F1xx_HAL_Driver\stm32f1xx_hal_spi_ex.o
 .debug_ranges  0x00000660       0xe8 Drivers\STM32F1xx_HAL_Driver\stm32f1xx_hal_rtc.o
 .debug_ranges  0x00000748       0x20 Drivers\STM32F1xx_HAL_Driver\stm32f1xx_hal_rcc_ex.o
 .debug_ranges  0x00000768       0x78 Drivers\STM32F1xx_HAL_Driver\stm32f1xx_hal_rcc.o
 .debug_ranges  0x000007e0       0x98 Drivers\STM32F1xx_HAL_Driver\stm32f1xx_hal_pwr.o
 .debug_ranges  0x00000878      0x1e0 Drivers\STM32F1xx_HAL_Driver\stm32f1xx_hal_i2c.o
 .debug_ranges  0x00000a58       0x48 Drivers\STM32F1xx_HAL_Driver\stm32f1xx_hal_gpio.o
 .debug_ranges  0x00000aa0       0x58 Drivers\STM32F1xx_HAL_Driver\stm32f1xx_hal_dma.o
 .debug_ranges  0x00000af8       0xf0 Drivers\STM32F1xx_HAL_Driver\stm32f1xx_hal_cortex.o
 .debug_ranges  0x00000be8       0x70 Drivers\STM32F1xx_HAL_Driver\stm32f1xx_hal_adc_ex.o
 .debug_ranges  0x00000c58       0xe0 Drivers\STM32F1xx_HAL_Driver\stm32f1xx_hal_adc.o
 .debug_ranges  0x00000d38       0xa0 Drivers\STM32F1xx_HAL_Driver\stm32f1xx_hal.o
 .debug_ranges  0x00000dd8       0x18 Drivers\CMSIS\system_stm32f1xx.o
 .debug_ranges  0x00000df0       0x28 Application\User\stm32f1xx_it.o
 .debug_ranges  0x00000e18       0x80 Application\User\stm32f1xx_hal_msp.o
 .debug_ranges  0x00000e98       0x70 Application\User\main.o
 .debug_ranges  0x00000f08       0x20 Application\TrueSTUDIO\startup_stm32f103xb.o

.debug_line     0x00000000     0x8396
 .debug_line    0x00000000      0x6c1 fun\jazda.o
 .debug_line    0x000006c1      0x89b Drivers\STM32F1xx_HAL_Driver\stm32f1xx_hal_uart.o
 .debug_line    0x00000f5c      0x766 Drivers\STM32F1xx_HAL_Driver\stm32f1xx_hal_tim_ex.o
 .debug_line    0x000016c2     0x10e3 Drivers\STM32F1xx_HAL_Driver\stm32f1xx_hal_tim.o
 .debug_line    0x000027a5      0x255 Drivers\STM32F1xx_HAL_Driver\stm32f1xx_hal_spi_ex.o
 .debug_line    0x000029fa      0x683 Drivers\STM32F1xx_HAL_Driver\stm32f1xx_hal_rtc.o
 .debug_line    0x0000307d      0x370 Drivers\STM32F1xx_HAL_Driver\stm32f1xx_hal_rcc_ex.o
 .debug_line    0x000033ed      0xd9a Drivers\STM32F1xx_HAL_Driver\stm32f1xx_hal_rcc.o
 .debug_line    0x00004187      0x3e3 Drivers\STM32F1xx_HAL_Driver\stm32f1xx_hal_pwr.o
 .debug_line    0x0000456a      0xf56 Drivers\STM32F1xx_HAL_Driver\stm32f1xx_hal_i2c.o
 .debug_line    0x000054c0      0x3c3 Drivers\STM32F1xx_HAL_Driver\stm32f1xx_hal_gpio.o
 .debug_line    0x00005883      0x507 Drivers\STM32F1xx_HAL_Driver\stm32f1xx_hal_dma.o
 .debug_line    0x00005d8a      0x46b Drivers\STM32F1xx_HAL_Driver\stm32f1xx_hal_cortex.o
 .debug_line    0x000061f5      0x680 Drivers\STM32F1xx_HAL_Driver\stm32f1xx_hal_adc_ex.o
 .debug_line    0x00006875      0x851 Drivers\STM32F1xx_HAL_Driver\stm32f1xx_hal_adc.o
 .debug_line    0x000070c6      0x373 Drivers\STM32F1xx_HAL_Driver\stm32f1xx_hal.o
 .debug_line    0x00007439      0x212 Drivers\CMSIS\system_stm32f1xx.o
 .debug_line    0x0000764b      0x337 Application\User\stm32f1xx_it.o
 .debug_line    0x00007982      0x436 Application\User\stm32f1xx_hal_msp.o
 .debug_line    0x00007db8      0x52c Application\User\main.o
 .debug_line    0x000082e4       0xb2 Application\TrueSTUDIO\startup_stm32f103xb.o

.debug_str      0x00000000     0x46bc
 .debug_str     0x00000000      0x68d fun\jazda.o
                                0x759 (size before relaxing)
 .debug_str     0x0000068d      0x574 Drivers\STM32F1xx_HAL_Driver\stm32f1xx_hal_uart.o
                                0x94b (size before relaxing)
 .debug_str     0x00000c01      0x74f Drivers\STM32F1xx_HAL_Driver\stm32f1xx_hal_tim_ex.o
                                0xb73 (size before relaxing)
 .debug_str     0x00001350      0xc5c Drivers\STM32F1xx_HAL_Driver\stm32f1xx_hal_tim.o
                               0x12de (size before relaxing)
 .debug_str     0x00001fac      0x1de Drivers\STM32F1xx_HAL_Driver\stm32f1xx_hal_spi_ex.o
                                0x600 (size before relaxing)
 .debug_str     0x0000218a      0x47c Drivers\STM32F1xx_HAL_Driver\stm32f1xx_hal_rtc.o
                                0x70a (size before relaxing)
 .debug_str     0x00002606      0x1c8 Drivers\STM32F1xx_HAL_Driver\stm32f1xx_hal_rcc_ex.o
                                0x3cf (size before relaxing)
 .debug_str     0x000027ce      0x308 Drivers\STM32F1xx_HAL_Driver\stm32f1xx_hal_rcc.o
                                0x5ea (size before relaxing)
 .debug_str     0x00002ad6      0x282 Drivers\STM32F1xx_HAL_Driver\stm32f1xx_hal_pwr.o
                                0x4cf (size before relaxing)
 .debug_str     0x00002d58      0x5ee Drivers\STM32F1xx_HAL_Driver\stm32f1xx_hal_i2c.o
                                0xba5 (size before relaxing)
 .debug_str     0x00003346      0x175 Drivers\STM32F1xx_HAL_Driver\stm32f1xx_hal_gpio.o
                                0x428 (size before relaxing)
 .debug_str     0x000034bb      0x14e Drivers\STM32F1xx_HAL_Driver\stm32f1xx_hal_dma.o
                                0x508 (size before relaxing)
 .debug_str     0x00003609      0x5b1 Drivers\STM32F1xx_HAL_Driver\stm32f1xx_hal_cortex.o
                                0x8be (size before relaxing)
 .debug_str     0x00003bba      0x3f2 Drivers\STM32F1xx_HAL_Driver\stm32f1xx_hal_adc_ex.o
                                0x808 (size before relaxing)
 .debug_str     0x00003fac      0x2d3 Drivers\STM32F1xx_HAL_Driver\stm32f1xx_hal_adc.o
                                0x86a (size before relaxing)
 .debug_str     0x0000427f      0x1c5 Drivers\STM32F1xx_HAL_Driver\stm32f1xx_hal.o
                                0x707 (size before relaxing)
 .debug_str     0x00004444       0x82 Drivers\CMSIS\system_stm32f1xx.o
                                0x2f0 (size before relaxing)
 .debug_str     0x000044c6       0x96 Application\User\stm32f1xx_it.o
                                0x661 (size before relaxing)
 .debug_str     0x0000455c       0x6a Application\User\stm32f1xx_hal_msp.o
                               0x110d (size before relaxing)
 .debug_str     0x000045c6       0xf6 Application\User\main.o
                               0x14fa (size before relaxing)

.comment        0x00000000       0x82
 .comment       0x00000000       0x82 fun\jazda.o
                                 0x83 (size before relaxing)
 .comment       0x00000000       0x83 Drivers\STM32F1xx_HAL_Driver\stm32f1xx_hal_uart.o
 .comment       0x00000000       0x83 Drivers\STM32F1xx_HAL_Driver\stm32f1xx_hal_tim_ex.o
 .comment       0x00000000       0x83 Drivers\STM32F1xx_HAL_Driver\stm32f1xx_hal_tim.o
 .comment       0x00000000       0x83 Drivers\STM32F1xx_HAL_Driver\stm32f1xx_hal_spi_ex.o
 .comment       0x00000000       0x83 Drivers\STM32F1xx_HAL_Driver\stm32f1xx_hal_rtc.o
 .comment       0x00000000       0x83 Drivers\STM32F1xx_HAL_Driver\stm32f1xx_hal_rcc_ex.o
 .comment       0x00000000       0x83 Drivers\STM32F1xx_HAL_Driver\stm32f1xx_hal_rcc.o
 .comment       0x00000000       0x83 Drivers\STM32F1xx_HAL_Driver\stm32f1xx_hal_pwr.o
 .comment       0x00000000       0x83 Drivers\STM32F1xx_HAL_Driver\stm32f1xx_hal_i2c.o
 .comment       0x00000000       0x83 Drivers\STM32F1xx_HAL_Driver\stm32f1xx_hal_gpio.o
 .comment       0x00000000       0x83 Drivers\STM32F1xx_HAL_Driver\stm32f1xx_hal_dma.o
 .comment       0x00000000       0x83 Drivers\STM32F1xx_HAL_Driver\stm32f1xx_hal_cortex.o
 .comment       0x00000000       0x83 Drivers\STM32F1xx_HAL_Driver\stm32f1xx_hal_adc_ex.o
 .comment       0x00000000       0x83 Drivers\STM32F1xx_HAL_Driver\stm32f1xx_hal_adc.o
 .comment       0x00000000       0x83 Drivers\STM32F1xx_HAL_Driver\stm32f1xx_hal.o
 .comment       0x00000000       0x83 Drivers\CMSIS\system_stm32f1xx.o
 .comment       0x00000000       0x83 Application\User\stm32f1xx_it.o
 .comment       0x00000000       0x83 Application\User\stm32f1xx_hal_msp.o
 .comment       0x00000000       0x83 Application\User\main.o

.debug_frame    0x00000000     0x3774
 .debug_frame   0x00000000      0x1f4 fun\jazda.o
 .debug_frame   0x000001f4      0x4a8 Drivers\STM32F1xx_HAL_Driver\stm32f1xx_hal_uart.o
 .debug_frame   0x0000069c      0x464 Drivers\STM32F1xx_HAL_Driver\stm32f1xx_hal_tim_ex.o
 .debug_frame   0x00000b00      0xc98 Drivers\STM32F1xx_HAL_Driver\stm32f1xx_hal_tim.o
 .debug_frame   0x00001798       0x4c Drivers\STM32F1xx_HAL_Driver\stm32f1xx_hal_spi_ex.o
 .debug_frame   0x000017e4      0x368 Drivers\STM32F1xx_HAL_Driver\stm32f1xx_hal_rtc.o
 .debug_frame   0x00001b4c       0x6c Drivers\STM32F1xx_HAL_Driver\stm32f1xx_hal_rcc_ex.o
 .debug_frame   0x00001bb8      0x1b0 Drivers\STM32F1xx_HAL_Driver\stm32f1xx_hal_rcc.o
 .debug_frame   0x00001d68      0x1ec Drivers\STM32F1xx_HAL_Driver\stm32f1xx_hal_pwr.o
 .debug_frame   0x00001f54      0x728 Drivers\STM32F1xx_HAL_Driver\stm32f1xx_hal_i2c.o
 .debug_frame   0x0000267c       0xf4 Drivers\STM32F1xx_HAL_Driver\stm32f1xx_hal_gpio.o
 .debug_frame   0x00002770      0x13c Drivers\STM32F1xx_HAL_Driver\stm32f1xx_hal_dma.o
 .debug_frame   0x000028ac      0x35c Drivers\STM32F1xx_HAL_Driver\stm32f1xx_hal_cortex.o
 .debug_frame   0x00002c08      0x1a4 Drivers\STM32F1xx_HAL_Driver\stm32f1xx_hal_adc_ex.o
 .debug_frame   0x00002dac      0x348 Drivers\STM32F1xx_HAL_Driver\stm32f1xx_hal_adc.o
 .debug_frame   0x000030f4      0x1f4 Drivers\STM32F1xx_HAL_Driver\stm32f1xx_hal.o
 .debug_frame   0x000032e8       0x44 Drivers\CMSIS\system_stm32f1xx.o
 .debug_frame   0x0000332c       0x8c Application\User\stm32f1xx_it.o
 .debug_frame   0x000033b8      0x1ec Application\User\stm32f1xx_hal_msp.o
 .debug_frame   0x000035a4      0x1a4 Application\User\main.o
 .debug_frame   0x00003748       0x2c c:/program files (x86)/atollic/truestudio for arm 5.4.0/armtools/bin/../lib/gcc/arm-atollic-eabi/4.8.3/../../../../arm-atollic-eabi/lib/armv7-m\libc.a(lib_a-init.o)

Cross Reference Table

Symbol                                            File
ADC1_2_IRQHandler                                 Application\TrueSTUDIO\startup_stm32f103xb.o
ADC_ConversionStop_Disable                        Drivers\STM32F1xx_HAL_Driver\stm32f1xx_hal_adc.o
                                                  Drivers\STM32F1xx_HAL_Driver\stm32f1xx_hal_adc_ex.o
ADC_DMAConvCplt                                   Drivers\STM32F1xx_HAL_Driver\stm32f1xx_hal_adc.o
                                                  Drivers\STM32F1xx_HAL_Driver\stm32f1xx_hal_adc_ex.o
ADC_DMAError                                      Drivers\STM32F1xx_HAL_Driver\stm32f1xx_hal_adc.o
                                                  Drivers\STM32F1xx_HAL_Driver\stm32f1xx_hal_adc_ex.o
ADC_DMAHalfConvCplt                               Drivers\STM32F1xx_HAL_Driver\stm32f1xx_hal_adc.o
                                                  Drivers\STM32F1xx_HAL_Driver\stm32f1xx_hal_adc_ex.o
ADC_Enable                                        Drivers\STM32F1xx_HAL_Driver\stm32f1xx_hal_adc.o
                                                  Drivers\STM32F1xx_HAL_Driver\stm32f1xx_hal_adc_ex.o
AHBPrescTable                                     Drivers\CMSIS\system_stm32f1xx.o
BusFault_Handler                                  Application\TrueSTUDIO\startup_stm32f103xb.o
CAN1_RX1_IRQHandler                               Application\TrueSTUDIO\startup_stm32f103xb.o
CAN1_SCE_IRQHandler                               Application\TrueSTUDIO\startup_stm32f103xb.o
DMA1_Channel1_IRQHandler                          Application\User\stm32f1xx_it.o
DMA1_Channel2_IRQHandler                          Application\TrueSTUDIO\startup_stm32f103xb.o
DMA1_Channel3_IRQHandler                          Application\TrueSTUDIO\startup_stm32f103xb.o
DMA1_Channel4_IRQHandler                          Application\TrueSTUDIO\startup_stm32f103xb.o
DMA1_Channel5_IRQHandler                          Application\TrueSTUDIO\startup_stm32f103xb.o
DMA1_Channel6_IRQHandler                          Application\TrueSTUDIO\startup_stm32f103xb.o
DMA1_Channel7_IRQHandler                          Application\TrueSTUDIO\startup_stm32f103xb.o
DebugMon_Handler                                  Application\TrueSTUDIO\startup_stm32f103xb.o
Default_Handler                                   Application\TrueSTUDIO\startup_stm32f103xb.o
EXTI0_IRQHandler                                  Application\TrueSTUDIO\startup_stm32f103xb.o
EXTI15_10_IRQHandler                              Application\User\stm32f1xx_it.o
EXTI1_IRQHandler                                  Application\TrueSTUDIO\startup_stm32f103xb.o
EXTI2_IRQHandler                                  Application\TrueSTUDIO\startup_stm32f103xb.o
EXTI3_IRQHandler                                  Application\TrueSTUDIO\startup_stm32f103xb.o
EXTI4_IRQHandler                                  Application\TrueSTUDIO\startup_stm32f103xb.o
EXTI9_5_IRQHandler                                Application\TrueSTUDIO\startup_stm32f103xb.o
FLASH_IRQHandler                                  Application\TrueSTUDIO\startup_stm32f103xb.o
FLASH_PageErase                                   Drivers\STM32F1xx_HAL_Driver\stm32f1xx_hal_flash_ex.o
                                                  Drivers\STM32F1xx_HAL_Driver\stm32f1xx_hal_flash.o
FLASH_WaitForLastOperation                        Drivers\STM32F1xx_HAL_Driver\stm32f1xx_hal_flash.o
                                                  Drivers\STM32F1xx_HAL_Driver\stm32f1xx_hal_flash_ex.o
HAL_ADCEx_Calibration_Start                       Drivers\STM32F1xx_HAL_Driver\stm32f1xx_hal_adc_ex.o
                                                  Application\User\main.o
HAL_ADCEx_InjectedConfigChannel                   Drivers\STM32F1xx_HAL_Driver\stm32f1xx_hal_adc_ex.o
HAL_ADCEx_InjectedConvCpltCallback                Drivers\STM32F1xx_HAL_Driver\stm32f1xx_hal_adc_ex.o
                                                  Drivers\STM32F1xx_HAL_Driver\stm32f1xx_hal_adc.o
HAL_ADCEx_InjectedGetValue                        Drivers\STM32F1xx_HAL_Driver\stm32f1xx_hal_adc_ex.o
HAL_ADCEx_InjectedPollForConversion               Drivers\STM32F1xx_HAL_Driver\stm32f1xx_hal_adc_ex.o
HAL_ADCEx_InjectedStart                           Drivers\STM32F1xx_HAL_Driver\stm32f1xx_hal_adc_ex.o
HAL_ADCEx_InjectedStart_IT                        Drivers\STM32F1xx_HAL_Driver\stm32f1xx_hal_adc_ex.o
HAL_ADCEx_InjectedStop                            Drivers\STM32F1xx_HAL_Driver\stm32f1xx_hal_adc_ex.o
HAL_ADCEx_InjectedStop_IT                         Drivers\STM32F1xx_HAL_Driver\stm32f1xx_hal_adc_ex.o
HAL_ADCEx_MultiModeConfigChannel                  Drivers\STM32F1xx_HAL_Driver\stm32f1xx_hal_adc_ex.o
HAL_ADCEx_MultiModeGetValue                       Drivers\STM32F1xx_HAL_Driver\stm32f1xx_hal_adc_ex.o
HAL_ADCEx_MultiModeStart_DMA                      Drivers\STM32F1xx_HAL_Driver\stm32f1xx_hal_adc_ex.o
HAL_ADCEx_MultiModeStop_DMA                       Drivers\STM32F1xx_HAL_Driver\stm32f1xx_hal_adc_ex.o
HAL_ADC_AnalogWDGConfig                           Drivers\STM32F1xx_HAL_Driver\stm32f1xx_hal_adc.o
HAL_ADC_ConfigChannel                             Drivers\STM32F1xx_HAL_Driver\stm32f1xx_hal_adc.o
                                                  Application\User\main.o
HAL_ADC_ConvCpltCallback                          Drivers\STM32F1xx_HAL_Driver\stm32f1xx_hal_adc.o
HAL_ADC_ConvHalfCpltCallback                      Drivers\STM32F1xx_HAL_Driver\stm32f1xx_hal_adc.o
HAL_ADC_DeInit                                    Drivers\STM32F1xx_HAL_Driver\stm32f1xx_hal_adc.o
HAL_ADC_ErrorCallback                             Drivers\STM32F1xx_HAL_Driver\stm32f1xx_hal_adc.o
HAL_ADC_GetError                                  Drivers\STM32F1xx_HAL_Driver\stm32f1xx_hal_adc.o
HAL_ADC_GetState                                  Drivers\STM32F1xx_HAL_Driver\stm32f1xx_hal_adc.o
HAL_ADC_GetValue                                  Drivers\STM32F1xx_HAL_Driver\stm32f1xx_hal_adc.o
HAL_ADC_IRQHandler                                Drivers\STM32F1xx_HAL_Driver\stm32f1xx_hal_adc.o
HAL_ADC_Init                                      Drivers\STM32F1xx_HAL_Driver\stm32f1xx_hal_adc.o
                                                  Application\User\main.o
HAL_ADC_LevelOutOfWindowCallback                  Drivers\STM32F1xx_HAL_Driver\stm32f1xx_hal_adc.o
HAL_ADC_MspDeInit                                 Application\User\stm32f1xx_hal_msp.o
                                                  Drivers\STM32F1xx_HAL_Driver\stm32f1xx_hal_adc.o
HAL_ADC_MspInit                                   Application\User\stm32f1xx_hal_msp.o
                                                  Drivers\STM32F1xx_HAL_Driver\stm32f1xx_hal_adc.o
HAL_ADC_PollForConversion                         Drivers\STM32F1xx_HAL_Driver\stm32f1xx_hal_adc.o
HAL_ADC_PollForEvent                              Drivers\STM32F1xx_HAL_Driver\stm32f1xx_hal_adc.o
HAL_ADC_Start                                     Drivers\STM32F1xx_HAL_Driver\stm32f1xx_hal_adc.o
                                                  Application\User\main.o
HAL_ADC_Start_DMA                                 Drivers\STM32F1xx_HAL_Driver\stm32f1xx_hal_adc.o
                                                  Application\User\main.o
HAL_ADC_Start_IT                                  Drivers\STM32F1xx_HAL_Driver\stm32f1xx_hal_adc.o
HAL_ADC_Stop                                      Drivers\STM32F1xx_HAL_Driver\stm32f1xx_hal_adc.o
HAL_ADC_Stop_DMA                                  Drivers\STM32F1xx_HAL_Driver\stm32f1xx_hal_adc.o
HAL_ADC_Stop_IT                                   Drivers\STM32F1xx_HAL_Driver\stm32f1xx_hal_adc.o
HAL_DBGMCU_DisableDBGSleepMode                    Drivers\STM32F1xx_HAL_Driver\stm32f1xx_hal.o
HAL_DBGMCU_DisableDBGStandbyMode                  Drivers\STM32F1xx_HAL_Driver\stm32f1xx_hal.o
HAL_DBGMCU_DisableDBGStopMode                     Drivers\STM32F1xx_HAL_Driver\stm32f1xx_hal.o
HAL_DBGMCU_EnableDBGSleepMode                     Drivers\STM32F1xx_HAL_Driver\stm32f1xx_hal.o
HAL_DBGMCU_EnableDBGStandbyMode                   Drivers\STM32F1xx_HAL_Driver\stm32f1xx_hal.o
HAL_DBGMCU_EnableDBGStopMode                      Drivers\STM32F1xx_HAL_Driver\stm32f1xx_hal.o
HAL_DMA_Abort                                     Drivers\STM32F1xx_HAL_Driver\stm32f1xx_hal_dma.o
                                                  Drivers\STM32F1xx_HAL_Driver\stm32f1xx_hal_adc.o
                                                  Drivers\STM32F1xx_HAL_Driver\stm32f1xx_hal_adc_ex.o
                                                  Drivers\STM32F1xx_HAL_Driver\stm32f1xx_hal_spi.o
                                                  Drivers\STM32F1xx_HAL_Driver\stm32f1xx_hal_tim.o
                                                  Drivers\STM32F1xx_HAL_Driver\stm32f1xx_hal_uart.o
HAL_DMA_DeInit                                    Drivers\STM32F1xx_HAL_Driver\stm32f1xx_hal_dma.o
                                                  Application\User\stm32f1xx_hal_msp.o
HAL_DMA_GetError                                  Drivers\STM32F1xx_HAL_Driver\stm32f1xx_hal_dma.o
HAL_DMA_GetState                                  Drivers\STM32F1xx_HAL_Driver\stm32f1xx_hal_dma.o
HAL_DMA_IRQHandler                                Drivers\STM32F1xx_HAL_Driver\stm32f1xx_hal_dma.o
                                                  Application\User\stm32f1xx_it.o
HAL_DMA_Init                                      Drivers\STM32F1xx_HAL_Driver\stm32f1xx_hal_dma.o
                                                  Application\User\stm32f1xx_hal_msp.o
HAL_DMA_PollForTransfer                           Drivers\STM32F1xx_HAL_Driver\stm32f1xx_hal_dma.o
HAL_DMA_Start                                     Drivers\STM32F1xx_HAL_Driver\stm32f1xx_hal_dma.o
HAL_DMA_Start_IT                                  Drivers\STM32F1xx_HAL_Driver\stm32f1xx_hal_dma.o
                                                  Drivers\STM32F1xx_HAL_Driver\stm32f1xx_hal_adc.o
                                                  Drivers\STM32F1xx_HAL_Driver\stm32f1xx_hal_adc_ex.o
                                                  Drivers\STM32F1xx_HAL_Driver\stm32f1xx_hal_i2c.o
                                                  Drivers\STM32F1xx_HAL_Driver\stm32f1xx_hal_spi.o
                                                  Drivers\STM32F1xx_HAL_Driver\stm32f1xx_hal_tim.o
                                                  Drivers\STM32F1xx_HAL_Driver\stm32f1xx_hal_tim_ex.o
                                                  Drivers\STM32F1xx_HAL_Driver\stm32f1xx_hal_uart.o
HAL_DeInit                                        Drivers\STM32F1xx_HAL_Driver\stm32f1xx_hal.o
HAL_Delay                                         Drivers\STM32F1xx_HAL_Driver\stm32f1xx_hal.o
                                                  Application\User\main.o
                                                  Drivers\STM32F1xx_HAL_Driver\stm32f1xx_hal_rcc.o
HAL_FLASHEx_Erase                                 Drivers\STM32F1xx_HAL_Driver\stm32f1xx_hal_flash_ex.o
HAL_FLASHEx_Erase_IT                              Drivers\STM32F1xx_HAL_Driver\stm32f1xx_hal_flash_ex.o
HAL_FLASHEx_OBErase                               Drivers\STM32F1xx_HAL_Driver\stm32f1xx_hal_flash_ex.o
HAL_FLASHEx_OBGetConfig                           Drivers\STM32F1xx_HAL_Driver\stm32f1xx_hal_flash_ex.o
HAL_FLASHEx_OBProgram                             Drivers\STM32F1xx_HAL_Driver\stm32f1xx_hal_flash_ex.o
HAL_FLASH_EndOfOperationCallback                  Drivers\STM32F1xx_HAL_Driver\stm32f1xx_hal_flash.o
HAL_FLASH_GetError                                Drivers\STM32F1xx_HAL_Driver\stm32f1xx_hal_flash.o
HAL_FLASH_IRQHandler                              Drivers\STM32F1xx_HAL_Driver\stm32f1xx_hal_flash.o
HAL_FLASH_Lock                                    Drivers\STM32F1xx_HAL_Driver\stm32f1xx_hal_flash.o
HAL_FLASH_OB_Launch                               Drivers\STM32F1xx_HAL_Driver\stm32f1xx_hal_flash.o
HAL_FLASH_OB_Lock                                 Drivers\STM32F1xx_HAL_Driver\stm32f1xx_hal_flash.o
HAL_FLASH_OB_Unlock                               Drivers\STM32F1xx_HAL_Driver\stm32f1xx_hal_flash.o
HAL_FLASH_OperationErrorCallback                  Drivers\STM32F1xx_HAL_Driver\stm32f1xx_hal_flash.o
HAL_FLASH_Program                                 Drivers\STM32F1xx_HAL_Driver\stm32f1xx_hal_flash.o
HAL_FLASH_Program_IT                              Drivers\STM32F1xx_HAL_Driver\stm32f1xx_hal_flash.o
HAL_FLASH_Unlock                                  Drivers\STM32F1xx_HAL_Driver\stm32f1xx_hal_flash.o
HAL_GPIOEx_ConfigEventout                         Drivers\STM32F1xx_HAL_Driver\stm32f1xx_hal_gpio_ex.o
HAL_GPIOEx_DisableEventout                        Drivers\STM32F1xx_HAL_Driver\stm32f1xx_hal_gpio_ex.o
HAL_GPIOEx_EnableEventout                         Drivers\STM32F1xx_HAL_Driver\stm32f1xx_hal_gpio_ex.o
HAL_GPIO_DeInit                                   Drivers\STM32F1xx_HAL_Driver\stm32f1xx_hal_gpio.o
                                                  Application\User\stm32f1xx_hal_msp.o
HAL_GPIO_EXTI_Callback                            Drivers\STM32F1xx_HAL_Driver\stm32f1xx_hal_gpio.o
HAL_GPIO_EXTI_IRQHandler                          Drivers\STM32F1xx_HAL_Driver\stm32f1xx_hal_gpio.o
                                                  Application\User\stm32f1xx_it.o
HAL_GPIO_Init                                     Drivers\STM32F1xx_HAL_Driver\stm32f1xx_hal_gpio.o
                                                  Application\User\main.o
                                                  Application\User\stm32f1xx_hal_msp.o
                                                  Drivers\STM32F1xx_HAL_Driver\stm32f1xx_hal_rcc.o
HAL_GPIO_LockPin                                  Drivers\STM32F1xx_HAL_Driver\stm32f1xx_hal_gpio.o
HAL_GPIO_ReadPin                                  Drivers\STM32F1xx_HAL_Driver\stm32f1xx_hal_gpio.o
HAL_GPIO_TogglePin                                Drivers\STM32F1xx_HAL_Driver\stm32f1xx_hal_gpio.o
HAL_GPIO_WritePin                                 Drivers\STM32F1xx_HAL_Driver\stm32f1xx_hal_gpio.o
                                                  Application\User\main.o
                                                  Application\User\stm32f1xx_it.o
                                                  fun\jazda.o
HAL_GetDEVID                                      Drivers\STM32F1xx_HAL_Driver\stm32f1xx_hal.o
HAL_GetHalVersion                                 Drivers\STM32F1xx_HAL_Driver\stm32f1xx_hal.o
HAL_GetREVID                                      Drivers\STM32F1xx_HAL_Driver\stm32f1xx_hal.o
HAL_GetTick                                       Drivers\STM32F1xx_HAL_Driver\stm32f1xx_hal.o
                                                  Drivers\STM32F1xx_HAL_Driver\stm32f1xx_hal_adc.o
                                                  Drivers\STM32F1xx_HAL_Driver\stm32f1xx_hal_adc_ex.o
                                                  Drivers\STM32F1xx_HAL_Driver\stm32f1xx_hal_dma.o
                                                  Drivers\STM32F1xx_HAL_Driver\stm32f1xx_hal_flash.o
                                                  Drivers\STM32F1xx_HAL_Driver\stm32f1xx_hal_i2c.o
                                                  Drivers\STM32F1xx_HAL_Driver\stm32f1xx_hal_rcc.o
                                                  Drivers\STM32F1xx_HAL_Driver\stm32f1xx_hal_rcc_ex.o
                                                  Drivers\STM32F1xx_HAL_Driver\stm32f1xx_hal_rtc.o
                                                  Drivers\STM32F1xx_HAL_Driver\stm32f1xx_hal_rtc_ex.o
                                                  Drivers\STM32F1xx_HAL_Driver\stm32f1xx_hal_spi.o
                                                  Drivers\STM32F1xx_HAL_Driver\stm32f1xx_hal_uart.o
HAL_HalfDuplex_EnableReceiver                     Drivers\STM32F1xx_HAL_Driver\stm32f1xx_hal_uart.o
HAL_HalfDuplex_EnableTransmitter                  Drivers\STM32F1xx_HAL_Driver\stm32f1xx_hal_uart.o
HAL_HalfDuplex_Init                               Drivers\STM32F1xx_HAL_Driver\stm32f1xx_hal_uart.o
HAL_I2C_DeInit                                    Drivers\STM32F1xx_HAL_Driver\stm32f1xx_hal_i2c.o
HAL_I2C_ER_IRQHandler                             Drivers\STM32F1xx_HAL_Driver\stm32f1xx_hal_i2c.o
HAL_I2C_EV_IRQHandler                             Drivers\STM32F1xx_HAL_Driver\stm32f1xx_hal_i2c.o
HAL_I2C_ErrorCallback                             Drivers\STM32F1xx_HAL_Driver\stm32f1xx_hal_i2c.o
HAL_I2C_GetError                                  Drivers\STM32F1xx_HAL_Driver\stm32f1xx_hal_i2c.o
HAL_I2C_GetState                                  Drivers\STM32F1xx_HAL_Driver\stm32f1xx_hal_i2c.o
HAL_I2C_Init                                      Drivers\STM32F1xx_HAL_Driver\stm32f1xx_hal_i2c.o
                                                  Application\User\main.o
HAL_I2C_IsDeviceReady                             Drivers\STM32F1xx_HAL_Driver\stm32f1xx_hal_i2c.o
HAL_I2C_MasterRxCpltCallback                      Drivers\STM32F1xx_HAL_Driver\stm32f1xx_hal_i2c.o
HAL_I2C_MasterTxCpltCallback                      Drivers\STM32F1xx_HAL_Driver\stm32f1xx_hal_i2c.o
HAL_I2C_Master_Receive                            Drivers\STM32F1xx_HAL_Driver\stm32f1xx_hal_i2c.o
                                                  fun\jazda.o
HAL_I2C_Master_Receive_DMA                        Drivers\STM32F1xx_HAL_Driver\stm32f1xx_hal_i2c.o
HAL_I2C_Master_Receive_IT                         Drivers\STM32F1xx_HAL_Driver\stm32f1xx_hal_i2c.o
HAL_I2C_Master_Transmit                           Drivers\STM32F1xx_HAL_Driver\stm32f1xx_hal_i2c.o
                                                  fun\jazda.o
HAL_I2C_Master_Transmit_DMA                       Drivers\STM32F1xx_HAL_Driver\stm32f1xx_hal_i2c.o
HAL_I2C_Master_Transmit_IT                        Drivers\STM32F1xx_HAL_Driver\stm32f1xx_hal_i2c.o
HAL_I2C_MemRxCpltCallback                         Drivers\STM32F1xx_HAL_Driver\stm32f1xx_hal_i2c.o
HAL_I2C_MemTxCpltCallback                         Drivers\STM32F1xx_HAL_Driver\stm32f1xx_hal_i2c.o
HAL_I2C_Mem_Read                                  Drivers\STM32F1xx_HAL_Driver\stm32f1xx_hal_i2c.o
HAL_I2C_Mem_Read_DMA                              Drivers\STM32F1xx_HAL_Driver\stm32f1xx_hal_i2c.o
HAL_I2C_Mem_Read_IT                               Drivers\STM32F1xx_HAL_Driver\stm32f1xx_hal_i2c.o
HAL_I2C_Mem_Write                                 Drivers\STM32F1xx_HAL_Driver\stm32f1xx_hal_i2c.o
HAL_I2C_Mem_Write_DMA                             Drivers\STM32F1xx_HAL_Driver\stm32f1xx_hal_i2c.o
HAL_I2C_Mem_Write_IT                              Drivers\STM32F1xx_HAL_Driver\stm32f1xx_hal_i2c.o
HAL_I2C_MspDeInit                                 Application\User\stm32f1xx_hal_msp.o
                                                  Drivers\STM32F1xx_HAL_Driver\stm32f1xx_hal_i2c.o
HAL_I2C_MspInit                                   Application\User\stm32f1xx_hal_msp.o
                                                  Drivers\STM32F1xx_HAL_Driver\stm32f1xx_hal_i2c.o
HAL_I2C_SlaveRxCpltCallback                       Drivers\STM32F1xx_HAL_Driver\stm32f1xx_hal_i2c.o
HAL_I2C_SlaveTxCpltCallback                       Drivers\STM32F1xx_HAL_Driver\stm32f1xx_hal_i2c.o
HAL_I2C_Slave_Receive                             Drivers\STM32F1xx_HAL_Driver\stm32f1xx_hal_i2c.o
HAL_I2C_Slave_Receive_DMA                         Drivers\STM32F1xx_HAL_Driver\stm32f1xx_hal_i2c.o
HAL_I2C_Slave_Receive_IT                          Drivers\STM32F1xx_HAL_Driver\stm32f1xx_hal_i2c.o
HAL_I2C_Slave_Transmit                            Drivers\STM32F1xx_HAL_Driver\stm32f1xx_hal_i2c.o
HAL_I2C_Slave_Transmit_DMA                        Drivers\STM32F1xx_HAL_Driver\stm32f1xx_hal_i2c.o
HAL_I2C_Slave_Transmit_IT                         Drivers\STM32F1xx_HAL_Driver\stm32f1xx_hal_i2c.o
HAL_IncTick                                       Drivers\STM32F1xx_HAL_Driver\stm32f1xx_hal.o
                                                  Application\User\stm32f1xx_it.o
HAL_Init                                          Drivers\STM32F1xx_HAL_Driver\stm32f1xx_hal.o
                                                  Application\User\main.o
HAL_InitTick                                      Drivers\STM32F1xx_HAL_Driver\stm32f1xx_hal.o
                                                  Drivers\STM32F1xx_HAL_Driver\stm32f1xx_hal_rcc.o
HAL_LIN_Init                                      Drivers\STM32F1xx_HAL_Driver\stm32f1xx_hal_uart.o
HAL_LIN_SendBreak                                 Drivers\STM32F1xx_HAL_Driver\stm32f1xx_hal_uart.o
HAL_MspDeInit                                     Drivers\STM32F1xx_HAL_Driver\stm32f1xx_hal.o
HAL_MspInit                                       Application\User\stm32f1xx_hal_msp.o
                                                  Drivers\STM32F1xx_HAL_Driver\stm32f1xx_hal.o
HAL_MultiProcessor_EnterMuteMode                  Drivers\STM32F1xx_HAL_Driver\stm32f1xx_hal_uart.o
HAL_MultiProcessor_ExitMuteMode                   Drivers\STM32F1xx_HAL_Driver\stm32f1xx_hal_uart.o
HAL_MultiProcessor_Init                           Drivers\STM32F1xx_HAL_Driver\stm32f1xx_hal_uart.o
HAL_NVIC_ClearPendingIRQ                          Drivers\STM32F1xx_HAL_Driver\stm32f1xx_hal_cortex.o
HAL_NVIC_DisableIRQ                               Drivers\STM32F1xx_HAL_Driver\stm32f1xx_hal_cortex.o
                                                  Application\User\stm32f1xx_hal_msp.o
HAL_NVIC_EnableIRQ                                Drivers\STM32F1xx_HAL_Driver\stm32f1xx_hal_cortex.o
                                                  Application\User\main.o
                                                  Application\User\stm32f1xx_hal_msp.o
HAL_NVIC_GetActive                                Drivers\STM32F1xx_HAL_Driver\stm32f1xx_hal_cortex.o
HAL_NVIC_GetPendingIRQ                            Drivers\STM32F1xx_HAL_Driver\stm32f1xx_hal_cortex.o
HAL_NVIC_GetPriority                              Drivers\STM32F1xx_HAL_Driver\stm32f1xx_hal_cortex.o
HAL_NVIC_GetPriorityGrouping                      Drivers\STM32F1xx_HAL_Driver\stm32f1xx_hal_cortex.o
HAL_NVIC_SetPendingIRQ                            Drivers\STM32F1xx_HAL_Driver\stm32f1xx_hal_cortex.o
HAL_NVIC_SetPriority                              Drivers\STM32F1xx_HAL_Driver\stm32f1xx_hal_cortex.o
                                                  Application\User\main.o
                                                  Application\User\stm32f1xx_hal_msp.o
                                                  Drivers\STM32F1xx_HAL_Driver\stm32f1xx_hal.o
HAL_NVIC_SetPriorityGrouping                      Drivers\STM32F1xx_HAL_Driver\stm32f1xx_hal_cortex.o
                                                  Application\User\stm32f1xx_hal_msp.o
                                                  Drivers\STM32F1xx_HAL_Driver\stm32f1xx_hal.o
HAL_NVIC_SystemReset                              Drivers\STM32F1xx_HAL_Driver\stm32f1xx_hal_cortex.o
                                                  Drivers\STM32F1xx_HAL_Driver\stm32f1xx_hal_flash.o
HAL_PWR_ConfigPVD                                 Drivers\STM32F1xx_HAL_Driver\stm32f1xx_hal_pwr.o
HAL_PWR_DeInit                                    Drivers\STM32F1xx_HAL_Driver\stm32f1xx_hal_pwr.o
HAL_PWR_DisableBkUpAccess                         Drivers\STM32F1xx_HAL_Driver\stm32f1xx_hal_pwr.o
HAL_PWR_DisablePVD                                Drivers\STM32F1xx_HAL_Driver\stm32f1xx_hal_pwr.o
HAL_PWR_DisableSEVOnPend                          Drivers\STM32F1xx_HAL_Driver\stm32f1xx_hal_pwr.o
HAL_PWR_DisableSleepOnExit                        Drivers\STM32F1xx_HAL_Driver\stm32f1xx_hal_pwr.o
HAL_PWR_DisableWakeUpPin                          Drivers\STM32F1xx_HAL_Driver\stm32f1xx_hal_pwr.o
HAL_PWR_EnableBkUpAccess                          Drivers\STM32F1xx_HAL_Driver\stm32f1xx_hal_pwr.o
                                                  Application\User\stm32f1xx_hal_msp.o
HAL_PWR_EnablePVD                                 Drivers\STM32F1xx_HAL_Driver\stm32f1xx_hal_pwr.o
HAL_PWR_EnableSEVOnPend                           Drivers\STM32F1xx_HAL_Driver\stm32f1xx_hal_pwr.o
HAL_PWR_EnableSleepOnExit                         Drivers\STM32F1xx_HAL_Driver\stm32f1xx_hal_pwr.o
HAL_PWR_EnableWakeUpPin                           Drivers\STM32F1xx_HAL_Driver\stm32f1xx_hal_pwr.o
HAL_PWR_EnterSLEEPMode                            Drivers\STM32F1xx_HAL_Driver\stm32f1xx_hal_pwr.o
HAL_PWR_EnterSTANDBYMode                          Drivers\STM32F1xx_HAL_Driver\stm32f1xx_hal_pwr.o
HAL_PWR_EnterSTOPMode                             Drivers\STM32F1xx_HAL_Driver\stm32f1xx_hal_pwr.o
HAL_PWR_PVDCallback                               Drivers\STM32F1xx_HAL_Driver\stm32f1xx_hal_pwr.o
HAL_PWR_PVD_IRQHandler                            Drivers\STM32F1xx_HAL_Driver\stm32f1xx_hal_pwr.o
HAL_RCCEx_GetPeriphCLKConfig                      Drivers\STM32F1xx_HAL_Driver\stm32f1xx_hal_rcc_ex.o
HAL_RCCEx_GetPeriphCLKFreq                        Drivers\STM32F1xx_HAL_Driver\stm32f1xx_hal_rcc_ex.o
                                                  Drivers\STM32F1xx_HAL_Driver\stm32f1xx_hal_adc.o
                                                  Drivers\STM32F1xx_HAL_Driver\stm32f1xx_hal_adc_ex.o
                                                  Drivers\STM32F1xx_HAL_Driver\stm32f1xx_hal_rtc.o
HAL_RCCEx_PeriphCLKConfig                         Drivers\STM32F1xx_HAL_Driver\stm32f1xx_hal_rcc_ex.o
                                                  Application\User\main.o
HAL_RCC_CSSCallback                               Drivers\STM32F1xx_HAL_Driver\stm32f1xx_hal_rcc.o
HAL_RCC_ClockConfig                               Drivers\STM32F1xx_HAL_Driver\stm32f1xx_hal_rcc.o
                                                  Application\User\main.o
HAL_RCC_DeInit                                    Drivers\STM32F1xx_HAL_Driver\stm32f1xx_hal_rcc.o
HAL_RCC_DisableCSS                                Drivers\STM32F1xx_HAL_Driver\stm32f1xx_hal_rcc.o
HAL_RCC_EnableCSS                                 Drivers\STM32F1xx_HAL_Driver\stm32f1xx_hal_rcc.o
HAL_RCC_GetClockConfig                            Drivers\STM32F1xx_HAL_Driver\stm32f1xx_hal_rcc.o
HAL_RCC_GetHCLKFreq                               Drivers\STM32F1xx_HAL_Driver\stm32f1xx_hal_rcc.o
                                                  Application\User\main.o
                                                  Drivers\STM32F1xx_HAL_Driver\stm32f1xx_hal.o
HAL_RCC_GetOscConfig                              Drivers\STM32F1xx_HAL_Driver\stm32f1xx_hal_rcc.o
HAL_RCC_GetPCLK1Freq                              Drivers\STM32F1xx_HAL_Driver\stm32f1xx_hal_rcc.o
                                                  Drivers\STM32F1xx_HAL_Driver\stm32f1xx_hal_i2c.o
                                                  Drivers\STM32F1xx_HAL_Driver\stm32f1xx_hal_uart.o
HAL_RCC_GetPCLK2Freq                              Drivers\STM32F1xx_HAL_Driver\stm32f1xx_hal_rcc.o
                                                  Drivers\STM32F1xx_HAL_Driver\stm32f1xx_hal_rcc_ex.o
                                                  Drivers\STM32F1xx_HAL_Driver\stm32f1xx_hal_uart.o
HAL_RCC_GetSysClockFreq                           Drivers\STM32F1xx_HAL_Driver\stm32f1xx_hal_rcc.o
HAL_RCC_MCOConfig                                 Drivers\STM32F1xx_HAL_Driver\stm32f1xx_hal_rcc.o
HAL_RCC_NMI_IRQHandler                            Drivers\STM32F1xx_HAL_Driver\stm32f1xx_hal_rcc.o
HAL_RCC_OscConfig                                 Drivers\STM32F1xx_HAL_Driver\stm32f1xx_hal_rcc.o
                                                  Application\User\main.o
HAL_RTCEx_BKUPRead                                Drivers\STM32F1xx_HAL_Driver\stm32f1xx_hal_rtc_ex.o
HAL_RTCEx_BKUPWrite                               Drivers\STM32F1xx_HAL_Driver\stm32f1xx_hal_rtc_ex.o
HAL_RTCEx_DeactivateSecond                        Drivers\STM32F1xx_HAL_Driver\stm32f1xx_hal_rtc_ex.o
HAL_RTCEx_DeactivateTamper                        Drivers\STM32F1xx_HAL_Driver\stm32f1xx_hal_rtc_ex.o
HAL_RTCEx_PollForTamper1Event                     Drivers\STM32F1xx_HAL_Driver\stm32f1xx_hal_rtc_ex.o
HAL_RTCEx_RTCEventCallback                        Drivers\STM32F1xx_HAL_Driver\stm32f1xx_hal_rtc_ex.o
HAL_RTCEx_RTCEventErrorCallback                   Drivers\STM32F1xx_HAL_Driver\stm32f1xx_hal_rtc_ex.o
HAL_RTCEx_RTCIRQHandler                           Drivers\STM32F1xx_HAL_Driver\stm32f1xx_hal_rtc_ex.o
HAL_RTCEx_SetSecond_IT                            Drivers\STM32F1xx_HAL_Driver\stm32f1xx_hal_rtc_ex.o
HAL_RTCEx_SetSmoothCalib                          Drivers\STM32F1xx_HAL_Driver\stm32f1xx_hal_rtc_ex.o
HAL_RTCEx_SetTamper                               Drivers\STM32F1xx_HAL_Driver\stm32f1xx_hal_rtc_ex.o
HAL_RTCEx_SetTamper_IT                            Drivers\STM32F1xx_HAL_Driver\stm32f1xx_hal_rtc_ex.o
HAL_RTCEx_Tamper1EventCallback                    Drivers\STM32F1xx_HAL_Driver\stm32f1xx_hal_rtc_ex.o
HAL_RTCEx_TamperIRQHandler                        Drivers\STM32F1xx_HAL_Driver\stm32f1xx_hal_rtc_ex.o
HAL_RTC_AlarmAEventCallback                       Drivers\STM32F1xx_HAL_Driver\stm32f1xx_hal_rtc.o
HAL_RTC_AlarmIRQHandler                           Drivers\STM32F1xx_HAL_Driver\stm32f1xx_hal_rtc.o
HAL_RTC_DeInit                                    Drivers\STM32F1xx_HAL_Driver\stm32f1xx_hal_rtc.o
HAL_RTC_DeactivateAlarm                           Drivers\STM32F1xx_HAL_Driver\stm32f1xx_hal_rtc.o
HAL_RTC_GetAlarm                                  Drivers\STM32F1xx_HAL_Driver\stm32f1xx_hal_rtc.o
HAL_RTC_GetDate                                   Drivers\STM32F1xx_HAL_Driver\stm32f1xx_hal_rtc.o
HAL_RTC_GetState                                  Drivers\STM32F1xx_HAL_Driver\stm32f1xx_hal_rtc.o
HAL_RTC_GetTime                                   Drivers\STM32F1xx_HAL_Driver\stm32f1xx_hal_rtc.o
HAL_RTC_Init                                      Drivers\STM32F1xx_HAL_Driver\stm32f1xx_hal_rtc.o
                                                  Application\User\main.o
HAL_RTC_MspDeInit                                 Application\User\stm32f1xx_hal_msp.o
                                                  Drivers\STM32F1xx_HAL_Driver\stm32f1xx_hal_rtc.o
HAL_RTC_MspInit                                   Application\User\stm32f1xx_hal_msp.o
                                                  Drivers\STM32F1xx_HAL_Driver\stm32f1xx_hal_rtc.o
HAL_RTC_PollForAlarmAEvent                        Drivers\STM32F1xx_HAL_Driver\stm32f1xx_hal_rtc.o
HAL_RTC_SetAlarm                                  Drivers\STM32F1xx_HAL_Driver\stm32f1xx_hal_rtc.o
HAL_RTC_SetAlarm_IT                               Drivers\STM32F1xx_HAL_Driver\stm32f1xx_hal_rtc.o
HAL_RTC_SetDate                                   Drivers\STM32F1xx_HAL_Driver\stm32f1xx_hal_rtc.o
                                                  Application\User\main.o
HAL_RTC_SetTime                                   Drivers\STM32F1xx_HAL_Driver\stm32f1xx_hal_rtc.o
                                                  Application\User\main.o
HAL_RTC_WaitForSynchro                            Drivers\STM32F1xx_HAL_Driver\stm32f1xx_hal_rtc.o
HAL_ResumeTick                                    Drivers\STM32F1xx_HAL_Driver\stm32f1xx_hal.o
HAL_SPI_DMAPause                                  Drivers\STM32F1xx_HAL_Driver\stm32f1xx_hal_spi.o
HAL_SPI_DMAResume                                 Drivers\STM32F1xx_HAL_Driver\stm32f1xx_hal_spi.o
HAL_SPI_DMAStop                                   Drivers\STM32F1xx_HAL_Driver\stm32f1xx_hal_spi.o
HAL_SPI_DeInit                                    Drivers\STM32F1xx_HAL_Driver\stm32f1xx_hal_spi.o
HAL_SPI_ErrorCallback                             Drivers\STM32F1xx_HAL_Driver\stm32f1xx_hal_spi.o
HAL_SPI_GetError                                  Drivers\STM32F1xx_HAL_Driver\stm32f1xx_hal_spi.o
HAL_SPI_GetState                                  Drivers\STM32F1xx_HAL_Driver\stm32f1xx_hal_spi.o
HAL_SPI_IRQHandler                                Drivers\STM32F1xx_HAL_Driver\stm32f1xx_hal_spi.o
HAL_SPI_Init                                      Drivers\STM32F1xx_HAL_Driver\stm32f1xx_hal_spi_ex.o
                                                  Application\User\main.o
HAL_SPI_MspDeInit                                 Application\User\stm32f1xx_hal_msp.o
                                                  Drivers\STM32F1xx_HAL_Driver\stm32f1xx_hal_spi.o
HAL_SPI_MspInit                                   Application\User\stm32f1xx_hal_msp.o
                                                  Drivers\STM32F1xx_HAL_Driver\stm32f1xx_hal_spi.o
                                                  Drivers\STM32F1xx_HAL_Driver\stm32f1xx_hal_spi_ex.o
HAL_SPI_Receive                                   Drivers\STM32F1xx_HAL_Driver\stm32f1xx_hal_spi.o
HAL_SPI_Receive_DMA                               Drivers\STM32F1xx_HAL_Driver\stm32f1xx_hal_spi.o
HAL_SPI_Receive_IT                                Drivers\STM32F1xx_HAL_Driver\stm32f1xx_hal_spi.o
HAL_SPI_RxCpltCallback                            Drivers\STM32F1xx_HAL_Driver\stm32f1xx_hal_spi.o
HAL_SPI_RxHalfCpltCallback                        Drivers\STM32F1xx_HAL_Driver\stm32f1xx_hal_spi.o
HAL_SPI_Transmit                                  Drivers\STM32F1xx_HAL_Driver\stm32f1xx_hal_spi.o
HAL_SPI_TransmitReceive                           Drivers\STM32F1xx_HAL_Driver\stm32f1xx_hal_spi.o
HAL_SPI_TransmitReceive_DMA                       Drivers\STM32F1xx_HAL_Driver\stm32f1xx_hal_spi.o
HAL_SPI_TransmitReceive_IT                        Drivers\STM32F1xx_HAL_Driver\stm32f1xx_hal_spi.o
HAL_SPI_Transmit_DMA                              Drivers\STM32F1xx_HAL_Driver\stm32f1xx_hal_spi.o
HAL_SPI_Transmit_IT                               Drivers\STM32F1xx_HAL_Driver\stm32f1xx_hal_spi.o
HAL_SPI_TxCpltCallback                            Drivers\STM32F1xx_HAL_Driver\stm32f1xx_hal_spi.o
HAL_SPI_TxHalfCpltCallback                        Drivers\STM32F1xx_HAL_Driver\stm32f1xx_hal_spi.o
HAL_SPI_TxRxCpltCallback                          Drivers\STM32F1xx_HAL_Driver\stm32f1xx_hal_spi.o
HAL_SPI_TxRxHalfCpltCallback                      Drivers\STM32F1xx_HAL_Driver\stm32f1xx_hal_spi.o
HAL_SYSTICK_CLKSourceConfig                       Drivers\STM32F1xx_HAL_Driver\stm32f1xx_hal_cortex.o
                                                  Application\User\main.o
HAL_SYSTICK_Callback                              Drivers\STM32F1xx_HAL_Driver\stm32f1xx_hal_cortex.o
HAL_SYSTICK_Config                                Drivers\STM32F1xx_HAL_Driver\stm32f1xx_hal_cortex.o
                                                  Application\User\main.o
                                                  Drivers\STM32F1xx_HAL_Driver\stm32f1xx_hal.o
HAL_SYSTICK_IRQHandler                            Drivers\STM32F1xx_HAL_Driver\stm32f1xx_hal_cortex.o
                                                  Application\User\stm32f1xx_it.o
HAL_SuspendTick                                   Drivers\STM32F1xx_HAL_Driver\stm32f1xx_hal.o
HAL_TIMEx_BreakCallback                           Drivers\STM32F1xx_HAL_Driver\stm32f1xx_hal_tim_ex.o
                                                  Drivers\STM32F1xx_HAL_Driver\stm32f1xx_hal_tim.o
HAL_TIMEx_CommutationCallback                     Drivers\STM32F1xx_HAL_Driver\stm32f1xx_hal_tim_ex.o
                                                  Drivers\STM32F1xx_HAL_Driver\stm32f1xx_hal_tim.o
HAL_TIMEx_ConfigBreakDeadTime                     Drivers\STM32F1xx_HAL_Driver\stm32f1xx_hal_tim_ex.o
                                                  Application\User\main.o
HAL_TIMEx_ConfigCommutationEvent                  Drivers\STM32F1xx_HAL_Driver\stm32f1xx_hal_tim_ex.o
HAL_TIMEx_ConfigCommutationEvent_DMA              Drivers\STM32F1xx_HAL_Driver\stm32f1xx_hal_tim_ex.o
HAL_TIMEx_ConfigCommutationEvent_IT               Drivers\STM32F1xx_HAL_Driver\stm32f1xx_hal_tim_ex.o
HAL_TIMEx_HallSensor_DeInit                       Drivers\STM32F1xx_HAL_Driver\stm32f1xx_hal_tim_ex.o
HAL_TIMEx_HallSensor_GetState                     Drivers\STM32F1xx_HAL_Driver\stm32f1xx_hal_tim_ex.o
HAL_TIMEx_HallSensor_Init                         Drivers\STM32F1xx_HAL_Driver\stm32f1xx_hal_tim_ex.o
HAL_TIMEx_HallSensor_MspDeInit                    Drivers\STM32F1xx_HAL_Driver\stm32f1xx_hal_tim_ex.o
HAL_TIMEx_HallSensor_MspInit                      Drivers\STM32F1xx_HAL_Driver\stm32f1xx_hal_tim_ex.o
HAL_TIMEx_HallSensor_Start                        Drivers\STM32F1xx_HAL_Driver\stm32f1xx_hal_tim_ex.o
HAL_TIMEx_HallSensor_Start_DMA                    Drivers\STM32F1xx_HAL_Driver\stm32f1xx_hal_tim_ex.o
HAL_TIMEx_HallSensor_Start_IT                     Drivers\STM32F1xx_HAL_Driver\stm32f1xx_hal_tim_ex.o
HAL_TIMEx_HallSensor_Stop                         Drivers\STM32F1xx_HAL_Driver\stm32f1xx_hal_tim_ex.o
HAL_TIMEx_HallSensor_Stop_DMA                     Drivers\STM32F1xx_HAL_Driver\stm32f1xx_hal_tim_ex.o
HAL_TIMEx_HallSensor_Stop_IT                      Drivers\STM32F1xx_HAL_Driver\stm32f1xx_hal_tim_ex.o
HAL_TIMEx_MasterConfigSynchronization             Drivers\STM32F1xx_HAL_Driver\stm32f1xx_hal_tim_ex.o
                                                  Application\User\main.o
HAL_TIMEx_OCN_Start                               Drivers\STM32F1xx_HAL_Driver\stm32f1xx_hal_tim_ex.o
HAL_TIMEx_OCN_Start_DMA                           Drivers\STM32F1xx_HAL_Driver\stm32f1xx_hal_tim_ex.o
HAL_TIMEx_OCN_Start_IT                            Drivers\STM32F1xx_HAL_Driver\stm32f1xx_hal_tim_ex.o
HAL_TIMEx_OCN_Stop                                Drivers\STM32F1xx_HAL_Driver\stm32f1xx_hal_tim_ex.o
HAL_TIMEx_OCN_Stop_DMA                            Drivers\STM32F1xx_HAL_Driver\stm32f1xx_hal_tim_ex.o
HAL_TIMEx_OCN_Stop_IT                             Drivers\STM32F1xx_HAL_Driver\stm32f1xx_hal_tim_ex.o
HAL_TIMEx_OnePulseN_Start                         Drivers\STM32F1xx_HAL_Driver\stm32f1xx_hal_tim_ex.o
HAL_TIMEx_OnePulseN_Start_IT                      Drivers\STM32F1xx_HAL_Driver\stm32f1xx_hal_tim_ex.o
HAL_TIMEx_OnePulseN_Stop                          Drivers\STM32F1xx_HAL_Driver\stm32f1xx_hal_tim_ex.o
HAL_TIMEx_OnePulseN_Stop_IT                       Drivers\STM32F1xx_HAL_Driver\stm32f1xx_hal_tim_ex.o
HAL_TIMEx_PWMN_Start                              Drivers\STM32F1xx_HAL_Driver\stm32f1xx_hal_tim_ex.o
HAL_TIMEx_PWMN_Start_DMA                          Drivers\STM32F1xx_HAL_Driver\stm32f1xx_hal_tim_ex.o
HAL_TIMEx_PWMN_Start_IT                           Drivers\STM32F1xx_HAL_Driver\stm32f1xx_hal_tim_ex.o
HAL_TIMEx_PWMN_Stop                               Drivers\STM32F1xx_HAL_Driver\stm32f1xx_hal_tim_ex.o
HAL_TIMEx_PWMN_Stop_DMA                           Drivers\STM32F1xx_HAL_Driver\stm32f1xx_hal_tim_ex.o
HAL_TIMEx_PWMN_Stop_IT                            Drivers\STM32F1xx_HAL_Driver\stm32f1xx_hal_tim_ex.o
HAL_TIM_Base_DeInit                               Drivers\STM32F1xx_HAL_Driver\stm32f1xx_hal_tim.o
HAL_TIM_Base_GetState                             Drivers\STM32F1xx_HAL_Driver\stm32f1xx_hal_tim.o
HAL_TIM_Base_Init                                 Drivers\STM32F1xx_HAL_Driver\stm32f1xx_hal_tim.o
                                                  Application\User\main.o
HAL_TIM_Base_MspDeInit                            Application\User\stm32f1xx_hal_msp.o
                                                  Drivers\STM32F1xx_HAL_Driver\stm32f1xx_hal_tim.o
HAL_TIM_Base_MspInit                              Application\User\stm32f1xx_hal_msp.o
                                                  Drivers\STM32F1xx_HAL_Driver\stm32f1xx_hal_tim.o
HAL_TIM_Base_Start                                Drivers\STM32F1xx_HAL_Driver\stm32f1xx_hal_tim.o
                                                  Application\User\main.o
HAL_TIM_Base_Start_DMA                            Drivers\STM32F1xx_HAL_Driver\stm32f1xx_hal_tim.o
HAL_TIM_Base_Start_IT                             Drivers\STM32F1xx_HAL_Driver\stm32f1xx_hal_tim.o
                                                  Application\User\stm32f1xx_it.o
HAL_TIM_Base_Stop                                 Drivers\STM32F1xx_HAL_Driver\stm32f1xx_hal_tim.o
HAL_TIM_Base_Stop_DMA                             Drivers\STM32F1xx_HAL_Driver\stm32f1xx_hal_tim.o
HAL_TIM_Base_Stop_IT                              Drivers\STM32F1xx_HAL_Driver\stm32f1xx_hal_tim.o
HAL_TIM_ConfigClockSource                         Drivers\STM32F1xx_HAL_Driver\stm32f1xx_hal_tim.o
                                                  Application\User\main.o
HAL_TIM_ConfigOCrefClear                          Drivers\STM32F1xx_HAL_Driver\stm32f1xx_hal_tim.o
HAL_TIM_ConfigTI1Input                            Drivers\STM32F1xx_HAL_Driver\stm32f1xx_hal_tim.o
HAL_TIM_DMABurst_ReadStart                        Drivers\STM32F1xx_HAL_Driver\stm32f1xx_hal_tim.o
HAL_TIM_DMABurst_ReadStop                         Drivers\STM32F1xx_HAL_Driver\stm32f1xx_hal_tim.o
HAL_TIM_DMABurst_WriteStart                       Drivers\STM32F1xx_HAL_Driver\stm32f1xx_hal_tim.o
HAL_TIM_DMABurst_WriteStop                        Drivers\STM32F1xx_HAL_Driver\stm32f1xx_hal_tim.o
HAL_TIM_Encoder_DeInit                            Drivers\STM32F1xx_HAL_Driver\stm32f1xx_hal_tim.o
HAL_TIM_Encoder_GetState                          Drivers\STM32F1xx_HAL_Driver\stm32f1xx_hal_tim.o